#
# There is insufficient memory for the Java Runtime Environment to continue.
# Native memory allocation (malloc) failed to allocate 1323536 bytes. Error detail: Chunk::new
# Possible reasons:
#   The system is out of physical RAM or swap space
#   This process is running with CompressedOops enabled, and the Java Heap may be blocking the growth of the native heap
# Possible solutions:
#   Reduce memory load on the system
#   Increase physical memory or swap space
#   Check if swap backing store is full
#   Decrease Java heap size (-Xmx/-Xms)
#   Decrease number of Java threads
#   Decrease Java thread stack sizes (-Xss)
#   Set larger code cache with -XX:ReservedCodeCacheSize=
#   JVM is running with Unscaled Compressed Oops mode in which the Java heap is
#     placed in the first 4GB address space. The Java Heap base address is the
#     maximum limit for the native heap growth. Please use -XX:HeapBaseMinAddress
#     to set the Java Heap base and to place the Java Heap above 4GB virtual address.
# This output file may be truncated or incomplete.
#
#  Out of Memory Error (arena.cpp:168), pid=65292, tid=70936
#
# JRE version: OpenJDK Runtime Environment Temurin-21.0.11+10 (21.0.11+10) (build 21.0.11+10-LTS)
# Java VM: OpenJDK 64-Bit Server VM Temurin-21.0.11+10 (21.0.11+10-LTS, mixed mode, sharing, tiered, compressed oops, compressed class ptrs, parallel gc, windows-amd64)
# No core dump will be written. Minidumps are not enabled by default on client versions of Windows
#

---------------  S U M M A R Y ------------

Command Line: --add-modules=ALL-SYSTEM --add-opens=java.base/java.util=ALL-UNNAMED --add-opens=java.base/java.lang=ALL-UNNAMED --add-opens=java.base/sun.nio.fs=ALL-UNNAMED -Declipse.application=org.eclipse.jdt.ls.core.id1 -Dosgi.bundles.defaultStartLevel=4 -Declipse.product=org.eclipse.jdt.ls.core.product -Djava.import.generatesMetadataFilesAtProjectRoot=false -DDetectVMInstallationsJob.disabled=true -Dfile.encoding=utf8 -XX:+UseParallelGC -XX:GCTimeRatio=4 -XX:AdaptiveSizePolicyWeight=90 -Dsun.zip.disableMemoryMapping=true -Xmx2G -Xms100m -Xlog:disable -javaagent:c:\Users\LENOVO\.vscode\extensions\redhat.java-1.55.0-win32-x64\lombok\lombok-1.18.39-4050.jar -XX:+HeapDumpOnOutOfMemoryError -XX:HeapDumpPath=c:\Users\LENOVO\AppData\Roaming\Code\User\workspaceStorage\713e1b5b576857fbcbb5dab56806a888\redhat.java -Daether.dependencyCollector.impl=bf c:\Users\LENOVO\.vscode\extensions\redhat.java-1.55.0-win32-x64\server\plugins\org.eclipse.equinox.launcher_1.7.200.v20260619-2039.jar -configuration c:\Users\LENOVO\AppData\Roaming\Code\User\globalStorage\redhat.java\1.55.0\config_win -data c:\Users\LENOVO\AppData\Roaming\Code\User\workspaceStorage\713e1b5b576857fbcbb5dab56806a888\redhat.java\jdt_ws --pipe=\\.\pipe\lsp-5b6bd7643cafbfaafa43fd9ee10aa7a9-sock

Host: AMD Ryzen 7 7730U with Radeon Graphics         , 16 cores, 13G,  Windows 11 , 64 bit Build 26100 (10.0.26100.8875)
Time: Fri Jul 31 14:47:52 2026 Sri Lanka Standard Time elapsed time: 22.486038 seconds (0d 0h 0m 22s)

---------------  T H R E A D  ---------------

Current thread (0x000001bb7f545210):  JavaThread "C2 CompilerThread1" daemon [_thread_in_native, id=70936, stack(0x0000002093300000,0x0000002093400000) (1024K)]


Current CompileTask:
C2:22486 8564       4       java.lang.invoke.MethodType::makeImpl (109 bytes)

Stack: [0x0000002093300000,0x0000002093400000]
Native frames: (J=compiled Java code, j=interpreted, Vv=VM code, C=native code)
V  [jvm.dll+0x6d7e19]
V  [jvm.dll+0x8b5096]
V  [jvm.dll+0x8b764e]
V  [jvm.dll+0x8b7d33]
V  [jvm.dll+0x284596]
V  [jvm.dll+0xc685d]
V  [jvm.dll+0xc6da1]
V  [jvm.dll+0x3bed6b]
V  [jvm.dll+0x1e4149]
V  [jvm.dll+0x24c853]
V  [jvm.dll+0x24bce0]
V  [jvm.dll+0x1cb4ae]
V  [jvm.dll+0x25baad]
V  [jvm.dll+0x25a03a]
V  [jvm.dll+0x3f868e]
V  [jvm.dll+0x85fb0d]
V  [jvm.dll+0x6d664d]
C  [ucrtbase.dll+0x2cd30]
C  [KERNEL32.DLL+0x2e957]
C  [ntdll.dll+0xaad6c]


---------------  P R O C E S S  ---------------

Threads class SMR info:
_java_thread_list=0x000001bb578740f0, length=56, elements={
0x000001bb73d00300, 0x000001bb7cd53f70, 0x000001bb7cd5ed30, 0x000001bb7cd632c0,
0x000001bb7cd65d30, 0x000001bb7cd680b0, 0x000001bb7cd6ce40, 0x000001bb7cd7cdd0,
0x000001bb7cd81400, 0x000001bb7d00eb20, 0x000001bb7e45a270, 0x000001bb7ef15a80,
0x000001bb7ce7cca0, 0x000001bb7eb08450, 0x000001bb7ecb67e0, 0x000001bb7e485950,
0x000001bb7f421d40, 0x000001bb7f546680, 0x000001bb7e7b0de0, 0x000001bb7f78ccf0,
0x000001bb7f78da10, 0x000001bb7f78e730, 0x000001bb7f78bfd0, 0x000001bb7f78d380,
0x000001bb7f78e0a0, 0x000001bb7f78edc0, 0x000001bb7f78f450, 0x000001bb7f78c660,
0x000001bb55fd8f30, 0x000001bb55fd95c0, 0x000001bb55fd9c50, 0x000001bb55fd7b80,
0x000001bb55fda2e0, 0x000001bb55fd8210, 0x000001bb55fd6e60, 0x000001bb55fd88a0,
0x000001bb55fda970, 0x000001bb55fd74f0, 0x000001bb55fdc3b0, 0x000001bb55fdca40,
0x000001bb55fdd760, 0x000001bb55fde480, 0x000001bb55fdb000, 0x000001bb55fdbd20,
0x000001bb548b3290, 0x000001bb548b2570, 0x000001bb548b2c00, 0x000001bb7f545210,
0x000001bb7f546d50, 0x000001bb7f5458e0, 0x000001bb548b3fb0, 0x000001bb548b4cd0,
0x000001bb548b5360, 0x000001bb548b1ee0, 0x000001bb548b6080, 0x000001bb548b6da0
}

Java Threads: ( => current thread )
  0x000001bb73d00300 JavaThread "main"                              [_thread_blocked, id=66916, stack(0x0000002090d00000,0x0000002090e00000) (1024K)]
  0x000001bb7cd53f70 JavaThread "Reference Handler"          daemon [_thread_blocked, id=68856, stack(0x0000002091100000,0x0000002091200000) (1024K)]
  0x000001bb7cd5ed30 JavaThread "Finalizer"                  daemon [_thread_blocked, id=70328, stack(0x0000002091200000,0x0000002091300000) (1024K)]
  0x000001bb7cd632c0 JavaThread "Signal Dispatcher"          daemon [_thread_blocked, id=63156, stack(0x0000002091300000,0x0000002091400000) (1024K)]
  0x000001bb7cd65d30 JavaThread "Attach Listener"            daemon [_thread_blocked, id=69480, stack(0x0000002091400000,0x0000002091500000) (1024K)]
  0x000001bb7cd680b0 JavaThread "Service Thread"             daemon [_thread_blocked, id=68068, stack(0x0000002091500000,0x0000002091600000) (1024K)]
  0x000001bb7cd6ce40 JavaThread "Monitor Deflation Thread"   daemon [_thread_blocked, id=66752, stack(0x0000002091600000,0x0000002091700000) (1024K)]
  0x000001bb7cd7cdd0 JavaThread "C2 CompilerThread0"         daemon [_thread_in_native, id=63472, stack(0x0000002091700000,0x0000002091800000) (1024K)]
  0x000001bb7cd81400 JavaThread "C1 CompilerThread0"         daemon [_thread_blocked, id=8624, stack(0x0000002091800000,0x0000002091900000) (1024K)]
  0x000001bb7d00eb20 JavaThread "Common-Cleaner"             daemon [_thread_blocked, id=68060, stack(0x0000002091c00000,0x0000002091d00000) (1024K)]
  0x000001bb7e45a270 JavaThread "Notification Thread"        daemon [_thread_blocked, id=3900, stack(0x0000002091e00000,0x0000002091f00000) (1024K)]
  0x000001bb7ef15a80 JavaThread "Active Thread: Equinox Container: 0eff2824-4b03-4650-a478-1ecc99f6fc93"        [_thread_blocked, id=70560, stack(0x0000002092700000,0x0000002092800000) (1024K)]
  0x000001bb7ce7cca0 JavaThread "Refresh Thread: Equinox Container: 0eff2824-4b03-4650-a478-1ecc99f6fc93" daemon [_thread_blocked, id=63568, stack(0x0000002091a00000,0x0000002091b00000) (1024K)]
  0x000001bb7eb08450 JavaThread "Framework Event Dispatcher: Equinox Container: 0eff2824-4b03-4650-a478-1ecc99f6fc93" daemon [_thread_blocked, id=16596, stack(0x0000002091b00000,0x0000002091c00000) (1024K)]
  0x000001bb7ecb67e0 JavaThread "Start Level: Equinox Container: 0eff2824-4b03-4650-a478-1ecc99f6fc93" daemon [_thread_blocked, id=53448, stack(0x0000002091d00000,0x0000002091e00000) (1024K)]
  0x000001bb7e485950 JavaThread "Bundle File Closer"         daemon [_thread_blocked, id=59832, stack(0x0000002092b00000,0x0000002092c00000) (1024K)]
  0x000001bb7f421d40 JavaThread "SCR Component Actor"        daemon [_thread_blocked, id=65668, stack(0x0000002091900000,0x0000002091a00000) (1024K)]
  0x000001bb7f546680 JavaThread "C1 CompilerThread1"         daemon [_thread_blocked, id=68520, stack(0x0000002092e00000,0x0000002092f00000) (1024K)]
  0x000001bb7e7b0de0 JavaThread "Worker-JM"                         [_thread_blocked, id=65724, stack(0x0000002092f00000,0x0000002093000000) (1024K)]
  0x000001bb7f78ccf0 JavaThread "JNA Cleaner"                daemon [_thread_blocked, id=27116, stack(0x0000002092a00000,0x0000002092b00000) (1024K)]
  0x000001bb7f78da10 JavaThread "Worker-0: Initialize Workspace"        [_thread_blocked, id=12880, stack(0x0000002092c00000,0x0000002092d00000) (1024K)]
  0x000001bb7f78e730 JavaThread "Worker-1: Send Classpath Notifications"        [_thread_in_Java, id=59184, stack(0x0000002092d00000,0x0000002092e00000) (1024K)]
  0x000001bb7f78bfd0 JavaThread "Java indexing"              daemon [_thread_blocked, id=68800, stack(0x0000002093600000,0x0000002093700000) (1024K)]
  0x000001bb7f78d380 JavaThread "Worker-2: Initialize workspace"        [_thread_blocked, id=69876, stack(0x0000002093b00000,0x0000002093c00000) (1024K)]
  0x000001bb7f78e0a0 JavaThread "Worker-3: Update Maven project configuration"        [_thread_in_native, id=64840, stack(0x0000002093c00000,0x0000002093d00000) (1024K)]
  0x000001bb7f78edc0 JavaThread "Thread-1"                   daemon [_thread_in_native, id=65384, stack(0x0000002093d00000,0x0000002093e00000) (1024K)]
  0x000001bb7f78f450 JavaThread "Thread-2"                   daemon [_thread_in_native, id=66284, stack(0x0000002093e00000,0x0000002093f00000) (1024K)]
  0x000001bb7f78c660 JavaThread "Thread-3"                   daemon [_thread_in_native, id=26376, stack(0x0000002093f00000,0x0000002094000000) (1024K)]
  0x000001bb55fd8f30 JavaThread "Thread-4"                   daemon [_thread_in_native, id=53788, stack(0x0000002094000000,0x0000002094100000) (1024K)]
  0x000001bb55fd95c0 JavaThread "Thread-5"                   daemon [_thread_in_native, id=66840, stack(0x0000002094100000,0x0000002094200000) (1024K)]
  0x000001bb55fd9c50 JavaThread "Thread-6"                   daemon [_thread_in_native, id=13604, stack(0x0000002094200000,0x0000002094300000) (1024K)]
  0x000001bb55fd7b80 JavaThread "Thread-7"                   daemon [_thread_in_native, id=64252, stack(0x0000002094300000,0x0000002094400000) (1024K)]
  0x000001bb55fda2e0 JavaThread "Thread-8"                   daemon [_thread_in_native, id=68176, stack(0x0000002094400000,0x0000002094500000) (1024K)]
  0x000001bb55fd8210 JavaThread "Thread-9"                   daemon [_thread_in_native, id=20852, stack(0x0000002094500000,0x0000002094600000) (1024K)]
  0x000001bb55fd6e60 JavaThread "Thread-10"                  daemon [_thread_in_native, id=67624, stack(0x0000002094600000,0x0000002094700000) (1024K)]
  0x000001bb55fd88a0 JavaThread "Thread-11"                  daemon [_thread_in_native, id=68884, stack(0x0000002094700000,0x0000002094800000) (1024K)]
  0x000001bb55fda970 JavaThread "Thread-12"                  daemon [_thread_in_native, id=53336, stack(0x0000002094800000,0x0000002094900000) (1024K)]
  0x000001bb55fd74f0 JavaThread "Thread-13"                  daemon [_thread_in_native, id=44332, stack(0x0000002094900000,0x0000002094a00000) (1024K)]
  0x000001bb55fdc3b0 JavaThread "Thread-14"                  daemon [_thread_in_native, id=64644, stack(0x0000002094a00000,0x0000002094b00000) (1024K)]
  0x000001bb55fdca40 JavaThread "Thread-15"                  daemon [_thread_in_native, id=71052, stack(0x0000002094b00000,0x0000002094c00000) (1024K)]
  0x000001bb55fdd760 JavaThread "Thread-16"                  daemon [_thread_in_native, id=56812, stack(0x0000002094c00000,0x0000002094d00000) (1024K)]
  0x000001bb55fde480 JavaThread "Thread-17"                  daemon [_thread_in_native, id=20076, stack(0x0000002094d00000,0x0000002094e00000) (1024K)]
  0x000001bb55fdb000 JavaThread "pool-2-thread-1"                   [_thread_blocked, id=69564, stack(0x0000002094e00000,0x0000002094f00000) (1024K)]
  0x000001bb55fdbd20 JavaThread "Worker-4: Refreshing workspace"        [_thread_blocked, id=69252, stack(0x0000002094f00000,0x0000002095000000) (1024K)]
  0x000001bb548b3290 JavaThread "WorkspaceEventsHandler"            [_thread_blocked, id=52560, stack(0x0000002095200000,0x0000002095300000) (1024K)]
  0x000001bb548b2570 JavaThread "pool-1-thread-1"                   [_thread_blocked, id=66776, stack(0x0000002095300000,0x0000002095400000) (1024K)]
  0x000001bb548b2c00 JavaThread "Keep-Alive-Timer"           daemon [_thread_blocked, id=65548, stack(0x0000002093200000,0x0000002093300000) (1024K)]
=>0x000001bb7f545210 JavaThread "C2 CompilerThread1"         daemon [_thread_in_native, id=70936, stack(0x0000002093300000,0x0000002093400000) (1024K)]
  0x000001bb7f546d50 JavaThread "C2 CompilerThread2"         daemon [_thread_in_native, id=63272, stack(0x0000002093400000,0x0000002093500000) (1024K)]
  0x000001bb7f5458e0 JavaThread "C1 CompilerThread2"         daemon [_thread_in_native, id=66268, stack(0x0000002093500000,0x0000002093600000) (1024K)]
  0x000001bb548b3fb0 JavaThread "ForkJoinPool.commonPool-worker-1" daemon [_thread_blocked, id=54268, stack(0x0000002093700000,0x0000002093800000) (1024K)]
  0x000001bb548b4cd0 JavaThread "ForkJoinPool.commonPool-worker-2" daemon [_thread_blocked, id=68424, stack(0x0000002095400000,0x0000002095500000) (1024K)]
  0x000001bb548b5360 JavaThread "ForkJoinPool.commonPool-worker-3" daemon [_thread_blocked, id=11348, stack(0x0000002095500000,0x0000002095600000) (1024K)]
  0x000001bb548b1ee0 JavaThread "Worker-5"                          [_thread_blocked, id=64708, stack(0x0000002095600000,0x0000002095700000) (1024K)]
  0x000001bb548b6080 JavaThread "Worker-6"                          [_thread_blocked, id=62524, stack(0x0000002095700000,0x0000002095800000) (1024K)]
  0x000001bb548b6da0 JavaThread "Worker-7"                          [_thread_blocked, id=71412, stack(0x0000002095800000,0x0000002095900000) (1024K)]
Total: 56

Other Threads:
  0x000001bb7b794880 VMThread "VM Thread"                           [id=39648, stack(0x0000002091000000,0x0000002091100000) (1024K)]
  0x000001bb7b68ca10 WatcherThread "VM Periodic Task Thread"        [id=65472, stack(0x0000002090f00000,0x0000002091000000) (1024K)]
  0x000001bb73d1fce0 WorkerThread "GC Thread#0"                     [id=66592, stack(0x0000002090e00000,0x0000002090f00000) (1024K)]
  0x000001bb7e749af0 WorkerThread "GC Thread#1"                     [id=66984, stack(0x0000002092000000,0x0000002092100000) (1024K)]
  0x000001bb7e9f9db0 WorkerThread "GC Thread#2"                     [id=720, stack(0x0000002092100000,0x0000002092200000) (1024K)]
  0x000001bb7eb1f4a0 WorkerThread "GC Thread#3"                     [id=65840, stack(0x0000002092200000,0x0000002092300000) (1024K)]
  0x000001bb7eb1f850 WorkerThread "GC Thread#4"                     [id=6336, stack(0x0000002092300000,0x0000002092400000) (1024K)]
  0x000001bb7eb1fc00 WorkerThread "GC Thread#5"                     [id=20752, stack(0x0000002092400000,0x0000002092500000) (1024K)]
  0x000001bb7e74e7b0 WorkerThread "GC Thread#6"                     [id=66820, stack(0x0000002092500000,0x0000002092600000) (1024K)]
  0x000001bb7ecce960 WorkerThread "GC Thread#7"                     [id=57276, stack(0x0000002092800000,0x0000002092900000) (1024K)]
  0x000001bb7ce79970 WorkerThread "GC Thread#8"                     [id=66768, stack(0x0000002091f00000,0x0000002092000000) (1024K)]
  0x000001bb7eba2ad0 WorkerThread "GC Thread#9"                     [id=62580, stack(0x0000002092600000,0x0000002092700000) (1024K)]
  0x000001bb7eba3290 WorkerThread "GC Thread#10"                    [id=63904, stack(0x0000002092900000,0x0000002092a00000) (1024K)]
  0x000001bb7f019830 WorkerThread "GC Thread#11"                    [id=30980, stack(0x0000002093000000,0x0000002093100000) (1024K)]
  0x000001bb7ce5a670 WorkerThread "GC Thread#12"                    [id=68980, stack(0x0000002093100000,0x0000002093200000) (1024K)]
Total: 15

Threads with active compile tasks:
C2 CompilerThread0  22536 8813   !   4       java.nio.file.FileTreeWalker::next (144 bytes)
C2 CompilerThread1  22536 8564       4       java.lang.invoke.MethodType::makeImpl (109 bytes)
C2 CompilerThread2  22536 8819   !   4       java.nio.file.FileTreeWalker::visit (204 bytes)
Total: 3

VM state: not at safepoint (normal execution)

VM Mutex/Monitor currently owned by a thread: None

Heap address: 0x0000000080000000, size: 2048 MB, Compressed Oops mode: 32-bit

CDS archive(s) mapped at: [0x000001bb0f000000-0x000001bb0fba0000-0x000001bb0fba0000), size 12189696, SharedBaseAddress: 0x000001bb0f000000, ArchiveRelocationMode: 1.
Compressed class space mapped at: 0x000001bb10000000-0x000001bb50000000, reserved size: 1073741824
Narrow klass base: 0x000001bb0f000000, Narrow klass shift: 0, Narrow klass range: 0x100000000

GC Precious Log:
 CardTable entry size: 512
 CPUs: 16 total, 16 available
 Memory: 14173M
 Large Page Support: Disabled
 NUMA Support: Disabled
 Compressed Oops: Enabled (32-bit)
 Alignments: Space 512K, Generation 512K, Heap 2M
 Heap Min Capacity: 100M
 Heap Initial Capacity: 100M
 Heap Max Capacity: 2G
 Pre-touch: Disabled
 Parallel Workers: 13

Heap:
 PSYoungGen      total 19968K, used 9739K [0x00000000d5580000, 0x00000000d7100000, 0x0000000100000000)
  eden space 17920K, 43% used [0x00000000d5580000,0x00000000d5d0ad10,0x00000000d6700000)
  from space 2048K, 98% used [0x00000000d6b00000,0x00000000d6cf8010,0x00000000d6d00000)
  to   space 4096K, 0% used [0x00000000d6700000,0x00000000d6700000,0x00000000d6b00000)
 ParOldGen       total 68608K, used 46778K [0x0000000080000000, 0x0000000084300000, 0x00000000d5580000)
  object space 68608K, 68% used [0x0000000080000000,0x0000000082dae8f8,0x0000000084300000)
 Metaspace       used 56439K, committed 57792K, reserved 1114112K
  class space    used 6122K, committed 6720K, reserved 1048576K

Card table byte_map: [0x000001bb736a0000,0x000001bb73ab0000] _byte_map_base: 0x000001bb732a0000

Marking Bits: (ParMarkBitMap*) 0x00007ffa34fc4460
 Begin Bits: [0x000001bb771b0000, 0x000001bb791b0000)
 End Bits:   [0x000001bb791b0000, 0x000001bb7b1b0000)

Polling page: 0x000001bb71bb0000

Metaspace:

Usage:
  Non-class:     49.14 MB used.
      Class:      5.98 MB used.
       Both:     55.12 MB used.

Virtual space:
  Non-class space:       64.00 MB reserved,      49.88 MB ( 78%) committed,  1 nodes.
      Class space:        1.00 GB reserved,       6.56 MB ( <1%) committed,  1 nodes.
             Both:        1.06 GB reserved,      56.44 MB (  5%) committed. 

Chunk freelists:
   Non-Class:  13.75 MB
       Class:  9.27 MB
        Both:  23.02 MB

MaxMetaspaceSize: unlimited
CompressedClassSpaceSize: 1.00 GB
Initial GC threshold: 21.00 MB
Current GC threshold: 58.88 MB
CDS: on
 - commit_granule_bytes: 65536.
 - commit_granule_words: 8192.
 - virtual_space_node_default_size: 8388608.
 - enlarge_chunks_in_place: 1.
 - use_allocation_guard: 0.


Internal statistics:

num_allocs_failed_limit: 10.
num_arena_births: 1054.
num_arena_deaths: 14.
num_vsnodes_births: 2.
num_vsnodes_deaths: 0.
num_space_committed: 903.
num_space_uncommitted: 0.
num_chunks_returned_to_freelist: 24.
num_chunks_taken_from_freelist: 3517.
num_chunk_merges: 13.
num_chunk_splits: 2138.
num_chunks_enlarged: 1160.
num_inconsistent_stats: 0.

CodeHeap 'non-profiled nmethods': size=119168Kb used=4761Kb max_used=4761Kb free=114406Kb
 bounds [0x000001bb07ba0000, 0x000001bb08050000, 0x000001bb0f000000]
CodeHeap 'profiled nmethods': size=119104Kb used=18185Kb max_used=18185Kb free=100918Kb
 bounds [0x000001bb00000000, 0x000001bb011d0000, 0x000001bb07450000]
CodeHeap 'non-nmethods': size=7488Kb used=2549Kb max_used=3169Kb free=4938Kb
 bounds [0x000001bb07450000, 0x000001bb077c0000, 0x000001bb07ba0000]
CodeCache: size=245760Kb, used=25495Kb, max_used=26115Kb, free=220262Kb
 total_blobs=9060, nmethods=8328, adapters=636, full_count=0
Compilation: enabled, stopped_count=0, restarted_count=0

Compilation events (20 events):
Event: 21.348 Thread 0x000001bb7f546680 8901       3       org.eclipse.core.internal.resources.Resource::equals (69 bytes)
Event: 21.349 Thread 0x000001bb7f546680 nmethod 8901 0x000001bb0119e390 code [0x000001bb0119e5a0, 0x000001bb0119eda8]
Event: 21.354 Thread 0x000001bb7cd81400 8902   !   3       java.util.concurrent.ConcurrentHashMap::replaceNode (437 bytes)
Event: 21.356 Thread 0x000001bb7f5458e0 8903       3       java.util.regex.Pattern::compile (10 bytes)
Event: 21.356 Thread 0x000001bb7f5458e0 nmethod 8903 0x000001bb0119ef90 code [0x000001bb0119f140, 0x000001bb0119f2d8]
Event: 21.357 Thread 0x000001bb7cd81400 nmethod 8902 0x000001bb0119f390 code [0x000001bb0119f700, 0x000001bb011a0dd8]
Event: 21.358 Thread 0x000001bb7f5458e0 8904       3       sun.security.provider.HashDrbg::addBytes (130 bytes)
Event: 21.360 Thread 0x000001bb7f5458e0 nmethod 8904 0x000001bb011a1a90 code [0x000001bb011a1c60, 0x000001bb011a1fe8]
Event: 21.367 Thread 0x000001bb7f5458e0 8905       3       java.util.ArrayList$SubList::get (27 bytes)
Event: 21.368 Thread 0x000001bb7f5458e0 nmethod 8905 0x000001bb011a2210 code [0x000001bb011a23e0, 0x000001bb011a2828]
Event: 21.376 Thread 0x000001bb7f5458e0 8906       3       java.util.regex.Pattern::escape (1306 bytes)
Event: 21.380 Thread 0x000001bb7cd81400 8907       3       org.apache.maven.model.Plugin::getKey (12 bytes)
Event: 21.380 Thread 0x000001bb7f546680 8908       3       org.apache.maven.model.Plugin::constructKey (24 bytes)
Event: 21.381 Thread 0x000001bb7f546680 nmethod 8908 0x000001bb011a2a90 code [0x000001bb011a2cc0, 0x000001bb011a3210]
Event: 21.381 Thread 0x000001bb7cd81400 nmethod 8907 0x000001bb011a3490 code [0x000001bb011a36c0, 0x000001bb011a3cb0]
Event: 21.382 Thread 0x000001bb7f546680 8909       1       org.apache.maven.model.building.DefaultModelBuildingRequest::getValidationLevel (5 bytes)
Event: 21.382 Thread 0x000001bb7f546680 nmethod 8909 0x000001bb08045910 code [0x000001bb08045aa0, 0x000001bb08045b68]
Event: 21.388 Thread 0x000001bb7f5458e0 nmethod 8906 0x000001bb011a3f10 code [0x000001bb011a49e0, 0x000001bb011aae08]
Event: 21.420 Thread 0x000001bb7f546680 8915       1       org.eclipse.jdt.internal.compiler.impl.CompilerOptions::getFirstSupportedJdkLevel (4 bytes)
Event: 21.420 Thread 0x000001bb7f546680 nmethod 8915 0x000001bb08045c10 code [0x000001bb08045da0, 0x000001bb08045e50]

GC Heap History (20 events):
Event: 17.956 GC heap after
{Heap after GC invocations=30 (full 2):
 PSYoungGen      total 20480K, used 64K [0x00000000d5580000, 0x00000000d6c00000, 0x0000000100000000)
  eden space 19968K, 0% used [0x00000000d5580000,0x00000000d5580000,0x00000000d6900000)
  from space 512K, 12% used [0x00000000d6b80000,0x00000000d6b90000,0x00000000d6c00000)
  to   space 512K, 0% used [0x00000000d6b00000,0x00000000d6b00000,0x00000000d6b80000)
 ParOldGen       total 68608K, used 41486K [0x0000000080000000, 0x0000000084300000, 0x00000000d5580000)
  object space 68608K, 60% used [0x0000000080000000,0x00000000828838c8,0x0000000084300000)
 Metaspace       used 53272K, committed 54592K, reserved 1114112K
  class space    used 5786K, committed 6336K, reserved 1048576K
}
Event: 18.101 GC heap before
{Heap before GC invocations=31 (full 2):
 PSYoungGen      total 20480K, used 20032K [0x00000000d5580000, 0x00000000d6c00000, 0x0000000100000000)
  eden space 19968K, 100% used [0x00000000d5580000,0x00000000d6900000,0x00000000d6900000)
  from space 512K, 12% used [0x00000000d6b80000,0x00000000d6b90000,0x00000000d6c00000)
  to   space 512K, 0% used [0x00000000d6b00000,0x00000000d6b00000,0x00000000d6b80000)
 ParOldGen       total 68608K, used 41486K [0x0000000080000000, 0x0000000084300000, 0x00000000d5580000)
  object space 68608K, 60% used [0x0000000080000000,0x00000000828838c8,0x0000000084300000)
 Metaspace       used 53272K, committed 54592K, reserved 1114112K
  class space    used 5786K, committed 6336K, reserved 1048576K
}
Event: 18.102 GC heap after
{Heap after GC invocations=31 (full 2):
 PSYoungGen      total 20480K, used 192K [0x00000000d5580000, 0x00000000d6c00000, 0x0000000100000000)
  eden space 19968K, 0% used [0x00000000d5580000,0x00000000d5580000,0x00000000d6900000)
  from space 512K, 37% used [0x00000000d6b00000,0x00000000d6b30000,0x00000000d6b80000)
  to   space 512K, 0% used [0x00000000d6b80000,0x00000000d6b80000,0x00000000d6c00000)
 ParOldGen       total 68608K, used 41486K [0x0000000080000000, 0x0000000084300000, 0x00000000d5580000)
  object space 68608K, 60% used [0x0000000080000000,0x00000000828838c8,0x0000000084300000)
 Metaspace       used 53272K, committed 54592K, reserved 1114112K
  class space    used 5786K, committed 6336K, reserved 1048576K
}
Event: 18.249 GC heap before
{Heap before GC invocations=32 (full 2):
 PSYoungGen      total 20480K, used 20160K [0x00000000d5580000, 0x00000000d6c00000, 0x0000000100000000)
  eden space 19968K, 100% used [0x00000000d5580000,0x00000000d6900000,0x00000000d6900000)
  from space 512K, 37% used [0x00000000d6b00000,0x00000000d6b30000,0x00000000d6b80000)
  to   space 512K, 0% used [0x00000000d6b80000,0x00000000d6b80000,0x00000000d6c00000)
 ParOldGen       total 68608K, used 41486K [0x0000000080000000, 0x0000000084300000, 0x00000000d5580000)
  object space 68608K, 60% used [0x0000000080000000,0x00000000828838c8,0x0000000084300000)
 Metaspace       used 53272K, committed 54592K, reserved 1114112K
  class space    used 5786K, committed 6336K, reserved 1048576K
}
Event: 18.250 GC heap after
{Heap after GC invocations=32 (full 2):
 PSYoungGen      total 20480K, used 128K [0x00000000d5580000, 0x00000000d6c00000, 0x0000000100000000)
  eden space 19968K, 0% used [0x00000000d5580000,0x00000000d5580000,0x00000000d6900000)
  from space 512K, 25% used [0x00000000d6b80000,0x00000000d6ba0000,0x00000000d6c00000)
  to   space 512K, 0% used [0x00000000d6b00000,0x00000000d6b00000,0x00000000d6b80000)
 ParOldGen       total 68608K, used 41534K [0x0000000080000000, 0x0000000084300000, 0x00000000d5580000)
  object space 68608K, 60% used [0x0000000080000000,0x000000008288f8c8,0x0000000084300000)
 Metaspace       used 53272K, committed 54592K, reserved 1114112K
  class space    used 5786K, committed 6336K, reserved 1048576K
}
Event: 18.622 GC heap before
{Heap before GC invocations=33 (full 2):
 PSYoungGen      total 20480K, used 20096K [0x00000000d5580000, 0x00000000d6c00000, 0x0000000100000000)
  eden space 19968K, 100% used [0x00000000d5580000,0x00000000d6900000,0x00000000d6900000)
  from space 512K, 25% used [0x00000000d6b80000,0x00000000d6ba0000,0x00000000d6c00000)
  to   space 512K, 0% used [0x00000000d6b00000,0x00000000d6b00000,0x00000000d6b80000)
 ParOldGen       total 68608K, used 41534K [0x0000000080000000, 0x0000000084300000, 0x00000000d5580000)
  object space 68608K, 60% used [0x0000000080000000,0x000000008288f8c8,0x0000000084300000)
 Metaspace       used 53429K, committed 54720K, reserved 1114112K
  class space    used 5808K, committed 6336K, reserved 1048576K
}
Event: 18.624 GC heap after
{Heap after GC invocations=33 (full 2):
 PSYoungGen      total 20480K, used 512K [0x00000000d5580000, 0x00000000d6d00000, 0x0000000100000000)
  eden space 19968K, 0% used [0x00000000d5580000,0x00000000d5580000,0x00000000d6900000)
  from space 512K, 100% used [0x00000000d6b00000,0x00000000d6b80000,0x00000000d6b80000)
  to   space 1536K, 0% used [0x00000000d6b80000,0x00000000d6b80000,0x00000000d6d00000)
 ParOldGen       total 68608K, used 42566K [0x0000000080000000, 0x0000000084300000, 0x00000000d5580000)
  object space 68608K, 62% used [0x0000000080000000,0x00000000829918c8,0x0000000084300000)
 Metaspace       used 53429K, committed 54720K, reserved 1114112K
  class space    used 5808K, committed 6336K, reserved 1048576K
}
Event: 19.094 GC heap before
{Heap before GC invocations=34 (full 2):
 PSYoungGen      total 20480K, used 20480K [0x00000000d5580000, 0x00000000d6d00000, 0x0000000100000000)
  eden space 19968K, 100% used [0x00000000d5580000,0x00000000d6900000,0x00000000d6900000)
  from space 512K, 100% used [0x00000000d6b00000,0x00000000d6b80000,0x00000000d6b80000)
  to   space 1536K, 0% used [0x00000000d6b80000,0x00000000d6b80000,0x00000000d6d00000)
 ParOldGen       total 68608K, used 42566K [0x0000000080000000, 0x0000000084300000, 0x00000000d5580000)
  object space 68608K, 62% used [0x0000000080000000,0x00000000829918c8,0x0000000084300000)
 Metaspace       used 53754K, committed 55104K, reserved 1114112K
  class space    used 5844K, committed 6464K, reserved 1048576K
}
Event: 19.095 GC heap after
{Heap after GC invocations=34 (full 2):
 PSYoungGen      total 20480K, used 480K [0x00000000d5580000, 0x00000000d6c00000, 0x0000000100000000)
  eden space 19968K, 0% used [0x00000000d5580000,0x00000000d5580000,0x00000000d6900000)
  from space 512K, 93% used [0x00000000d6b80000,0x00000000d6bf8000,0x00000000d6c00000)
  to   space 1024K, 0% used [0x00000000d6a00000,0x00000000d6a00000,0x00000000d6b00000)
 ParOldGen       total 68608K, used 43142K [0x0000000080000000, 0x0000000084300000, 0x00000000d5580000)
  object space 68608K, 62% used [0x0000000080000000,0x0000000082a218c8,0x0000000084300000)
 Metaspace       used 53754K, committed 55104K, reserved 1114112K
  class space    used 5844K, committed 6464K, reserved 1048576K
}
Event: 19.288 GC heap before
{Heap before GC invocations=35 (full 2):
 PSYoungGen      total 20480K, used 20448K [0x00000000d5580000, 0x00000000d6c00000, 0x0000000100000000)
  eden space 19968K, 100% used [0x00000000d5580000,0x00000000d6900000,0x00000000d6900000)
  from space 512K, 93% used [0x00000000d6b80000,0x00000000d6bf8000,0x00000000d6c00000)
  to   space 1024K, 0% used [0x00000000d6a00000,0x00000000d6a00000,0x00000000d6b00000)
 ParOldGen       total 68608K, used 43142K [0x0000000080000000, 0x0000000084300000, 0x00000000d5580000)
  object space 68608K, 62% used [0x0000000080000000,0x0000000082a218c8,0x0000000084300000)
 Metaspace       used 53755K, committed 55104K, reserved 1114112K
  class space    used 5844K, committed 6464K, reserved 1048576K
}
Event: 19.289 GC heap after
{Heap after GC invocations=35 (full 2):
 PSYoungGen      total 20992K, used 192K [0x00000000d5580000, 0x00000000d6c00000, 0x0000000100000000)
  eden space 19968K, 0% used [0x00000000d5580000,0x00000000d5580000,0x00000000d6900000)
  from space 1024K, 18% used [0x00000000d6a00000,0x00000000d6a30000,0x00000000d6b00000)
  to   space 512K, 0% used [0x00000000d6b80000,0x00000000d6b80000,0x00000000d6c00000)
 ParOldGen       total 68608K, used 43370K [0x0000000080000000, 0x0000000084300000, 0x00000000d5580000)
  object space 68608K, 63% used [0x0000000080000000,0x0000000082a5a8d8,0x0000000084300000)
 Metaspace       used 53755K, committed 55104K, reserved 1114112K
  class space    used 5844K, committed 6464K, reserved 1048576K
}
Event: 19.445 GC heap before
{Heap before GC invocations=36 (full 2):
 PSYoungGen      total 20992K, used 20160K [0x00000000d5580000, 0x00000000d6c00000, 0x0000000100000000)
  eden space 19968K, 100% used [0x00000000d5580000,0x00000000d6900000,0x00000000d6900000)
  from space 1024K, 18% used [0x00000000d6a00000,0x00000000d6a30000,0x00000000d6b00000)
  to   space 512K, 0% used [0x00000000d6b80000,0x00000000d6b80000,0x00000000d6c00000)
 ParOldGen       total 68608K, used 43370K [0x0000000080000000, 0x0000000084300000, 0x00000000d5580000)
  object space 68608K, 63% used [0x0000000080000000,0x0000000082a5a8d8,0x0000000084300000)
 Metaspace       used 53755K, committed 55104K, reserved 1114112K
  class space    used 5844K, committed 6464K, reserved 1048576K
}
Event: 19.447 GC heap after
{Heap after GC invocations=36 (full 2):
 PSYoungGen      total 20480K, used 192K [0x00000000d5580000, 0x00000000d6c00000, 0x0000000100000000)
  eden space 19968K, 0% used [0x00000000d5580000,0x00000000d5580000,0x00000000d6900000)
  from space 512K, 37% used [0x00000000d6b80000,0x00000000d6bb0000,0x00000000d6c00000)
  to   space 512K, 0% used [0x00000000d6b00000,0x00000000d6b00000,0x00000000d6b80000)
 ParOldGen       total 68608K, used 43450K [0x0000000080000000, 0x0000000084300000, 0x00000000d5580000)
  object space 68608K, 63% used [0x0000000080000000,0x0000000082a6e8d8,0x0000000084300000)
 Metaspace       used 53755K, committed 55104K, reserved 1114112K
  class space    used 5844K, committed 6464K, reserved 1048576K
}
Event: 19.611 GC heap before
{Heap before GC invocations=37 (full 2):
 PSYoungGen      total 20480K, used 20160K [0x00000000d5580000, 0x00000000d6c00000, 0x0000000100000000)
  eden space 19968K, 100% used [0x00000000d5580000,0x00000000d6900000,0x00000000d6900000)
  from space 512K, 37% used [0x00000000d6b80000,0x00000000d6bb0000,0x00000000d6c00000)
  to   space 512K, 0% used [0x00000000d6b00000,0x00000000d6b00000,0x00000000d6b80000)
 ParOldGen       total 68608K, used 43450K [0x0000000080000000, 0x0000000084300000, 0x00000000d5580000)
  object space 68608K, 63% used [0x0000000080000000,0x0000000082a6e8d8,0x0000000084300000)
 Metaspace       used 53756K, committed 55104K, reserved 1114112K
  class space    used 5844K, committed 6464K, reserved 1048576K
}
Event: 19.612 GC heap after
{Heap after GC invocations=37 (full 2):
 PSYoungGen      total 20480K, used 128K [0x00000000d5580000, 0x00000000d6c00000, 0x0000000100000000)
  eden space 19968K, 0% used [0x00000000d5580000,0x00000000d5580000,0x00000000d6900000)
  from space 512K, 25% used [0x00000000d6b00000,0x00000000d6b20000,0x00000000d6b80000)
  to   space 512K, 0% used [0x00000000d6b80000,0x00000000d6b80000,0x00000000d6c00000)
 ParOldGen       total 68608K, used 43482K [0x0000000080000000, 0x0000000084300000, 0x00000000d5580000)
  object space 68608K, 63% used [0x0000000080000000,0x0000000082a768d8,0x0000000084300000)
 Metaspace       used 53756K, committed 55104K, reserved 1114112K
  class space    used 5844K, committed 6464K, reserved 1048576K
}
Event: 19.976 GC heap before
{Heap before GC invocations=38 (full 2):
 PSYoungGen      total 20480K, used 20087K [0x00000000d5580000, 0x00000000d6c00000, 0x0000000100000000)
  eden space 19968K, 99% used [0x00000000d5580000,0x00000000d68fdea0,0x00000000d6900000)
  from space 512K, 25% used [0x00000000d6b00000,0x00000000d6b20000,0x00000000d6b80000)
  to   space 512K, 0% used [0x00000000d6b80000,0x00000000d6b80000,0x00000000d6c00000)
 ParOldGen       total 68608K, used 43517K [0x0000000080000000, 0x0000000084300000, 0x00000000d5580000)
  object space 68608K, 63% used [0x0000000080000000,0x0000000082a7f660,0x0000000084300000)
 Metaspace       used 55118K, committed 56576K, reserved 1114112K
  class space    used 6006K, committed 6656K, reserved 1048576K
}
Event: 19.979 GC heap after
{Heap after GC invocations=38 (full 2):
 PSYoungGen      total 20480K, used 504K [0x00000000d5580000, 0x00000000d6d00000, 0x0000000100000000)
  eden space 19968K, 0% used [0x00000000d5580000,0x00000000d5580000,0x00000000d6900000)
  from space 512K, 98% used [0x00000000d6b80000,0x00000000d6bfe1b8,0x00000000d6c00000)
  to   space 2048K, 0% used [0x00000000d6900000,0x00000000d6900000,0x00000000d6b00000)
 ParOldGen       total 68608K, used 44663K [0x0000000080000000, 0x0000000084300000, 0x00000000d5580000)
  object space 68608K, 65% used [0x0000000080000000,0x0000000082b9df18,0x0000000084300000)
 Metaspace       used 55118K, committed 56576K, reserved 1114112K
  class space    used 6006K, committed 6656K, reserved 1048576K
}
Event: 21.309 GC heap before
{Heap before GC invocations=39 (full 2):
 PSYoungGen      total 20480K, used 20472K [0x00000000d5580000, 0x00000000d6d00000, 0x0000000100000000)
  eden space 19968K, 100% used [0x00000000d5580000,0x00000000d6900000,0x00000000d6900000)
  from space 512K, 98% used [0x00000000d6b80000,0x00000000d6bfe1b8,0x00000000d6c00000)
  to   space 2048K, 0% used [0x00000000d6900000,0x00000000d6900000,0x00000000d6b00000)
 ParOldGen       total 68608K, used 44665K [0x0000000080000000, 0x0000000084300000, 0x00000000d5580000)
  object space 68608K, 65% used [0x0000000080000000,0x0000000082b9e778,0x0000000084300000)
 Metaspace       used 56321K, committed 57728K, reserved 1114112K
  class space    used 6110K, committed 6720K, reserved 1048576K
}
Event: 21.316 GC heap after
{Heap after GC invocations=39 (full 2):
 PSYoungGen      total 22016K, used 1872K [0x00000000d5580000, 0x00000000d6d00000, 0x0000000100000000)
  eden space 19968K, 0% used [0x00000000d5580000,0x00000000d5580000,0x00000000d6900000)
  from space 2048K, 91% used [0x00000000d6900000,0x00000000d6ad4040,0x00000000d6b00000)
  to   space 2048K, 0% used [0x00000000d6b00000,0x00000000d6b00000,0x00000000d6d00000)
 ParOldGen       total 68608K, used 45147K [0x0000000080000000, 0x0000000084300000, 0x00000000d5580000)
  object space 68608K, 65% used [0x0000000080000000,0x0000000082c16fa0,0x0000000084300000)
 Metaspace       used 56321K, committed 57728K, reserved 1114112K
  class space    used 6110K, committed 6720K, reserved 1048576K
}
Event: 21.440 GC heap before
{Heap before GC invocations=40 (full 2):
 PSYoungGen      total 22016K, used 21840K [0x00000000d5580000, 0x00000000d6d00000, 0x0000000100000000)
  eden space 19968K, 100% used [0x00000000d5580000,0x00000000d6900000,0x00000000d6900000)
  from space 2048K, 91% used [0x00000000d6900000,0x00000000d6ad4040,0x00000000d6b00000)
  to   space 2048K, 0% used [0x00000000d6b00000,0x00000000d6b00000,0x00000000d6d00000)
 ParOldGen       total 68608K, used 45147K [0x0000000080000000, 0x0000000084300000, 0x00000000d5580000)
  object space 68608K, 65% used [0x0000000080000000,0x0000000082c16fa0,0x0000000084300000)
 Metaspace       used 56387K, committed 57728K, reserved 1114112K
  class space    used 6118K, committed 6720K, reserved 1048576K
}

Dll operation events (12 events):
Event: 0.016 Loaded shared library c:\Users\LENOVO\.vscode\extensions\redhat.java-1.55.0-win32-x64\jre\21.0.11-win32-x86_64\bin\java.dll
Event: 0.154 Loaded shared library c:\Users\LENOVO\.vscode\extensions\redhat.java-1.55.0-win32-x64\jre\21.0.11-win32-x86_64\bin\zip.dll
Event: 0.179 Loaded shared library C:\Users\LENOVO\.vscode\extensions\redhat.java-1.55.0-win32-x64\jre\21.0.11-win32-x86_64\bin\instrument.dll
Event: 0.185 Loaded shared library C:\Users\LENOVO\.vscode\extensions\redhat.java-1.55.0-win32-x64\jre\21.0.11-win32-x86_64\bin\net.dll
Event: 0.188 Loaded shared library C:\Users\LENOVO\.vscode\extensions\redhat.java-1.55.0-win32-x64\jre\21.0.11-win32-x86_64\bin\nio.dll
Event: 0.192 Loaded shared library C:\Users\LENOVO\.vscode\extensions\redhat.java-1.55.0-win32-x64\jre\21.0.11-win32-x86_64\bin\zip.dll
Event: 0.213 Loaded shared library C:\Users\LENOVO\.vscode\extensions\redhat.java-1.55.0-win32-x64\jre\21.0.11-win32-x86_64\bin\jimage.dll
Event: 0.295 Loaded shared library c:\Users\LENOVO\.vscode\extensions\redhat.java-1.55.0-win32-x64\jre\21.0.11-win32-x86_64\bin\verify.dll
Event: 5.118 Loaded shared library C:\Users\LENOVO\AppData\Roaming\Code\User\globalStorage\redhat.java\1.55.0\config_win\org.eclipse.equinox.launcher\org.eclipse.equinox.launcher.win32.win32.x86_64_1.3.100.v20260613-0559\eclipse_11924.dll
Event: 12.767 Loaded shared library C:\Users\LENOVO\AppData\Local\Temp\jna--2053026509\jna2695036053627927155.dll
Event: 14.798 Loaded shared library C:\Users\LENOVO\.vscode\extensions\redhat.java-1.55.0-win32-x64\jre\21.0.11-win32-x86_64\bin\sunmscapi.dll
Event: 14.906 Loaded shared library C:\Users\LENOVO\.vscode\extensions\redhat.java-1.55.0-win32-x64\jre\21.0.11-win32-x86_64\bin\extnet.dll

Deoptimization events (20 events):
Event: 20.134 Thread 0x000001bb7f78e730 DEOPT PACKING pc=0x000001bb08000a9c sp=0x0000002092dfe690
Event: 20.134 Thread 0x000001bb7f78e730 DEOPT UNPACKING pc=0x000001bb074a3aa2 sp=0x0000002092dfe650 mode 2
Event: 20.134 Thread 0x000001bb7f78e730 Uncommon trap: trap_request=0xffffffde fr.pc=0x000001bb08000a9c relative=0x00000000000004bc
Event: 20.134 Thread 0x000001bb7f78e730 Uncommon trap: reason=class_check action=maybe_recompile pc=0x000001bb08000a9c method=java.nio.file.FileTreeWalker.pop()V @ 25 c2
Event: 20.134 Thread 0x000001bb7f78e730 DEOPT PACKING pc=0x000001bb08000a9c sp=0x0000002092dfe690
Event: 20.134 Thread 0x000001bb7f78e730 DEOPT UNPACKING pc=0x000001bb074a3aa2 sp=0x0000002092dfe650 mode 2
Event: 21.178 Thread 0x000001bb7f78e730 DEOPT PACKING pc=0x000001bb00b3d586 sp=0x0000002092dfe2b0
Event: 21.178 Thread 0x000001bb7f78e730 DEOPT UNPACKING pc=0x000001bb074a4242 sp=0x0000002092dfd798 mode 0
Event: 21.235 Thread 0x000001bb7f78e730 Uncommon trap: trap_request=0xffffff45 fr.pc=0x000001bb08043c60 relative=0x00000000000001a0
Event: 21.235 Thread 0x000001bb7f78e730 Uncommon trap: reason=unstable_if action=reinterpret pc=0x000001bb08043c60 method=jdk.internal.jrtfs.JrtPath.normalize(Ljava/lang/String;)Ljava/lang/String; @ 78 c2
Event: 21.235 Thread 0x000001bb7f78e730 DEOPT PACKING pc=0x000001bb08043c60 sp=0x0000002092dfdb30
Event: 21.235 Thread 0x000001bb7f78e730 DEOPT UNPACKING pc=0x000001bb074a3aa2 sp=0x0000002092dfdab0 mode 2
Event: 21.261 Thread 0x000001bb7f78e730 Uncommon trap: trap_request=0xffffff45 fr.pc=0x000001bb07f69a8c relative=0x000000000000044c
Event: 21.262 Thread 0x000001bb7f78e730 Uncommon trap: reason=unstable_if action=reinterpret pc=0x000001bb07f69a8c method=java.util.regex.Pattern.escape(ZZZ)I @ 8 c2
Event: 21.262 Thread 0x000001bb7f78e730 DEOPT PACKING pc=0x000001bb07f69a8c sp=0x0000002092dfcaf0
Event: 21.262 Thread 0x000001bb7f78e730 DEOPT UNPACKING pc=0x000001bb074a3aa2 sp=0x0000002092dfca68 mode 2
Event: 21.263 Thread 0x000001bb7f78e730 Uncommon trap: trap_request=0xffffff45 fr.pc=0x000001bb07fd8ac4 relative=0x0000000000001024
Event: 21.263 Thread 0x000001bb7f78e730 Uncommon trap: reason=unstable_if action=reinterpret pc=0x000001bb07fd8ac4 method=java.util.regex.Pattern.compile()V @ 443 c2
Event: 21.263 Thread 0x000001bb7f78e730 DEOPT PACKING pc=0x000001bb07fd8ac4 sp=0x0000002092dfcef0
Event: 21.263 Thread 0x000001bb7f78e730 DEOPT UNPACKING pc=0x000001bb074a3aa2 sp=0x0000002092dfceb8 mode 2

Classes loaded (20 events):
Event: 20.043 Loading class jdk/internal/access/foreign/UnmapperProxy
Event: 20.043 Loading class jdk/internal/access/foreign/UnmapperProxy done
Event: 20.043 Loading class sun/nio/ch/FileChannelImpl$Unmapper done
Event: 20.043 Loading class sun/nio/ch/FileChannelImpl$DefaultUnmapper done
Event: 20.043 Loading class sun/nio/ch/Util$4
Event: 20.043 Loading class sun/nio/ch/Util$4 done
Event: 20.054 Loading class java/nio/file/ClosedDirectoryStreamException
Event: 20.054 Loading class java/nio/file/ClosedDirectoryStreamException done
Event: 20.054 Loading class jdk/internal/jrtfs/JrtFileSystem
Event: 20.055 Loading class jdk/internal/jrtfs/JrtFileSystem done
Event: 20.055 Loading class jdk/internal/jrtfs/JrtPath
Event: 20.055 Loading class jdk/internal/jrtfs/JrtPath done
Event: 20.056 Loading class jdk/internal/jimage/ImageReader$Node
Event: 20.057 Loading class jdk/internal/jimage/ImageReader$Node done
Event: 20.063 Loading class java/nio/ByteBufferAsIntBufferL
Event: 20.063 Loading class java/nio/ByteBufferAsIntBufferL done
Event: 20.069 Loading class jdk/internal/jimage/ImageReader$Directory
Event: 20.069 Loading class jdk/internal/jimage/ImageReader$Directory done
Event: 21.348 Loading class java/util/WeakHashMap$KeyIterator
Event: 21.349 Loading class java/util/WeakHashMap$KeyIterator done

Classes unloaded (7 events):
Event: 13.445 Thread 0x000001bb7b794880 Unloading class 0x000001bb101ad400 'java/lang/invoke/LambdaForm$MH+0x000001bb101ad400'
Event: 13.445 Thread 0x000001bb7b794880 Unloading class 0x000001bb101ad000 'java/lang/invoke/LambdaForm$MH+0x000001bb101ad000'
Event: 13.445 Thread 0x000001bb7b794880 Unloading class 0x000001bb101acc00 'java/lang/invoke/LambdaForm$MH+0x000001bb101acc00'
Event: 13.445 Thread 0x000001bb7b794880 Unloading class 0x000001bb101ac800 'java/lang/invoke/LambdaForm$MH+0x000001bb101ac800'
Event: 13.445 Thread 0x000001bb7b794880 Unloading class 0x000001bb101ac400 'java/lang/invoke/LambdaForm$BMH+0x000001bb101ac400'
Event: 13.445 Thread 0x000001bb7b794880 Unloading class 0x000001bb101ac000 'java/lang/invoke/LambdaForm$DMH+0x000001bb101ac000'
Event: 13.445 Thread 0x000001bb7b794880 Unloading class 0x000001bb101aac00 'java/lang/invoke/LambdaForm$DMH+0x000001bb101aac00'

Classes redefined (0 events):
No events

Internal exceptions (20 events):
Event: 21.297 Thread 0x000001bb548b1ee0 Exception <a 'sun/nio/fs/WindowsException'{0x00000000d621ca28}> (0x00000000d621ca28) 
thrown [s\src\hotspot\share\prims\jni.cpp, line 520]
Event: 21.297 Thread 0x000001bb548b1ee0 Exception <a 'sun/nio/fs/WindowsException'{0x00000000d621d408}> (0x00000000d621d408) 
thrown [s\src\hotspot\share\prims\jni.cpp, line 520]
Event: 21.302 Thread 0x000001bb548b1ee0 Exception <a 'sun/nio/fs/WindowsException'{0x00000000d6679440}> (0x00000000d6679440) 
thrown [s\src\hotspot\share\prims\jni.cpp, line 520]
Event: 21.302 Thread 0x000001bb548b1ee0 Exception <a 'sun/nio/fs/WindowsException'{0x00000000d6679e00}> (0x00000000d6679e00) 
thrown [s\src\hotspot\share\prims\jni.cpp, line 520]
Event: 21.309 Thread 0x000001bb548b1ee0 Exception <a 'sun/nio/fs/WindowsException'{0x00000000d68245d0}> (0x00000000d68245d0) 
thrown [s\src\hotspot\share\prims\jni.cpp, line 520]
Event: 21.317 Thread 0x000001bb548b1ee0 Exception <a 'sun/nio/fs/WindowsException'{0x00000000d55809b0}> (0x00000000d55809b0) 
thrown [s\src\hotspot\share\prims\jni.cpp, line 520]
Event: 21.319 Thread 0x000001bb548b1ee0 Exception <a 'sun/nio/fs/WindowsException'{0x00000000d55ab948}> (0x00000000d55ab948) 
thrown [s\src\hotspot\share\prims\jni.cpp, line 520]
Event: 21.319 Thread 0x000001bb548b1ee0 Exception <a 'sun/nio/fs/WindowsException'{0x00000000d55ac308}> (0x00000000d55ac308) 
thrown [s\src\hotspot\share\prims\jni.cpp, line 520]
Event: 21.321 Thread 0x000001bb548b1ee0 Exception <a 'sun/nio/fs/WindowsException'{0x00000000d5606fe0}> (0x00000000d5606fe0) 
thrown [s\src\hotspot\share\prims\jni.cpp, line 520]
Event: 21.321 Thread 0x000001bb548b1ee0 Exception <a 'sun/nio/fs/WindowsException'{0x00000000d56079a0}> (0x00000000d56079a0) 
thrown [s\src\hotspot\share\prims\jni.cpp, line 520]
Event: 21.323 Thread 0x000001bb548b1ee0 Exception <a 'sun/nio/fs/WindowsException'{0x00000000d567c5a0}> (0x00000000d567c5a0) 
thrown [s\src\hotspot\share\prims\jni.cpp, line 520]
Event: 21.323 Thread 0x000001bb548b1ee0 Exception <a 'sun/nio/fs/WindowsException'{0x00000000d567cf60}> (0x00000000d567cf60) 
thrown [s\src\hotspot\share\prims\jni.cpp, line 520]
Event: 21.326 Thread 0x000001bb548b1ee0 Exception <a 'sun/nio/fs/WindowsException'{0x00000000d56a1998}> (0x00000000d56a1998) 
thrown [s\src\hotspot\share\prims\jni.cpp, line 520]
Event: 21.326 Thread 0x000001bb548b1ee0 Exception <a 'sun/nio/fs/WindowsException'{0x00000000d56d7b00}> (0x00000000d56d7b00) 
thrown [s\src\hotspot\share\prims\jni.cpp, line 520]
Event: 21.328 Thread 0x000001bb548b1ee0 Exception <a 'sun/nio/fs/WindowsException'{0x00000000d574caf8}> (0x00000000d574caf8) 
thrown [s\src\hotspot\share\prims\jni.cpp, line 520]
Event: 21.329 Thread 0x000001bb548b1ee0 Exception <a 'sun/nio/fs/WindowsException'{0x00000000d574d4b8}> (0x00000000d574d4b8) 
thrown [s\src\hotspot\share\prims\jni.cpp, line 520]
Event: 21.330 Thread 0x000001bb548b1ee0 Exception <a 'sun/nio/fs/WindowsException'{0x00000000d57c22a8}> (0x00000000d57c22a8) 
thrown [s\src\hotspot\share\prims\jni.cpp, line 520]
Event: 21.331 Thread 0x000001bb548b1ee0 Exception <a 'sun/nio/fs/WindowsException'{0x00000000d57c2c68}> (0x00000000d57c2c68) 
thrown [s\src\hotspot\share\prims\jni.cpp, line 520]
Event: 21.341 Thread 0x000001bb548b1ee0 Exception <a 'sun/nio/fs/WindowsException'{0x00000000d5a4c9e8}> (0x00000000d5a4c9e8) 
thrown [s\src\hotspot\share\prims\jni.cpp, line 520]
Event: 21.341 Thread 0x000001bb548b1ee0 Exception <a 'sun/nio/fs/WindowsException'{0x00000000d5a4d3a8}> (0x00000000d5a4d3a8) 
thrown [s\src\hotspot\share\prims\jni.cpp, line 520]

ZGC Phase Switch (0 events):
No events

VM Operations (20 events):
Event: 20.013 Executing non-safepoint VM operation: HandshakeAllThreads (Deoptimize) done
Event: 20.015 Executing non-safepoint VM operation: HandshakeAllThreads (Deoptimize)
Event: 20.015 Executing non-safepoint VM operation: HandshakeAllThreads (Deoptimize) done
Event: 20.027 Executing non-safepoint VM operation: HandshakeAllThreads (Deoptimize)
Event: 20.027 Executing non-safepoint VM operation: HandshakeAllThreads (Deoptimize) done
Event: 20.030 Executing non-safepoint VM operation: HandshakeAllThreads (Deoptimize)
Event: 20.030 Executing non-safepoint VM operation: HandshakeAllThreads (Deoptimize) done
Event: 20.053 Executing non-safepoint VM operation: HandshakeAllThreads (Deoptimize)
Event: 20.054 Executing non-safepoint VM operation: HandshakeAllThreads (Deoptimize) done
Event: 20.065 Executing non-safepoint VM operation: HandshakeAllThreads (Deoptimize)
Event: 20.065 Executing non-safepoint VM operation: HandshakeAllThreads (Deoptimize) done
Event: 20.067 Executing non-safepoint VM operation: HandshakeAllThreads (Deoptimize)
Event: 20.067 Executing non-safepoint VM operation: HandshakeAllThreads (Deoptimize) done
Event: 20.107 Executing non-safepoint VM operation: HandshakeAllThreads (Deoptimize)
Event: 20.107 Executing non-safepoint VM operation: HandshakeAllThreads (Deoptimize) done
Event: 21.106 Executing safepoint VM operation: Cleanup
Event: 21.137 Executing safepoint VM operation: Cleanup done
Event: 21.309 Executing safepoint VM operation: ParallelGCFailedAllocation (Allocation Failure)
Event: 21.316 Executing safepoint VM operation: ParallelGCFailedAllocation (Allocation Failure) done
Event: 21.440 Executing safepoint VM operation: ParallelGCFailedAllocation (Allocation Failure)

Memory protections (0 events):
No events

Nmethod flushes (20 events):
Event: 14.731 Thread 0x000001bb7b794880 flushing  nmethod 0x000001bb006dca10
Event: 14.731 Thread 0x000001bb7b794880 flushing  nmethod 0x000001bb00702010
Event: 14.731 Thread 0x000001bb7b794880 flushing  nmethod 0x000001bb00703490
Event: 14.731 Thread 0x000001bb7b794880 flushing  nmethod 0x000001bb00703d90
Event: 14.731 Thread 0x000001bb7b794880 flushing  nmethod 0x000001bb00704f90
Event: 14.731 Thread 0x000001bb7b794880 flushing  nmethod 0x000001bb00705790
Event: 14.731 Thread 0x000001bb7b794880 flushing  nmethod 0x000001bb00707490
Event: 14.731 Thread 0x000001bb7b794880 flushing  nmethod 0x000001bb00707990
Event: 14.731 Thread 0x000001bb7b794880 flushing  nmethod 0x000001bb00708290
Event: 14.731 Thread 0x000001bb7b794880 flushing  nmethod 0x000001bb00709990
Event: 14.731 Thread 0x000001bb7b794880 flushing  nmethod 0x000001bb0070b410
Event: 14.731 Thread 0x000001bb7b794880 flushing  nmethod 0x000001bb0070dd90
Event: 14.731 Thread 0x000001bb7b794880 flushing  nmethod 0x000001bb00751f90
Event: 14.731 Thread 0x000001bb7b794880 flushing  nmethod 0x000001bb00757390
Event: 14.731 Thread 0x000001bb7b794880 flushing  nmethod 0x000001bb00779a10
Event: 14.731 Thread 0x000001bb7b794880 flushing  nmethod 0x000001bb007edc90
Event: 14.731 Thread 0x000001bb7b794880 flushing  nmethod 0x000001bb00806690
Event: 14.731 Thread 0x000001bb7b794880 flushing  nmethod 0x000001bb00834410
Event: 14.731 Thread 0x000001bb7b794880 flushing  nmethod 0x000001bb0085ee90
Event: 14.731 Thread 0x000001bb7b794880 flushing  nmethod 0x000001bb0085f310

Events (20 events):
Event: 18.338 Thread 0x000001bb7cd81400 Thread added: 0x000001bb7f5458e0
Event: 18.344 Thread 0x000001bb7f546680 Thread added: 0x000001bb7f545210
Event: 18.541 Thread 0x000001bb7f545210 Thread exited: 0x000001bb7f545210
Event: 18.643 Thread 0x000001bb7f5458e0 Thread exited: 0x000001bb7f5458e0
Event: 18.886 Thread 0x000001bb7cd81400 Thread added: 0x000001bb7f545210
Event: 18.910 Thread 0x000001bb7cd7cdd0 Thread added: 0x000001bb7f546d50
Event: 19.141 Thread 0x000001bb7f546d50 Thread exited: 0x000001bb7f546d50
Event: 19.142 Thread 0x000001bb7f545210 Thread exited: 0x000001bb7f545210
Event: 19.667 Thread 0x000001bb548b3fb0 Thread exited: 0x000001bb548b3fb0
Event: 19.684 Thread 0x000001bb7f546680 Thread added: 0x000001bb7f545210
Event: 19.685 Thread 0x000001bb7cd81400 Thread added: 0x000001bb7f546d50
Event: 19.687 Thread 0x000001bb7cd81400 Thread added: 0x000001bb7f5458e0
Event: 19.971 Thread 0x000001bb548b2570 Thread added: 0x000001bb548b3fb0
Event: 19.972 Thread 0x000001bb548b2570 Thread added: 0x000001bb548b4cd0
Event: 19.972 Thread 0x000001bb548b2570 Thread added: 0x000001bb548b5360
Event: 19.988 Thread 0x000001bb7f78e730 Thread added: 0x000001bb548b1ee0
Event: 20.117 Thread 0x000001bb7cd81400 Thread added: 0x000001bb7f545fb0
Event: 21.137 Thread 0x000001bb7f545fb0 Thread exited: 0x000001bb7f545fb0
Event: 21.147 Thread 0x000001bb548b1ee0 Thread added: 0x000001bb548b6080
Event: 21.357 Thread 0x000001bb548b6080 Thread added: 0x000001bb548b6da0


Dynamic libraries:
0x00007ff7b7630000 - 0x00007ff7b763e000 	c:\Users\LENOVO\.vscode\extensions\redhat.java-1.55.0-win32-x64\jre\21.0.11-win32-x86_64\bin\java.exe
0x00007ffb07e20000 - 0x00007ffb08086000 	C:\Windows\SYSTEM32\ntdll.dll
0x00007ffb07290000 - 0x00007ffb07359000 	C:\Windows\System32\KERNEL32.DLL
0x00007ffb05040000 - 0x00007ffb0543e000 	C:\Windows\System32\KERNELBASE.dll
0x00007ffb05600000 - 0x00007ffb0574c000 	C:\Windows\System32\ucrtbase.dll
0x00007ffaf4740000 - 0x00007ffaf4758000 	c:\Users\LENOVO\.vscode\extensions\redhat.java-1.55.0-win32-x64\jre\21.0.11-win32-x86_64\bin\jli.dll
0x00007ffb07040000 - 0x00007ffb07207000 	C:\Windows\System32\USER32.dll
0x00007ffb05510000 - 0x00007ffb05537000 	C:\Windows\System32\win32u.dll
0x00007ffb00060000 - 0x00007ffb0007e000 	c:\Users\LENOVO\.vscode\extensions\redhat.java-1.55.0-win32-x64\jre\21.0.11-win32-x86_64\bin\VCRUNTIME140.dll
0x00007ffb05b50000 - 0x00007ffb05b7b000 	C:\Windows\System32\GDI32.dll
0x00007ffaeee10000 - 0x00007ffaef0a2000 	C:\Windows\WinSxS\amd64_microsoft.windows.common-controls_6595b64144ccf1df_6.0.26100.8875_none_3e0d5d42e32fe9dd\COMCTL32.dll
0x00007ffb06110000 - 0x00007ffb061b9000 	C:\Windows\System32\msvcrt.dll
0x00007ffb05970000 - 0x00007ffb05a9a000 	C:\Windows\System32\gdi32full.dll
0x00007ffb05aa0000 - 0x00007ffb05b43000 	C:\Windows\System32\msvcp_win.dll
0x00007ffb05b80000 - 0x00007ffb05bb2000 	C:\Windows\System32\IMM32.DLL
0x00007ffb01e20000 - 0x00007ffb01e2c000 	c:\Users\LENOVO\.vscode\extensions\redhat.java-1.55.0-win32-x64\jre\21.0.11-win32-x86_64\bin\vcruntime140_1.dll
0x00007ffacc9e0000 - 0x00007ffacca6d000 	c:\Users\LENOVO\.vscode\extensions\redhat.java-1.55.0-win32-x64\jre\21.0.11-win32-x86_64\bin\msvcp140.dll
0x00007ffa34300000 - 0x00007ffa350a2000 	c:\Users\LENOVO\.vscode\extensions\redhat.java-1.55.0-win32-x64\jre\21.0.11-win32-x86_64\bin\server\jvm.dll
0x00007ffb07a50000 - 0x00007ffb07b07000 	C:\Windows\System32\ADVAPI32.dll
0x00007ffb079a0000 - 0x00007ffb07a4a000 	C:\Windows\System32\sechost.dll
0x00007ffb07360000 - 0x00007ffb07478000 	C:\Windows\System32\RPCRT4.dll
0x00007ffb07480000 - 0x00007ffb07500000 	C:\Windows\System32\WS2_32.dll
0x00007ffb04ea0000 - 0x00007ffb04efe000 	C:\Windows\SYSTEM32\POWRPROF.dll
0x00007ffafd0a0000 - 0x00007ffafd0d6000 	C:\Windows\SYSTEM32\WINMM.dll
0x00007ffafe010000 - 0x00007ffafe01b000 	C:\Windows\SYSTEM32\VERSION.dll
0x00007ffb04e80000 - 0x00007ffb04e94000 	C:\Windows\SYSTEM32\UMPDC.dll
0x00007ffb03ce0000 - 0x00007ffb03cfb000 	C:\Windows\SYSTEM32\kernel.appcore.dll
0x00007ffb00050000 - 0x00007ffb0005a000 	c:\Users\LENOVO\.vscode\extensions\redhat.java-1.55.0-win32-x64\jre\21.0.11-win32-x86_64\bin\jimage.dll
0x00007ffaf7560000 - 0x00007ffaf77a2000 	C:\Windows\SYSTEM32\DBGHELP.DLL
0x00007ffb07610000 - 0x00007ffb07993000 	C:\Windows\System32\combase.dll
0x00007ffb06f60000 - 0x00007ffb07039000 	C:\Windows\System32\OLEAUT32.dll
0x00007ffaf40e0000 - 0x00007ffaf411b000 	C:\Windows\SYSTEM32\dbgcore.DLL
0x00007ffb05450000 - 0x00007ffb054fc000 	C:\Windows\System32\bcryptPrimitives.dll
0x00007ffaf4770000 - 0x00007ffaf477f000 	c:\Users\LENOVO\.vscode\extensions\redhat.java-1.55.0-win32-x64\jre\21.0.11-win32-x86_64\bin\instrument.dll
0x00007ffaf41e0000 - 0x00007ffaf4200000 	c:\Users\LENOVO\.vscode\extensions\redhat.java-1.55.0-win32-x64\jre\21.0.11-win32-x86_64\bin\java.dll
0x00007ffb061c0000 - 0x00007ffb06952000 	C:\Windows\System32\SHELL32.dll
0x00007ffb02ac0000 - 0x00007ffb03352000 	C:\Windows\SYSTEM32\windows.storage.dll
0x00007ffb07510000 - 0x00007ffb07607000 	C:\Windows\System32\SHCORE.dll
0x00007ffb05d10000 - 0x00007ffb05d77000 	C:\Windows\System32\shlwapi.dll
0x00007ffb04f60000 - 0x00007ffb04f89000 	C:\Windows\SYSTEM32\profapi.dll
0x00007ffaf4190000 - 0x00007ffaf41a8000 	c:\Users\LENOVO\.vscode\extensions\redhat.java-1.55.0-win32-x64\jre\21.0.11-win32-x86_64\bin\zip.dll
0x00007ffaf41d0000 - 0x00007ffaf41e0000 	C:\Users\LENOVO\.vscode\extensions\redhat.java-1.55.0-win32-x64\jre\21.0.11-win32-x86_64\bin\net.dll
0x00007ffafdbf0000 - 0x00007ffafdd17000 	C:\Windows\SYSTEM32\WINHTTP.dll
0x00007ffb04270000 - 0x00007ffb042dc000 	C:\Windows\system32\mswsock.dll
0x00007ffaf2c70000 - 0x00007ffaf2c86000 	C:\Users\LENOVO\.vscode\extensions\redhat.java-1.55.0-win32-x64\jre\21.0.11-win32-x86_64\bin\nio.dll
0x00007ffaf3de0000 - 0x00007ffaf3df0000 	c:\Users\LENOVO\.vscode\extensions\redhat.java-1.55.0-win32-x64\jre\21.0.11-win32-x86_64\bin\verify.dll
0x00007ffaf2870000 - 0x00007ffaf28b5000 	C:\Users\LENOVO\AppData\Roaming\Code\User\globalStorage\redhat.java\1.55.0\config_win\org.eclipse.equinox.launcher\org.eclipse.equinox.launcher.win32.win32.x86_64_1.3.100.v20260613-0559\eclipse_11924.dll
0x00007ffb07c00000 - 0x00007ffb07d99000 	C:\Windows\System32\ole32.dll
0x00007ffb046a0000 - 0x00007ffb046bb000 	C:\Windows\SYSTEM32\CRYPTSP.dll
0x00007ffb03c40000 - 0x00007ffb03c79000 	C:\Windows\system32\rsaenh.dll
0x00007ffb04330000 - 0x00007ffb04362000 	C:\Windows\SYSTEM32\USERENV.dll
0x00007ffb04f30000 - 0x00007ffb04f5a000 	C:\Windows\SYSTEM32\bcrypt.dll
0x00007ffb044e0000 - 0x00007ffb044ec000 	C:\Windows\SYSTEM32\CRYPTBASE.dll
0x00007ffb03690000 - 0x00007ffb036c3000 	C:\Windows\SYSTEM32\IPHLPAPI.DLL
0x00007ffb05d00000 - 0x00007ffb05d0a000 	C:\Windows\System32\NSI.dll
0x00007ffaa08a0000 - 0x00007ffaa08e9000 	C:\Users\LENOVO\AppData\Local\Temp\jna--2053026509\jna2695036053627927155.dll
0x00007ffb07bf0000 - 0x00007ffb07bf8000 	C:\Windows\System32\PSAPI.DLL
0x00007ffafe020000 - 0x00007ffafe03d000 	C:\Windows\SYSTEM32\dhcpcsvc6.DLL
0x00007ffafda90000 - 0x00007ffafdab5000 	C:\Windows\SYSTEM32\dhcpcsvc.DLL
0x00007ffaf3dc0000 - 0x00007ffaf3dce000 	C:\Users\LENOVO\.vscode\extensions\redhat.java-1.55.0-win32-x64\jre\21.0.11-win32-x86_64\bin\sunmscapi.dll
0x00007ffb057f0000 - 0x00007ffb05968000 	C:\Windows\System32\CRYPT32.dll
0x00007ffb04810000 - 0x00007ffb04840000 	C:\Windows\SYSTEM32\ncrypt.dll
0x00007ffb047c0000 - 0x00007ffb047ff000 	C:\Windows\SYSTEM32\NTASN1.dll
0x00007ffb03780000 - 0x00007ffb038d6000 	C:\Windows\SYSTEM32\DNSAPI.dll
0x00007ffb04070000 - 0x00007ffb0407d000 	C:\Windows\SYSTEM32\DSPARSE.dll
0x00007ffaf8220000 - 0x00007ffaf822b000 	C:\Windows\System32\rasadhlp.dll
0x00007ffaf9d20000 - 0x00007ffaf9da6000 	C:\Windows\System32\fwpuclnt.dll
0x00007ffaf3970000 - 0x00007ffaf3979000 	C:\Users\LENOVO\.vscode\extensions\redhat.java-1.55.0-win32-x64\jre\21.0.11-win32-x86_64\bin\extnet.dll

JVMTI agents:
c:\Users\LENOVO\.vscode\extensions\redhat.java-1.55.0-win32-x64\lombok\lombok-1.18.39-4050.jar path:c:\Users\LENOVO\.vscode\extensions\redhat.java-1.55.0-win32-x64\jre\21.0.11-win32-x86_64\bin\instrument.dll, loaded, initialized, instrumentlib options:none

dbghelp: loaded successfully - version: 4.0.5 - missing functions: none
symbol engine: initialized successfully - sym options: 0x614 - pdb path: .;c:\Users\LENOVO\.vscode\extensions\redhat.java-1.55.0-win32-x64\jre\21.0.11-win32-x86_64\bin;C:\Windows\SYSTEM32;C:\Windows\WinSxS\amd64_microsoft.windows.common-controls_6595b64144ccf1df_6.0.26100.8875_none_3e0d5d42e32fe9dd;c:\Users\LENOVO\.vscode\extensions\redhat.java-1.55.0-win32-x64\jre\21.0.11-win32-x86_64\bin\server;C:\Users\LENOVO\AppData\Roaming\Code\User\globalStorage\redhat.java\1.55.0\config_win\org.eclipse.equinox.launcher\org.eclipse.equinox.launcher.win32.win32.x86_64_1.3.100.v20260613-0559;C:\Users\LENOVO\AppData\Local\Temp\jna--2053026509

VM Arguments:
jvm_args: --add-modules=ALL-SYSTEM --add-opens=java.base/java.util=ALL-UNNAMED --add-opens=java.base/java.lang=ALL-UNNAMED --add-opens=java.base/sun.nio.fs=ALL-UNNAMED -Declipse.application=org.eclipse.jdt.ls.core.id1 -Dosgi.bundles.defaultStartLevel=4 -Declipse.product=org.eclipse.jdt.ls.core.product -Djava.import.generatesMetadataFilesAtProjectRoot=false -DDetectVMInstallationsJob.disabled=true -Dfile.encoding=utf8 -XX:+UseParallelGC -XX:GCTimeRatio=4 -XX:AdaptiveSizePolicyWeight=90 -Dsun.zip.disableMemoryMapping=true -Xmx2G -Xms100m -Xlog:disable -javaagent:c:\Users\LENOVO\.vscode\extensions\redhat.java-1.55.0-win32-x64\lombok\lombok-1.18.39-4050.jar -XX:+HeapDumpOnOutOfMemoryError -XX:HeapDumpPath=c:\Users\LENOVO\AppData\Roaming\Code\User\workspaceStorage\713e1b5b576857fbcbb5dab56806a888\redhat.java -Daether.dependencyCollector.impl=bf 
java_command: c:\Users\LENOVO\.vscode\extensions\redhat.java-1.55.0-win32-x64\server\plugins\org.eclipse.equinox.launcher_1.7.200.v20260619-2039.jar -configuration c:\Users\LENOVO\AppData\Roaming\Code\User\globalStorage\redhat.java\1.55.0\config_win -data c:\Users\LENOVO\AppData\Roaming\Code\User\workspaceStorage\713e1b5b576857fbcbb5dab56806a888\redhat.java\jdt_ws --pipe=\\.\pipe\lsp-5b6bd7643cafbfaafa43fd9ee10aa7a9-sock
java_class_path (initial): c:\Users\LENOVO\.vscode\extensions\redhat.java-1.55.0-win32-x64\server\plugins\org.eclipse.equinox.launcher_1.7.200.v20260619-2039.jar
Launcher Type: SUN_STANDARD

[Global flags]
    uintx AdaptiveSizePolicyWeight                 = 90                                        {product} {command line}
     intx CICompilerCount                          = 12                                        {product} {ergonomic}
    uintx GCTimeRatio                              = 4                                         {product} {command line}
     bool HeapDumpOnOutOfMemoryError               = true                                   {manageable} {command line}
    ccstr HeapDumpPath                             = c:\Users\LENOVO\AppData\Roaming\Code\User\workspaceStorage\713e1b5b576857fbcbb5dab56806a888\redhat.java         {manageable} {command line}
   size_t InitialHeapSize                          = 104857600                                 {product} {command line}
   size_t MaxHeapSize                              = 2147483648                                {product} {command line}
   size_t MaxNewSize                               = 715653120                                 {product} {ergonomic}
   size_t MinHeapDeltaBytes                        = 524288                                    {product} {ergonomic}
   size_t MinHeapSize                              = 104857600                                 {product} {command line}
   size_t NewSize                                  = 34603008                                  {product} {ergonomic}
    uintx NonNMethodCodeHeapSize                   = 7602480                                {pd product} {ergonomic}
    uintx NonProfiledCodeHeapSize                  = 122027880                              {pd product} {ergonomic}
   size_t OldSize                                  = 70254592                                  {product} {ergonomic}
    uintx ProfiledCodeHeapSize                     = 122027880                              {pd product} {ergonomic}
    uintx ReservedCodeCacheSize                    = 251658240                              {pd product} {ergonomic}
     bool SegmentedCodeCache                       = true                                      {product} {ergonomic}
   size_t SoftMaxHeapSize                          = 2147483648                             {manageable} {ergonomic}
     bool UseCompressedOops                        = true                           {product lp64_product} {ergonomic}
     bool UseLargePagesIndividualAllocation        = false                                  {pd product} {ergonomic}
     bool UseParallelGC                            = true                                      {product} {command line}

Logging:
Log output configuration:
 #0: stdout all=off uptime,level,tags foldmultilines=false
 #1: stderr all=off uptime,level,tags foldmultilines=false

Release file:
JAVA_VERSION="21.0.11" 
MODULES="java.base java.compiler java.datatransfer java.xml java.prefs java.desktop java.instrument java.logging java.management java.security.sasl java.naming java.rmi java.management.rmi java.net.http java.scripting java.security.jgss java.transaction.xa java.sql java.sql.rowset java.xml.crypto java.se java.smartcardio jdk.accessibility jdk.internal.jvmstat jdk.attach jdk.charsets jdk.internal.opt jdk.zipfs jdk.compiler jdk.crypto.ec jdk.crypto.cryptoki jdk.crypto.mscapi jdk.dynalink jdk.internal.ed jdk.editpad jdk.hotspot.agent jdk.httpserver jdk.internal.le jdk.internal.vm.ci jdk.internal.vm.compiler jdk.internal.vm.compiler.management jdk.jartool jdk.javadoc jdk.jcmd jdk.management jdk.management.agent jdk.jconsole jdk.jdeps jdk.jdwp.agent jdk.jdi jdk.jfr jdk.jshell jdk.jsobject jdk.jstatd jdk.localedata jdk.management.jfr jdk.naming.dns jdk.naming.rmi jdk.net jdk.nio.mapmode jdk.random jdk.sctp jdk.security.auth jdk.security.jgss jdk.unsupported jdk.unsupported.desktop jdk.xml.dom" 

Environment Variables:
PATH=C:\Program Files\Eclipse Adoptium\jdk-25.0.3.9-hotspot\bin;C:\Program Files\Common Files\Oracle\Java\javapath;C:\Windows\system32;C:\Windows;C:\Windows\System32\Wbem;C:\Windows\System32\WindowsPowerShell\v1.0\;C:\Windows\System32\OpenSSH\;C:\Program Files\Git\cmd;C:\Program Files\Docker\Docker\resources\bin;C:\Program Files\Microsoft VS Code\bin;C:\apache-maven-3.9.16\bin;C:\Program Files\nodejs\;C:\Users\LENOVO\AppData\Local\Microsoft\WindowsApps;C:\Users\LENOVO\AppData\Local\Programs\Microsoft VS Code\bin;C:\Users\LENOVO\AppData\Roaming\npm
USERNAME=LENOVO
OS=Windows_NT
PROCESSOR_IDENTIFIER=AMD64 Family 25 Model 80 Stepping 0, AuthenticAMD
TMP=C:\Users\LENOVO\AppData\Local\Temp
TEMP=C:\Users\LENOVO\AppData\Local\Temp




Periodic native trim disabled

---------------  S Y S T E M  ---------------

OS:
 Windows 11 , 64 bit Build 26100 (10.0.26100.8875)
OS uptime: 1 days 16:03 hours
Hyper-V role detected

CPU: total 16 (initial active 16) (16 cores per cpu, 2 threads per core) family 25 model 80 stepping 0 microcode 0xa50000f, cx8, cmov, fxsr, ht, mmx, 3dnowpref, sse, sse2, sse3, ssse3, sse4a, sse4.1, sse4.2, popcnt, lzcnt, tsc, tscinvbit, avx, avx2, aes, erms, clmul, bmi1, bmi2, adx, sha, fma, vzeroupper, clflush, clflushopt, hv, rdtscp, rdpid, fsrm, f16c, cet_ss
Processor Information for processor 0
  Max Mhz: 2000, Current Mhz: 1808, Mhz Limit: 2000
Processor Information for processor 1
  Max Mhz: 2000, Current Mhz: 1808, Mhz Limit: 2000
Processor Information for processor 2
  Max Mhz: 2000, Current Mhz: 1808, Mhz Limit: 2000
Processor Information for processor 3
  Max Mhz: 2000, Current Mhz: 1808, Mhz Limit: 2000
Processor Information for processor 4
  Max Mhz: 2000, Current Mhz: 1808, Mhz Limit: 2000
Processor Information for processor 5
  Max Mhz: 2000, Current Mhz: 1808, Mhz Limit: 2000
Processor Information for processor 6
  Max Mhz: 2000, Current Mhz: 1808, Mhz Limit: 2000
Processor Information for processor 7
  Max Mhz: 2000, Current Mhz: 1808, Mhz Limit: 2000
Processor Information for processor 8
  Max Mhz: 2000, Current Mhz: 2000, Mhz Limit: 2000
Processor Information for processor 9
  Max Mhz: 2000, Current Mhz: 2000, Mhz Limit: 2000
Processor Information for processor 10
  Max Mhz: 2000, Current Mhz: 2000, Mhz Limit: 2000
Processor Information for processor 11
  Max Mhz: 2000, Current Mhz: 2000, Mhz Limit: 2000
Processor Information for processor 12
  Max Mhz: 2000, Current Mhz: 2000, Mhz Limit: 2000
Processor Information for processor 13
  Max Mhz: 2000, Current Mhz: 2000, Mhz Limit: 2000
Processor Information for processor 14
  Max Mhz: 2000, Current Mhz: 2000, Mhz Limit: 2000
Processor Information for processor 15
  Max Mhz: 2000, Current Mhz: 2000, Mhz Limit: 2000

Memory: 4k page, system-wide physical 14173M (759M free)
TotalPageFile size 39294M (AvailPageFile size 56M)
current process WorkingSet (physical memory assigned to process): 275M, peak: 290M
current process commit charge ("private bytes"): 389M, peak: 406M

vm_info: OpenJDK 64-Bit Server VM (21.0.11+10-LTS) for windows-amd64 JRE (21.0.11+10-LTS), built on 2026-04-21T00:00:00Z by "admin" with MS VC++ 17.12 (VS2022)

END.
