[INFO] Scanning for projects...
[INFO] 
[INFO] -------------------< com.backhaulmatch:gps-service >--------------------
[INFO] Building gps-service 1.0.0
[INFO]   from pom.xml
[INFO] --------------------------------[ jar ]---------------------------------
[INFO] 
[INFO] >>> spring-boot:3.5.5:run (default-cli) > test-compile @ gps-service >>>
[INFO] 
[INFO] --- resources:3.3.1:resources (default-resources) @ gps-service ---
[INFO] Copying 1 resource from src\main\resources to target\classes
[INFO] Copying 0 resource from src\main\resources to target\classes
[INFO] 
[INFO] --- compiler:3.14.0:compile (default-compile) @ gps-service ---
[INFO] Nothing to compile - all classes are up to date.
[INFO] 
[INFO] --- resources:3.3.1:testResources (default-testResources) @ gps-service ---
[INFO] skip non existing resourceDirectory C:\Users\LENOVO\Desktop\claudeSOC\backhaul-match (100)\backhaul-match\backend\gps-service\src\test\resources
[INFO] 
[INFO] --- compiler:3.14.0:testCompile (default-testCompile) @ gps-service ---
[INFO] No sources to compile
[INFO] 
[INFO] <<< spring-boot:3.5.5:run (default-cli) < test-compile @ gps-service <<<
[INFO] 
[INFO] 
[INFO] --- spring-boot:3.5.5:run (default-cli) @ gps-service ---
[INFO] Attaching agents: []

  .   ____          _            __ _ _
 /\\ / ___'_ __ _ _(_)_ __  __ _ \ \ \ \
( ( )\___ | '_ | '_| | '_ \/ _` | \ \ \ \
 \\/  ___)| |_)| | | | | || (_| |  ) ) ) )
  '  |____| .__|_| |_|_| |_\__, | / / / /
 =========|_|==============|___/=/_/_/_/

 :: Spring Boot ::                (v3.5.5)

2026-08-01T05:10:57.779+05:30  INFO 39496 --- [GPS-SERVICE] [           main] c.b.gps.GpsServiceApplication            : Starting GpsServiceApplication using Java 25.0.3 with PID 39496 (C:\Users\LENOVO\Desktop\claudeSOC\backhaul-match (100)\backhaul-match\backend\gps-service\target\classes started by LENOVO in C:\Users\LENOVO\Desktop\claudeSOC\backhaul-match (100)\backhaul-match\backend\gps-service)
2026-08-01T05:10:57.781+05:30  INFO 39496 --- [GPS-SERVICE] [           main] c.b.gps.GpsServiceApplication            : No active profile set, falling back to 1 default profile: "default"
2026-08-01T05:10:58.446+05:30  INFO 39496 --- [GPS-SERVICE] [           main] .s.d.r.c.RepositoryConfigurationDelegate : Bootstrapping Spring Data JPA repositories in DEFAULT mode.
2026-08-01T05:10:58.588+05:30  INFO 39496 --- [GPS-SERVICE] [           main] .s.d.r.c.RepositoryConfigurationDelegate : Finished Spring Data repository scanning in 133 ms. Found 2 JPA repository interfaces.
2026-08-01T05:10:58.816+05:30  INFO 39496 --- [GPS-SERVICE] [           main] o.s.cloud.context.scope.GenericScope     : BeanFactory id=2d80a9d0-c709-3614-89b8-098f6ff77755
2026-08-01T05:10:59.253+05:30  INFO 39496 --- [GPS-SERVICE] [           main] o.s.b.w.embedded.tomcat.TomcatWebServer  : Tomcat initialized with port 8095 (http)
2026-08-01T05:10:59.269+05:30  INFO 39496 --- [GPS-SERVICE] [           main] o.apache.catalina.core.StandardService   : Starting service [Tomcat]
2026-08-01T05:10:59.270+05:30  INFO 39496 --- [GPS-SERVICE] [           main] o.apache.catalina.core.StandardEngine    : Starting Servlet engine: [Apache Tomcat/10.1.44]
2026-08-01T05:10:59.346+05:30  INFO 39496 --- [GPS-SERVICE] [           main] o.a.c.c.C.[Tomcat].[localhost].[/]       : Initializing Spring embedded WebApplicationContext
2026-08-01T05:10:59.346+05:30  INFO 39496 --- [GPS-SERVICE] [           main] w.s.c.ServletWebServerApplicationContext : Root WebApplicationContext: initialization completed in 1521 ms
2026-08-01T05:10:59.529+05:30  INFO 39496 --- [GPS-SERVICE] [           main] o.hibernate.jpa.internal.util.LogHelper  : HHH000204: Processing PersistenceUnitInfo [name: default]
2026-08-01T05:10:59.598+05:30  INFO 39496 --- [GPS-SERVICE] [           main] org.hibernate.Version                    : HHH000412: Hibernate ORM core version 6.6.26.Final
2026-08-01T05:10:59.636+05:30  INFO 39496 --- [GPS-SERVICE] [           main] o.h.c.internal.RegionFactoryInitiator    : HHH000026: Second-level cache disabled
2026-08-01T05:10:59.969+05:30  INFO 39496 --- [GPS-SERVICE] [           main] o.s.o.j.p.SpringPersistenceUnitInfo      : No LoadTimeWeaver setup: ignoring JPA class transformer
2026-08-01T05:11:00.004+05:30  INFO 39496 --- [GPS-SERVICE] [           main] com.zaxxer.hikari.HikariDataSource       : HikariPool-1 - Starting...
2026-08-01T05:11:00.200+05:30  INFO 39496 --- [GPS-SERVICE] [           main] com.zaxxer.hikari.pool.HikariPool        : HikariPool-1 - Added connection com.mysql.cj.jdbc.ConnectionImpl@72f35a31
2026-08-01T05:11:00.201+05:30  INFO 39496 --- [GPS-SERVICE] [           main] com.zaxxer.hikari.HikariDataSource       : HikariPool-1 - Start completed.
2026-08-01T05:11:00.281+05:30  INFO 39496 --- [GPS-SERVICE] [           main] org.hibernate.orm.connections.pooling    : HHH10001005: Database info:
	Database JDBC URL [Connecting through datasource 'HikariDataSource (HikariPool-1)']
	Database driver: undefined/unknown
	Database version: 9.1
	Autocommit mode: undefined/unknown
	Isolation level: undefined/unknown
	Minimum pool size: undefined/unknown
	Maximum pool size: undefined/unknown
2026-08-01T05:11:01.190+05:30  INFO 39496 --- [GPS-SERVICE] [           main] o.h.e.t.j.p.i.JtaPlatformInitiator       : HHH000489: No JTA platform available (set 'hibernate.transaction.jta.platform' to enable JTA platform integration)
2026-08-01T05:11:01.242+05:30  INFO 39496 --- [GPS-SERVICE] [           main] j.LocalContainerEntityManagerFactoryBean : Initialized JPA EntityManagerFactory for persistence unit 'default'
2026-08-01T05:11:01.696+05:30  WARN 39496 --- [GPS-SERVICE] [           main] JpaBaseConfiguration$JpaWebConfiguration : spring.jpa.open-in-view is enabled by default. Therefore, database queries may be performed during view rendering. Explicitly configure spring.jpa.open-in-view to disable this warning
2026-08-01T05:11:03.216+05:30  INFO 39496 --- [GPS-SERVICE] [           main] o.s.cloud.commons.util.InetUtils         : Cannot determine local hostname
2026-08-01T05:11:04.254+05:30  INFO 39496 --- [GPS-SERVICE] [           main] o.s.cloud.commons.util.InetUtils         : Cannot determine local hostname
2026-08-01T05:11:04.280+05:30  INFO 39496 --- [GPS-SERVICE] [           main] DiscoveryClientOptionalArgsConfiguration : Eureka HTTP Client uses RestTemplate.
2026-08-01T05:11:04.316+05:30  WARN 39496 --- [GPS-SERVICE] [           main] iguration$LoadBalancerCaffeineWarnLogger : Spring Cloud LoadBalancer is currently working with the default cache. While this cache implementation is useful for development and tests, it's recommended to use Caffeine cache in production.You can switch to using Caffeine cache, by adding it and org.springframework.cache.caffeine.CaffeineCacheManager to the classpath.
2026-08-01T05:11:04.336+05:30  INFO 39496 --- [GPS-SERVICE] [           main] o.s.c.n.eureka.InstanceInfoFactory       : Setting initial instance status as: STARTING
2026-08-01T05:11:04.362+05:30  INFO 39496 --- [GPS-SERVICE] [           main] com.netflix.discovery.DiscoveryClient    : Initializing Eureka in region us-east-1
2026-08-01T05:11:04.366+05:30  INFO 39496 --- [GPS-SERVICE] [           main] c.n.d.s.r.aws.ConfigClusterResolver      : Resolving eureka endpoints via configuration
2026-08-01T05:11:04.375+05:30  INFO 39496 --- [GPS-SERVICE] [           main] com.netflix.discovery.DiscoveryClient    : Disable delta property : false
2026-08-01T05:11:04.376+05:30  INFO 39496 --- [GPS-SERVICE] [           main] com.netflix.discovery.DiscoveryClient    : Single vip registry refresh property : null
2026-08-01T05:11:04.376+05:30  INFO 39496 --- [GPS-SERVICE] [           main] com.netflix.discovery.DiscoveryClient    : Force full registry fetch : false
2026-08-01T05:11:04.376+05:30  INFO 39496 --- [GPS-SERVICE] [           main] com.netflix.discovery.DiscoveryClient    : Application is null : false
2026-08-01T05:11:04.376+05:30  INFO 39496 --- [GPS-SERVICE] [           main] com.netflix.discovery.DiscoveryClient    : Registered Applications size is zero : true
2026-08-01T05:11:04.376+05:30  INFO 39496 --- [GPS-SERVICE] [           main] com.netflix.discovery.DiscoveryClient    : Application version is -1: true
2026-08-01T05:11:04.376+05:30  INFO 39496 --- [GPS-SERVICE] [           main] com.netflix.discovery.DiscoveryClient    : Getting all instance registry info from the eureka server
2026-08-01T05:11:04.765+05:30  INFO 39496 --- [GPS-SERVICE] [           main] com.netflix.discovery.DiscoveryClient    : The response status is 200
2026-08-01T05:11:04.767+05:30  INFO 39496 --- [GPS-SERVICE] [           main] com.netflix.discovery.DiscoveryClient    : Starting heartbeat executor: renew interval is: 30
2026-08-01T05:11:04.768+05:30  INFO 39496 --- [GPS-SERVICE] [           main] c.n.discovery.InstanceInfoReplicator     : InstanceInfoReplicator onDemand update allowed rate per min is 4
2026-08-01T05:11:04.771+05:30  INFO 39496 --- [GPS-SERVICE] [           main] com.netflix.discovery.DiscoveryClient    : Discovery Client initialized at timestamp 1785541264769 with initial instances count: 9
2026-08-01T05:11:04.774+05:30  INFO 39496 --- [GPS-SERVICE] [           main] o.s.c.n.e.s.EurekaServiceRegistry        : Registering application GPS-SERVICE with eureka with status UP
2026-08-01T05:11:04.774+05:30  INFO 39496 --- [GPS-SERVICE] [           main] com.netflix.discovery.DiscoveryClient    : Saw local status change event StatusChangeEvent [timestamp=1785541264774, current=UP, previous=STARTING]
2026-08-01T05:11:04.775+05:30  INFO 39496 --- [GPS-SERVICE] [foReplicator-%d] com.netflix.discovery.DiscoveryClient    : DiscoveryClient_GPS-SERVICE/localhost:GPS-SERVICE:8095: registering service...
2026-08-01T05:11:04.796+05:30  INFO 39496 --- [GPS-SERVICE] [           main] o.s.b.w.embedded.tomcat.TomcatWebServer  : Tomcat started on port 8095 (http) with context path '/'
2026-08-01T05:11:04.797+05:30  INFO 39496 --- [GPS-SERVICE] [           main] .s.c.n.e.s.EurekaAutoServiceRegistration : Updating port to 8095
2026-08-01T05:11:04.822+05:30  INFO 39496 --- [GPS-SERVICE] [foReplicator-%d] com.netflix.discovery.DiscoveryClient    : DiscoveryClient_GPS-SERVICE/localhost:GPS-SERVICE:8095 - registration status: 204
2026-08-01T05:11:05.068+05:30  INFO 39496 --- [GPS-SERVICE] [nio-8095-exec-1] o.a.c.c.C.[Tomcat].[localhost].[/]       : Initializing Spring DispatcherServlet 'dispatcherServlet'
2026-08-01T05:11:05.068+05:30  INFO 39496 --- [GPS-SERVICE] [nio-8095-exec-1] o.s.web.servlet.DispatcherServlet        : Initializing Servlet 'dispatcherServlet'
2026-08-01T05:11:05.070+05:30  INFO 39496 --- [GPS-SERVICE] [nio-8095-exec-1] o.s.web.servlet.DispatcherServlet        : Completed initialization in 2 ms
Hibernate: select lgl1_0.id,lgl1_0.driver_id,lgl1_0.heading,lgl1_0.latitude,lgl1_0.longitude,lgl1_0.speed_kmh,lgl1_0.trip_id,lgl1_0.truck_id,lgl1_0.updated_at from live_gps_locations lgl1_0 where lgl1_0.truck_id in (?)
2026-08-01T05:11:05.812+05:30  INFO 39496 --- [GPS-SERVICE] [           main] o.s.cloud.commons.util.InetUtils         : Cannot determine local hostname
2026-08-01T05:11:05.824+05:30  INFO 39496 --- [GPS-SERVICE] [           main] c.b.gps.GpsServiceApplication            : Started GpsServiceApplication in 9.522 seconds (process running for 10.092)
Hibernate: select lgl1_0.id,lgl1_0.driver_id,lgl1_0.heading,lgl1_0.latitude,lgl1_0.longitude,lgl1_0.speed_kmh,lgl1_0.trip_id,lgl1_0.truck_id,lgl1_0.updated_at from live_gps_locations lgl1_0 where lgl1_0.truck_id in (?)
Hibernate: select lgl1_0.id,lgl1_0.driver_id,lgl1_0.heading,lgl1_0.latitude,lgl1_0.longitude,lgl1_0.speed_kmh,lgl1_0.trip_id,lgl1_0.truck_id,lgl1_0.updated_at from live_gps_locations lgl1_0 where lgl1_0.truck_id in (?)
Hibernate: select lgl1_0.id,lgl1_0.driver_id,lgl1_0.heading,lgl1_0.latitude,lgl1_0.longitude,lgl1_0.speed_kmh,lgl1_0.trip_id,lgl1_0.truck_id,lgl1_0.updated_at from live_gps_locations lgl1_0 where lgl1_0.truck_id in (?)
Hibernate: select lgl1_0.id,lgl1_0.driver_id,lgl1_0.heading,lgl1_0.latitude,lgl1_0.longitude,lgl1_0.speed_kmh,lgl1_0.trip_id,lgl1_0.truck_id,lgl1_0.updated_at from live_gps_locations lgl1_0 where lgl1_0.truck_id in (?)
Hibernate: select lgl1_0.id,lgl1_0.driver_id,lgl1_0.heading,lgl1_0.latitude,lgl1_0.longitude,lgl1_0.speed_kmh,lgl1_0.trip_id,lgl1_0.truck_id,lgl1_0.updated_at from live_gps_locations lgl1_0 where lgl1_0.truck_id in (?)
Hibernate: select lgl1_0.id,lgl1_0.driver_id,lgl1_0.heading,lgl1_0.latitude,lgl1_0.longitude,lgl1_0.speed_kmh,lgl1_0.trip_id,lgl1_0.truck_id,lgl1_0.updated_at from live_gps_locations lgl1_0 where lgl1_0.truck_id in (?)
Hibernate: select lgl1_0.id,lgl1_0.driver_id,lgl1_0.heading,lgl1_0.latitude,lgl1_0.longitude,lgl1_0.speed_kmh,lgl1_0.trip_id,lgl1_0.truck_id,lgl1_0.updated_at from live_gps_locations lgl1_0 where lgl1_0.truck_id in (?)
Hibernate: select lgl1_0.id,lgl1_0.driver_id,lgl1_0.heading,lgl1_0.latitude,lgl1_0.longitude,lgl1_0.speed_kmh,lgl1_0.trip_id,lgl1_0.truck_id,lgl1_0.updated_at from live_gps_locations lgl1_0 where lgl1_0.truck_id in (?)
Hibernate: select lgl1_0.id,lgl1_0.driver_id,lgl1_0.heading,lgl1_0.latitude,lgl1_0.longitude,lgl1_0.speed_kmh,lgl1_0.trip_id,lgl1_0.truck_id,lgl1_0.updated_at from live_gps_locations lgl1_0 where lgl1_0.truck_id in (?)
Hibernate: select lgl1_0.id,lgl1_0.driver_id,lgl1_0.heading,lgl1_0.latitude,lgl1_0.longitude,lgl1_0.speed_kmh,lgl1_0.trip_id,lgl1_0.truck_id,lgl1_0.updated_at from live_gps_locations lgl1_0 where lgl1_0.truck_id in (?)
Hibernate: select lgl1_0.id,lgl1_0.driver_id,lgl1_0.heading,lgl1_0.latitude,lgl1_0.longitude,lgl1_0.speed_kmh,lgl1_0.trip_id,lgl1_0.truck_id,lgl1_0.updated_at from live_gps_locations lgl1_0 where lgl1_0.truck_id in (?)
Hibernate: select lgl1_0.id,lgl1_0.driver_id,lgl1_0.heading,lgl1_0.latitude,lgl1_0.longitude,lgl1_0.speed_kmh,lgl1_0.trip_id,lgl1_0.truck_id,lgl1_0.updated_at from live_gps_locations lgl1_0 where lgl1_0.truck_id in (?)
Hibernate: select lgl1_0.id,lgl1_0.driver_id,lgl1_0.heading,lgl1_0.latitude,lgl1_0.longitude,lgl1_0.speed_kmh,lgl1_0.trip_id,lgl1_0.truck_id,lgl1_0.updated_at from live_gps_locations lgl1_0 where lgl1_0.truck_id in (?)
Hibernate: select lgl1_0.id,lgl1_0.driver_id,lgl1_0.heading,lgl1_0.latitude,lgl1_0.longitude,lgl1_0.speed_kmh,lgl1_0.trip_id,lgl1_0.truck_id,lgl1_0.updated_at from live_gps_locations lgl1_0 where lgl1_0.truck_id in (?)
Hibernate: select lgl1_0.id,lgl1_0.driver_id,lgl1_0.heading,lgl1_0.latitude,lgl1_0.longitude,lgl1_0.speed_kmh,lgl1_0.trip_id,lgl1_0.truck_id,lgl1_0.updated_at from live_gps_locations lgl1_0 where lgl1_0.truck_id in (?)
Hibernate: select lgl1_0.id,lgl1_0.driver_id,lgl1_0.heading,lgl1_0.latitude,lgl1_0.longitude,lgl1_0.speed_kmh,lgl1_0.trip_id,lgl1_0.truck_id,lgl1_0.updated_at from live_gps_locations lgl1_0 where lgl1_0.truck_id in (?)
Hibernate: select lgl1_0.id,lgl1_0.driver_id,lgl1_0.heading,lgl1_0.latitude,lgl1_0.longitude,lgl1_0.speed_kmh,lgl1_0.trip_id,lgl1_0.truck_id,lgl1_0.updated_at from live_gps_locations lgl1_0 where lgl1_0.truck_id in (?)
Hibernate: select lgl1_0.id,lgl1_0.driver_id,lgl1_0.heading,lgl1_0.latitude,lgl1_0.longitude,lgl1_0.speed_kmh,lgl1_0.trip_id,lgl1_0.truck_id,lgl1_0.updated_at from live_gps_locations lgl1_0 where lgl1_0.truck_id in (?)
Hibernate: select lgl1_0.id,lgl1_0.driver_id,lgl1_0.heading,lgl1_0.latitude,lgl1_0.longitude,lgl1_0.speed_kmh,lgl1_0.trip_id,lgl1_0.truck_id,lgl1_0.updated_at from live_gps_locations lgl1_0 where lgl1_0.truck_id in (?)
Hibernate: select lgl1_0.id,lgl1_0.driver_id,lgl1_0.heading,lgl1_0.latitude,lgl1_0.longitude,lgl1_0.speed_kmh,lgl1_0.trip_id,lgl1_0.truck_id,lgl1_0.updated_at from live_gps_locations lgl1_0 where lgl1_0.truck_id in (?)
Hibernate: select lgl1_0.id,lgl1_0.driver_id,lgl1_0.heading,lgl1_0.latitude,lgl1_0.longitude,lgl1_0.speed_kmh,lgl1_0.trip_id,lgl1_0.truck_id,lgl1_0.updated_at from live_gps_locations lgl1_0 where lgl1_0.truck_id in (?)
Hibernate: select lgl1_0.id,lgl1_0.driver_id,lgl1_0.heading,lgl1_0.latitude,lgl1_0.longitude,lgl1_0.speed_kmh,lgl1_0.trip_id,lgl1_0.truck_id,lgl1_0.updated_at from live_gps_locations lgl1_0 where lgl1_0.truck_id in (?)
Hibernate: select lgl1_0.id,lgl1_0.driver_id,lgl1_0.heading,lgl1_0.latitude,lgl1_0.longitude,lgl1_0.speed_kmh,lgl1_0.trip_id,lgl1_0.truck_id,lgl1_0.updated_at from live_gps_locations lgl1_0 where lgl1_0.truck_id in (?)
Hibernate: select lgl1_0.id,lgl1_0.driver_id,lgl1_0.heading,lgl1_0.latitude,lgl1_0.longitude,lgl1_0.speed_kmh,lgl1_0.trip_id,lgl1_0.truck_id,lgl1_0.updated_at from live_gps_locations lgl1_0 where lgl1_0.truck_id in (?)
Hibernate: select lgl1_0.id,lgl1_0.driver_id,lgl1_0.heading,lgl1_0.latitude,lgl1_0.longitude,lgl1_0.speed_kmh,lgl1_0.trip_id,lgl1_0.truck_id,lgl1_0.updated_at from live_gps_locations lgl1_0 where lgl1_0.truck_id in (?)
Hibernate: select lgl1_0.id,lgl1_0.driver_id,lgl1_0.heading,lgl1_0.latitude,lgl1_0.longitude,lgl1_0.speed_kmh,lgl1_0.trip_id,lgl1_0.truck_id,lgl1_0.updated_at from live_gps_locations lgl1_0 where lgl1_0.truck_id in (?)
Hibernate: select lgl1_0.id,lgl1_0.driver_id,lgl1_0.heading,lgl1_0.latitude,lgl1_0.longitude,lgl1_0.speed_kmh,lgl1_0.trip_id,lgl1_0.truck_id,lgl1_0.updated_at from live_gps_locations lgl1_0 where lgl1_0.truck_id in (?)
Hibernate: select gth1_0.id,gth1_0.latitude,gth1_0.longitude,gth1_0.recorded_at,gth1_0.speed_kmh,gth1_0.trip_id,gth1_0.truck_id from gps_tracking_history gth1_0 where gth1_0.truck_id=? order by gth1_0.recorded_at
Hibernate: select gth1_0.id,gth1_0.latitude,gth1_0.longitude,gth1_0.recorded_at,gth1_0.speed_kmh,gth1_0.trip_id,gth1_0.truck_id from gps_tracking_history gth1_0 where gth1_0.trip_id=? order by gth1_0.recorded_at
Hibernate: select lgl1_0.id,lgl1_0.driver_id,lgl1_0.heading,lgl1_0.latitude,lgl1_0.longitude,lgl1_0.speed_kmh,lgl1_0.trip_id,lgl1_0.truck_id,lgl1_0.updated_at from live_gps_locations lgl1_0 where lgl1_0.truck_id in (?)
Hibernate: select lgl1_0.id,lgl1_0.driver_id,lgl1_0.heading,lgl1_0.latitude,lgl1_0.longitude,lgl1_0.speed_kmh,lgl1_0.trip_id,lgl1_0.truck_id,lgl1_0.updated_at from live_gps_locations lgl1_0 where lgl1_0.truck_id=?
Hibernate: update live_gps_locations set driver_id=?,heading=?,latitude=?,longitude=?,speed_kmh=?,trip_id=?,truck_id=?,updated_at=? where id=?
Hibernate: insert into gps_tracking_history (latitude,longitude,recorded_at,speed_kmh,trip_id,truck_id) values (?,?,?,?,?,?)
Hibernate: select lgl1_0.id,lgl1_0.driver_id,lgl1_0.heading,lgl1_0.latitude,lgl1_0.longitude,lgl1_0.speed_kmh,lgl1_0.trip_id,lgl1_0.truck_id,lgl1_0.updated_at from live_gps_locations lgl1_0 where lgl1_0.truck_id in (?)
Hibernate: select lgl1_0.id,lgl1_0.driver_id,lgl1_0.heading,lgl1_0.latitude,lgl1_0.longitude,lgl1_0.speed_kmh,lgl1_0.trip_id,lgl1_0.truck_id,lgl1_0.updated_at from live_gps_locations lgl1_0 where lgl1_0.truck_id in (?)
Hibernate: select lgl1_0.id,lgl1_0.driver_id,lgl1_0.heading,lgl1_0.latitude,lgl1_0.longitude,lgl1_0.speed_kmh,lgl1_0.trip_id,lgl1_0.truck_id,lgl1_0.updated_at from live_gps_locations lgl1_0 where lgl1_0.truck_id in (?)
Hibernate: select lgl1_0.id,lgl1_0.driver_id,lgl1_0.heading,lgl1_0.latitude,lgl1_0.longitude,lgl1_0.speed_kmh,lgl1_0.trip_id,lgl1_0.truck_id,lgl1_0.updated_at from live_gps_locations lgl1_0 where lgl1_0.truck_id in (?)
Hibernate: select lgl1_0.id,lgl1_0.driver_id,lgl1_0.heading,lgl1_0.latitude,lgl1_0.longitude,lgl1_0.speed_kmh,lgl1_0.trip_id,lgl1_0.truck_id,lgl1_0.updated_at from live_gps_locations lgl1_0 where lgl1_0.truck_id in (?)
Hibernate: select lgl1_0.id,lgl1_0.driver_id,lgl1_0.heading,lgl1_0.latitude,lgl1_0.longitude,lgl1_0.speed_kmh,lgl1_0.trip_id,lgl1_0.truck_id,lgl1_0.updated_at from live_gps_locations lgl1_0 where lgl1_0.truck_id in (?)
Hibernate: select lgl1_0.id,lgl1_0.driver_id,lgl1_0.heading,lgl1_0.latitude,lgl1_0.longitude,lgl1_0.speed_kmh,lgl1_0.trip_id,lgl1_0.truck_id,lgl1_0.updated_at from live_gps_locations lgl1_0 where lgl1_0.truck_id in (?)
Hibernate: select lgl1_0.id,lgl1_0.driver_id,lgl1_0.heading,lgl1_0.latitude,lgl1_0.longitude,lgl1_0.speed_kmh,lgl1_0.trip_id,lgl1_0.truck_id,lgl1_0.updated_at from live_gps_locations lgl1_0 where lgl1_0.truck_id in (?)
Hibernate: select lgl1_0.id,lgl1_0.driver_id,lgl1_0.heading,lgl1_0.latitude,lgl1_0.longitude,lgl1_0.speed_kmh,lgl1_0.trip_id,lgl1_0.truck_id,lgl1_0.updated_at from live_gps_locations lgl1_0 where lgl1_0.truck_id in (?)
Hibernate: select lgl1_0.id,lgl1_0.driver_id,lgl1_0.heading,lgl1_0.latitude,lgl1_0.longitude,lgl1_0.speed_kmh,lgl1_0.trip_id,lgl1_0.truck_id,lgl1_0.updated_at from live_gps_locations lgl1_0 where lgl1_0.truck_id in (?)
2026-08-01T05:16:04.379+05:30  INFO 39496 --- [GPS-SERVICE] [rap-executor-%d] c.n.d.s.r.aws.ConfigClusterResolver      : Resolving eureka endpoints via configuration
Hibernate: select lgl1_0.id,lgl1_0.driver_id,lgl1_0.heading,lgl1_0.latitude,lgl1_0.longitude,lgl1_0.speed_kmh,lgl1_0.trip_id,lgl1_0.truck_id,lgl1_0.updated_at from live_gps_locations lgl1_0 where lgl1_0.truck_id in (?)
Hibernate: select lgl1_0.id,lgl1_0.driver_id,lgl1_0.heading,lgl1_0.latitude,lgl1_0.longitude,lgl1_0.speed_kmh,lgl1_0.trip_id,lgl1_0.truck_id,lgl1_0.updated_at from live_gps_locations lgl1_0 where lgl1_0.truck_id in (?)
Hibernate: select lgl1_0.id,lgl1_0.driver_id,lgl1_0.heading,lgl1_0.latitude,lgl1_0.longitude,lgl1_0.speed_kmh,lgl1_0.trip_id,lgl1_0.truck_id,lgl1_0.updated_at from live_gps_locations lgl1_0 where lgl1_0.truck_id in (?)
Hibernate: select lgl1_0.id,lgl1_0.driver_id,lgl1_0.heading,lgl1_0.latitude,lgl1_0.longitude,lgl1_0.speed_kmh,lgl1_0.trip_id,lgl1_0.truck_id,lgl1_0.updated_at from live_gps_locations lgl1_0 where lgl1_0.truck_id in (?)
Hibernate: select lgl1_0.id,lgl1_0.driver_id,lgl1_0.heading,lgl1_0.latitude,lgl1_0.longitude,lgl1_0.speed_kmh,lgl1_0.trip_id,lgl1_0.truck_id,lgl1_0.updated_at from live_gps_locations lgl1_0 where lgl1_0.truck_id in (?)
Hibernate: select lgl1_0.id,lgl1_0.driver_id,lgl1_0.heading,lgl1_0.latitude,lgl1_0.longitude,lgl1_0.speed_kmh,lgl1_0.trip_id,lgl1_0.truck_id,lgl1_0.updated_at from live_gps_locations lgl1_0 where lgl1_0.truck_id in (?)
Hibernate: select lgl1_0.id,lgl1_0.driver_id,lgl1_0.heading,lgl1_0.latitude,lgl1_0.longitude,lgl1_0.speed_kmh,lgl1_0.trip_id,lgl1_0.truck_id,lgl1_0.updated_at from live_gps_locations lgl1_0
Hibernate: select lgl1_0.id,lgl1_0.driver_id,lgl1_0.heading,lgl1_0.latitude,lgl1_0.longitude,lgl1_0.speed_kmh,lgl1_0.trip_id,lgl1_0.truck_id,lgl1_0.updated_at from live_gps_locations lgl1_0
Hibernate: select lgl1_0.id,lgl1_0.driver_id,lgl1_0.heading,lgl1_0.latitude,lgl1_0.longitude,lgl1_0.speed_kmh,lgl1_0.trip_id,lgl1_0.truck_id,lgl1_0.updated_at from live_gps_locations lgl1_0
Hibernate: select lgl1_0.id,lgl1_0.driver_id,lgl1_0.heading,lgl1_0.latitude,lgl1_0.longitude,lgl1_0.speed_kmh,lgl1_0.trip_id,lgl1_0.truck_id,lgl1_0.updated_at from live_gps_locations lgl1_0
Hibernate: select lgl1_0.id,lgl1_0.driver_id,lgl1_0.heading,lgl1_0.latitude,lgl1_0.longitude,lgl1_0.speed_kmh,lgl1_0.trip_id,lgl1_0.truck_id,lgl1_0.updated_at from live_gps_locations lgl1_0
Hibernate: select lgl1_0.id,lgl1_0.driver_id,lgl1_0.heading,lgl1_0.latitude,lgl1_0.longitude,lgl1_0.speed_kmh,lgl1_0.trip_id,lgl1_0.truck_id,lgl1_0.updated_at from live_gps_locations lgl1_0
Hibernate: select lgl1_0.id,lgl1_0.driver_id,lgl1_0.heading,lgl1_0.latitude,lgl1_0.longitude,lgl1_0.speed_kmh,lgl1_0.trip_id,lgl1_0.truck_id,lgl1_0.updated_at from live_gps_locations lgl1_0
Hibernate: select lgl1_0.id,lgl1_0.driver_id,lgl1_0.heading,lgl1_0.latitude,lgl1_0.longitude,lgl1_0.speed_kmh,lgl1_0.trip_id,lgl1_0.truck_id,lgl1_0.updated_at from live_gps_locations lgl1_0
Hibernate: select lgl1_0.id,lgl1_0.driver_id,lgl1_0.heading,lgl1_0.latitude,lgl1_0.longitude,lgl1_0.speed_kmh,lgl1_0.trip_id,lgl1_0.truck_id,lgl1_0.updated_at from live_gps_locations lgl1_0
Hibernate: select lgl1_0.id,lgl1_0.driver_id,lgl1_0.heading,lgl1_0.latitude,lgl1_0.longitude,lgl1_0.speed_kmh,lgl1_0.trip_id,lgl1_0.truck_id,lgl1_0.updated_at from live_gps_locations lgl1_0
Hibernate: select lgl1_0.id,lgl1_0.driver_id,lgl1_0.heading,lgl1_0.latitude,lgl1_0.longitude,lgl1_0.speed_kmh,lgl1_0.trip_id,lgl1_0.truck_id,lgl1_0.updated_at from live_gps_locations lgl1_0
Hibernate: select lgl1_0.id,lgl1_0.driver_id,lgl1_0.heading,lgl1_0.latitude,lgl1_0.longitude,lgl1_0.speed_kmh,lgl1_0.trip_id,lgl1_0.truck_id,lgl1_0.updated_at from live_gps_locations lgl1_0
Hibernate: select lgl1_0.id,lgl1_0.driver_id,lgl1_0.heading,lgl1_0.latitude,lgl1_0.longitude,lgl1_0.speed_kmh,lgl1_0.trip_id,lgl1_0.truck_id,lgl1_0.updated_at from live_gps_locations lgl1_0
Hibernate: select lgl1_0.id,lgl1_0.driver_id,lgl1_0.heading,lgl1_0.latitude,lgl1_0.longitude,lgl1_0.speed_kmh,lgl1_0.trip_id,lgl1_0.truck_id,lgl1_0.updated_at from live_gps_locations lgl1_0
Hibernate: select lgl1_0.id,lgl1_0.driver_id,lgl1_0.heading,lgl1_0.latitude,lgl1_0.longitude,lgl1_0.speed_kmh,lgl1_0.trip_id,lgl1_0.truck_id,lgl1_0.updated_at from live_gps_locations lgl1_0
Hibernate: select lgl1_0.id,lgl1_0.driver_id,lgl1_0.heading,lgl1_0.latitude,lgl1_0.longitude,lgl1_0.speed_kmh,lgl1_0.trip_id,lgl1_0.truck_id,lgl1_0.updated_at from live_gps_locations lgl1_0
Hibernate: select lgl1_0.id,lgl1_0.driver_id,lgl1_0.heading,lgl1_0.latitude,lgl1_0.longitude,lgl1_0.speed_kmh,lgl1_0.trip_id,lgl1_0.truck_id,lgl1_0.updated_at from live_gps_locations lgl1_0
Hibernate: select lgl1_0.id,lgl1_0.driver_id,lgl1_0.heading,lgl1_0.latitude,lgl1_0.longitude,lgl1_0.speed_kmh,lgl1_0.trip_id,lgl1_0.truck_id,lgl1_0.updated_at from live_gps_locations lgl1_0
Hibernate: select lgl1_0.id,lgl1_0.driver_id,lgl1_0.heading,lgl1_0.latitude,lgl1_0.longitude,lgl1_0.speed_kmh,lgl1_0.trip_id,lgl1_0.truck_id,lgl1_0.updated_at from live_gps_locations lgl1_0
Hibernate: select lgl1_0.id,lgl1_0.driver_id,lgl1_0.heading,lgl1_0.latitude,lgl1_0.longitude,lgl1_0.speed_kmh,lgl1_0.trip_id,lgl1_0.truck_id,lgl1_0.updated_at from live_gps_locations lgl1_0
Hibernate: select lgl1_0.id,lgl1_0.driver_id,lgl1_0.heading,lgl1_0.latitude,lgl1_0.longitude,lgl1_0.speed_kmh,lgl1_0.trip_id,lgl1_0.truck_id,lgl1_0.updated_at from live_gps_locations lgl1_0
Hibernate: select lgl1_0.id,lgl1_0.driver_id,lgl1_0.heading,lgl1_0.latitude,lgl1_0.longitude,lgl1_0.speed_kmh,lgl1_0.trip_id,lgl1_0.truck_id,lgl1_0.updated_at from live_gps_locations lgl1_0
Hibernate: select lgl1_0.id,lgl1_0.driver_id,lgl1_0.heading,lgl1_0.latitude,lgl1_0.longitude,lgl1_0.speed_kmh,lgl1_0.trip_id,lgl1_0.truck_id,lgl1_0.updated_at from live_gps_locations lgl1_0
Hibernate: select lgl1_0.id,lgl1_0.driver_id,lgl1_0.heading,lgl1_0.latitude,lgl1_0.longitude,lgl1_0.speed_kmh,lgl1_0.trip_id,lgl1_0.truck_id,lgl1_0.updated_at from live_gps_locations lgl1_0
Hibernate: select lgl1_0.id,lgl1_0.driver_id,lgl1_0.heading,lgl1_0.latitude,lgl1_0.longitude,lgl1_0.speed_kmh,lgl1_0.trip_id,lgl1_0.truck_id,lgl1_0.updated_at from live_gps_locations lgl1_0
Hibernate: select lgl1_0.id,lgl1_0.driver_id,lgl1_0.heading,lgl1_0.latitude,lgl1_0.longitude,lgl1_0.speed_kmh,lgl1_0.trip_id,lgl1_0.truck_id,lgl1_0.updated_at from live_gps_locations lgl1_0
2026-08-01T05:21:04.385+05:30  INFO 39496 --- [GPS-SERVICE] [rap-executor-%d] c.n.d.s.r.aws.ConfigClusterResolver      : Resolving eureka endpoints via configuration
Hibernate: select lgl1_0.id,lgl1_0.driver_id,lgl1_0.heading,lgl1_0.latitude,lgl1_0.longitude,lgl1_0.speed_kmh,lgl1_0.trip_id,lgl1_0.truck_id,lgl1_0.updated_at from live_gps_locations lgl1_0
Hibernate: select lgl1_0.id,lgl1_0.driver_id,lgl1_0.heading,lgl1_0.latitude,lgl1_0.longitude,lgl1_0.speed_kmh,lgl1_0.trip_id,lgl1_0.truck_id,lgl1_0.updated_at from live_gps_locations lgl1_0
Hibernate: select lgl1_0.id,lgl1_0.driver_id,lgl1_0.heading,lgl1_0.latitude,lgl1_0.longitude,lgl1_0.speed_kmh,lgl1_0.trip_id,lgl1_0.truck_id,lgl1_0.updated_at from live_gps_locations lgl1_0
Hibernate: select lgl1_0.id,lgl1_0.driver_id,lgl1_0.heading,lgl1_0.latitude,lgl1_0.longitude,lgl1_0.speed_kmh,lgl1_0.trip_id,lgl1_0.truck_id,lgl1_0.updated_at from live_gps_locations lgl1_0
Hibernate: select lgl1_0.id,lgl1_0.driver_id,lgl1_0.heading,lgl1_0.latitude,lgl1_0.longitude,lgl1_0.speed_kmh,lgl1_0.trip_id,lgl1_0.truck_id,lgl1_0.updated_at from live_gps_locations lgl1_0
Hibernate: select lgl1_0.id,lgl1_0.driver_id,lgl1_0.heading,lgl1_0.latitude,lgl1_0.longitude,lgl1_0.speed_kmh,lgl1_0.trip_id,lgl1_0.truck_id,lgl1_0.updated_at from live_gps_locations lgl1_0
Hibernate: select lgl1_0.id,lgl1_0.driver_id,lgl1_0.heading,lgl1_0.latitude,lgl1_0.longitude,lgl1_0.speed_kmh,lgl1_0.trip_id,lgl1_0.truck_id,lgl1_0.updated_at from live_gps_locations lgl1_0
Hibernate: select lgl1_0.id,lgl1_0.driver_id,lgl1_0.heading,lgl1_0.latitude,lgl1_0.longitude,lgl1_0.speed_kmh,lgl1_0.trip_id,lgl1_0.truck_id,lgl1_0.updated_at from live_gps_locations lgl1_0
Hibernate: select lgl1_0.id,lgl1_0.driver_id,lgl1_0.heading,lgl1_0.latitude,lgl1_0.longitude,lgl1_0.speed_kmh,lgl1_0.trip_id,lgl1_0.truck_id,lgl1_0.updated_at from live_gps_locations lgl1_0
Hibernate: select lgl1_0.id,lgl1_0.driver_id,lgl1_0.heading,lgl1_0.latitude,lgl1_0.longitude,lgl1_0.speed_kmh,lgl1_0.trip_id,lgl1_0.truck_id,lgl1_0.updated_at from live_gps_locations lgl1_0
Hibernate: select lgl1_0.id,lgl1_0.driver_id,lgl1_0.heading,lgl1_0.latitude,lgl1_0.longitude,lgl1_0.speed_kmh,lgl1_0.trip_id,lgl1_0.truck_id,lgl1_0.updated_at from live_gps_locations lgl1_0
Hibernate: select lgl1_0.id,lgl1_0.driver_id,lgl1_0.heading,lgl1_0.latitude,lgl1_0.longitude,lgl1_0.speed_kmh,lgl1_0.trip_id,lgl1_0.truck_id,lgl1_0.updated_at from live_gps_locations lgl1_0
Hibernate: select lgl1_0.id,lgl1_0.driver_id,lgl1_0.heading,lgl1_0.latitude,lgl1_0.longitude,lgl1_0.speed_kmh,lgl1_0.trip_id,lgl1_0.truck_id,lgl1_0.updated_at from live_gps_locations lgl1_0
Hibernate: select lgl1_0.id,lgl1_0.driver_id,lgl1_0.heading,lgl1_0.latitude,lgl1_0.longitude,lgl1_0.speed_kmh,lgl1_0.trip_id,lgl1_0.truck_id,lgl1_0.updated_at from live_gps_locations lgl1_0
Hibernate: select lgl1_0.id,lgl1_0.driver_id,lgl1_0.heading,lgl1_0.latitude,lgl1_0.longitude,lgl1_0.speed_kmh,lgl1_0.trip_id,lgl1_0.truck_id,lgl1_0.updated_at from live_gps_locations lgl1_0
Hibernate: select lgl1_0.id,lgl1_0.driver_id,lgl1_0.heading,lgl1_0.latitude,lgl1_0.longitude,lgl1_0.speed_kmh,lgl1_0.trip_id,lgl1_0.truck_id,lgl1_0.updated_at from live_gps_locations lgl1_0
Hibernate: select lgl1_0.id,lgl1_0.driver_id,lgl1_0.heading,lgl1_0.latitude,lgl1_0.longitude,lgl1_0.speed_kmh,lgl1_0.trip_id,lgl1_0.truck_id,lgl1_0.updated_at from live_gps_locations lgl1_0
Hibernate: select lgl1_0.id,lgl1_0.driver_id,lgl1_0.heading,lgl1_0.latitude,lgl1_0.longitude,lgl1_0.speed_kmh,lgl1_0.trip_id,lgl1_0.truck_id,lgl1_0.updated_at from live_gps_locations lgl1_0
Hibernate: select lgl1_0.id,lgl1_0.driver_id,lgl1_0.heading,lgl1_0.latitude,lgl1_0.longitude,lgl1_0.speed_kmh,lgl1_0.trip_id,lgl1_0.truck_id,lgl1_0.updated_at from live_gps_locations lgl1_0
Hibernate: select lgl1_0.id,lgl1_0.driver_id,lgl1_0.heading,lgl1_0.latitude,lgl1_0.longitude,lgl1_0.speed_kmh,lgl1_0.trip_id,lgl1_0.truck_id,lgl1_0.updated_at from live_gps_locations lgl1_0
Hibernate: select lgl1_0.id,lgl1_0.driver_id,lgl1_0.heading,lgl1_0.latitude,lgl1_0.longitude,lgl1_0.speed_kmh,lgl1_0.trip_id,lgl1_0.truck_id,lgl1_0.updated_at from live_gps_locations lgl1_0 where lgl1_0.truck_id in (?)
Hibernate: select lgl1_0.id,lgl1_0.driver_id,lgl1_0.heading,lgl1_0.latitude,lgl1_0.longitude,lgl1_0.speed_kmh,lgl1_0.trip_id,lgl1_0.truck_id,lgl1_0.updated_at from live_gps_locations lgl1_0 where lgl1_0.truck_id in (?)
Hibernate: select lgl1_0.id,lgl1_0.driver_id,lgl1_0.heading,lgl1_0.latitude,lgl1_0.longitude,lgl1_0.speed_kmh,lgl1_0.trip_id,lgl1_0.truck_id,lgl1_0.updated_at from live_gps_locations lgl1_0 where lgl1_0.truck_id in (?)
Hibernate: select lgl1_0.id,lgl1_0.driver_id,lgl1_0.heading,lgl1_0.latitude,lgl1_0.longitude,lgl1_0.speed_kmh,lgl1_0.trip_id,lgl1_0.truck_id,lgl1_0.updated_at from live_gps_locations lgl1_0 where lgl1_0.truck_id in (?)
Hibernate: select lgl1_0.id,lgl1_0.driver_id,lgl1_0.heading,lgl1_0.latitude,lgl1_0.longitude,lgl1_0.speed_kmh,lgl1_0.trip_id,lgl1_0.truck_id,lgl1_0.updated_at from live_gps_locations lgl1_0 where lgl1_0.truck_id in (?)
Hibernate: select lgl1_0.id,lgl1_0.driver_id,lgl1_0.heading,lgl1_0.latitude,lgl1_0.longitude,lgl1_0.speed_kmh,lgl1_0.trip_id,lgl1_0.truck_id,lgl1_0.updated_at from live_gps_locations lgl1_0 where lgl1_0.truck_id in (?)
Hibernate: select lgl1_0.id,lgl1_0.driver_id,lgl1_0.heading,lgl1_0.latitude,lgl1_0.longitude,lgl1_0.speed_kmh,lgl1_0.trip_id,lgl1_0.truck_id,lgl1_0.updated_at from live_gps_locations lgl1_0 where lgl1_0.truck_id in (?)
Hibernate: select lgl1_0.id,lgl1_0.driver_id,lgl1_0.heading,lgl1_0.latitude,lgl1_0.longitude,lgl1_0.speed_kmh,lgl1_0.trip_id,lgl1_0.truck_id,lgl1_0.updated_at from live_gps_locations lgl1_0 where lgl1_0.truck_id in (?)
Hibernate: select lgl1_0.id,lgl1_0.driver_id,lgl1_0.heading,lgl1_0.latitude,lgl1_0.longitude,lgl1_0.speed_kmh,lgl1_0.trip_id,lgl1_0.truck_id,lgl1_0.updated_at from live_gps_locations lgl1_0 where lgl1_0.truck_id in (?)
Hibernate: select lgl1_0.id,lgl1_0.driver_id,lgl1_0.heading,lgl1_0.latitude,lgl1_0.longitude,lgl1_0.speed_kmh,lgl1_0.trip_id,lgl1_0.truck_id,lgl1_0.updated_at from live_gps_locations lgl1_0 where lgl1_0.truck_id in (?)
Hibernate: select lgl1_0.id,lgl1_0.driver_id,lgl1_0.heading,lgl1_0.latitude,lgl1_0.longitude,lgl1_0.speed_kmh,lgl1_0.trip_id,lgl1_0.truck_id,lgl1_0.updated_at from live_gps_locations lgl1_0 where lgl1_0.truck_id in (?)
Hibernate: select lgl1_0.id,lgl1_0.driver_id,lgl1_0.heading,lgl1_0.latitude,lgl1_0.longitude,lgl1_0.speed_kmh,lgl1_0.trip_id,lgl1_0.truck_id,lgl1_0.updated_at from live_gps_locations lgl1_0 where lgl1_0.truck_id in (?)
Hibernate: select lgl1_0.id,lgl1_0.driver_id,lgl1_0.heading,lgl1_0.latitude,lgl1_0.longitude,lgl1_0.speed_kmh,lgl1_0.trip_id,lgl1_0.truck_id,lgl1_0.updated_at from live_gps_locations lgl1_0 where lgl1_0.truck_id in (?)
Hibernate: select lgl1_0.id,lgl1_0.driver_id,lgl1_0.heading,lgl1_0.latitude,lgl1_0.longitude,lgl1_0.speed_kmh,lgl1_0.trip_id,lgl1_0.truck_id,lgl1_0.updated_at from live_gps_locations lgl1_0 where lgl1_0.truck_id in (?)
Hibernate: select lgl1_0.id,lgl1_0.driver_id,lgl1_0.heading,lgl1_0.latitude,lgl1_0.longitude,lgl1_0.speed_kmh,lgl1_0.trip_id,lgl1_0.truck_id,lgl1_0.updated_at from live_gps_locations lgl1_0 where lgl1_0.truck_id in (?)
2026-08-01T05:26:04.387+05:30  INFO 39496 --- [GPS-SERVICE] [rap-executor-%d] c.n.d.s.r.aws.ConfigClusterResolver      : Resolving eureka endpoints via configuration
Hibernate: select lgl1_0.id,lgl1_0.driver_id,lgl1_0.heading,lgl1_0.latitude,lgl1_0.longitude,lgl1_0.speed_kmh,lgl1_0.trip_id,lgl1_0.truck_id,lgl1_0.updated_at from live_gps_locations lgl1_0 where lgl1_0.truck_id in (?)
Hibernate: select lgl1_0.id,lgl1_0.driver_id,lgl1_0.heading,lgl1_0.latitude,lgl1_0.longitude,lgl1_0.speed_kmh,lgl1_0.trip_id,lgl1_0.truck_id,lgl1_0.updated_at from live_gps_locations lgl1_0 where lgl1_0.truck_id in (?)
Hibernate: select lgl1_0.id,lgl1_0.driver_id,lgl1_0.heading,lgl1_0.latitude,lgl1_0.longitude,lgl1_0.speed_kmh,lgl1_0.trip_id,lgl1_0.truck_id,lgl1_0.updated_at from live_gps_locations lgl1_0 where lgl1_0.truck_id in (?)
Hibernate: select lgl1_0.id,lgl1_0.driver_id,lgl1_0.heading,lgl1_0.latitude,lgl1_0.longitude,lgl1_0.speed_kmh,lgl1_0.trip_id,lgl1_0.truck_id,lgl1_0.updated_at from live_gps_locations lgl1_0 where lgl1_0.truck_id in (?)
Hibernate: select lgl1_0.id,lgl1_0.driver_id,lgl1_0.heading,lgl1_0.latitude,lgl1_0.longitude,lgl1_0.speed_kmh,lgl1_0.trip_id,lgl1_0.truck_id,lgl1_0.updated_at from live_gps_locations lgl1_0 where lgl1_0.truck_id in (?)
Hibernate: select lgl1_0.id,lgl1_0.driver_id,lgl1_0.heading,lgl1_0.latitude,lgl1_0.longitude,lgl1_0.speed_kmh,lgl1_0.trip_id,lgl1_0.truck_id,lgl1_0.updated_at from live_gps_locations lgl1_0 where lgl1_0.truck_id in (?)
Hibernate: select lgl1_0.id,lgl1_0.driver_id,lgl1_0.heading,lgl1_0.latitude,lgl1_0.longitude,lgl1_0.speed_kmh,lgl1_0.trip_id,lgl1_0.truck_id,lgl1_0.updated_at from live_gps_locations lgl1_0 where lgl1_0.truck_id in (?)
Hibernate: select lgl1_0.id,lgl1_0.driver_id,lgl1_0.heading,lgl1_0.latitude,lgl1_0.longitude,lgl1_0.speed_kmh,lgl1_0.trip_id,lgl1_0.truck_id,lgl1_0.updated_at from live_gps_locations lgl1_0 where lgl1_0.truck_id in (?)
Hibernate: select lgl1_0.id,lgl1_0.driver_id,lgl1_0.heading,lgl1_0.latitude,lgl1_0.longitude,lgl1_0.speed_kmh,lgl1_0.trip_id,lgl1_0.truck_id,lgl1_0.updated_at from live_gps_locations lgl1_0 where lgl1_0.truck_id in (?)
Hibernate: select lgl1_0.id,lgl1_0.driver_id,lgl1_0.heading,lgl1_0.latitude,lgl1_0.longitude,lgl1_0.speed_kmh,lgl1_0.trip_id,lgl1_0.truck_id,lgl1_0.updated_at from live_gps_locations lgl1_0 where lgl1_0.truck_id in (?)
Hibernate: select lgl1_0.id,lgl1_0.driver_id,lgl1_0.heading,lgl1_0.latitude,lgl1_0.longitude,lgl1_0.speed_kmh,lgl1_0.trip_id,lgl1_0.truck_id,lgl1_0.updated_at from live_gps_locations lgl1_0 where lgl1_0.truck_id in (?)
Hibernate: select lgl1_0.id,lgl1_0.driver_id,lgl1_0.heading,lgl1_0.latitude,lgl1_0.longitude,lgl1_0.speed_kmh,lgl1_0.trip_id,lgl1_0.truck_id,lgl1_0.updated_at from live_gps_locations lgl1_0 where lgl1_0.truck_id in (?)
Hibernate: select lgl1_0.id,lgl1_0.driver_id,lgl1_0.heading,lgl1_0.latitude,lgl1_0.longitude,lgl1_0.speed_kmh,lgl1_0.trip_id,lgl1_0.truck_id,lgl1_0.updated_at from live_gps_locations lgl1_0 where lgl1_0.truck_id in (?)
Hibernate: select lgl1_0.id,lgl1_0.driver_id,lgl1_0.heading,lgl1_0.latitude,lgl1_0.longitude,lgl1_0.speed_kmh,lgl1_0.trip_id,lgl1_0.truck_id,lgl1_0.updated_at from live_gps_locations lgl1_0 where lgl1_0.truck_id in (?)
Hibernate: select lgl1_0.id,lgl1_0.driver_id,lgl1_0.heading,lgl1_0.latitude,lgl1_0.longitude,lgl1_0.speed_kmh,lgl1_0.trip_id,lgl1_0.truck_id,lgl1_0.updated_at from live_gps_locations lgl1_0 where lgl1_0.truck_id in (?)
Hibernate: select lgl1_0.id,lgl1_0.driver_id,lgl1_0.heading,lgl1_0.latitude,lgl1_0.longitude,lgl1_0.speed_kmh,lgl1_0.trip_id,lgl1_0.truck_id,lgl1_0.updated_at from live_gps_locations lgl1_0 where lgl1_0.truck_id in (?)
Hibernate: select lgl1_0.id,lgl1_0.driver_id,lgl1_0.heading,lgl1_0.latitude,lgl1_0.longitude,lgl1_0.speed_kmh,lgl1_0.trip_id,lgl1_0.truck_id,lgl1_0.updated_at from live_gps_locations lgl1_0 where lgl1_0.truck_id in (?)
Hibernate: select lgl1_0.id,lgl1_0.driver_id,lgl1_0.heading,lgl1_0.latitude,lgl1_0.longitude,lgl1_0.speed_kmh,lgl1_0.trip_id,lgl1_0.truck_id,lgl1_0.updated_at from live_gps_locations lgl1_0 where lgl1_0.truck_id in (?)
Hibernate: select lgl1_0.id,lgl1_0.driver_id,lgl1_0.heading,lgl1_0.latitude,lgl1_0.longitude,lgl1_0.speed_kmh,lgl1_0.trip_id,lgl1_0.truck_id,lgl1_0.updated_at from live_gps_locations lgl1_0 where lgl1_0.truck_id in (?)
Hibernate: select lgl1_0.id,lgl1_0.driver_id,lgl1_0.heading,lgl1_0.latitude,lgl1_0.longitude,lgl1_0.speed_kmh,lgl1_0.trip_id,lgl1_0.truck_id,lgl1_0.updated_at from live_gps_locations lgl1_0 where lgl1_0.truck_id in (?)
Hibernate: select lgl1_0.id,lgl1_0.driver_id,lgl1_0.heading,lgl1_0.latitude,lgl1_0.longitude,lgl1_0.speed_kmh,lgl1_0.trip_id,lgl1_0.truck_id,lgl1_0.updated_at from live_gps_locations lgl1_0 where lgl1_0.truck_id in (?)
Hibernate: select lgl1_0.id,lgl1_0.driver_id,lgl1_0.heading,lgl1_0.latitude,lgl1_0.longitude,lgl1_0.speed_kmh,lgl1_0.trip_id,lgl1_0.truck_id,lgl1_0.updated_at from live_gps_locations lgl1_0 where lgl1_0.truck_id in (?)
Hibernate: select lgl1_0.id,lgl1_0.driver_id,lgl1_0.heading,lgl1_0.latitude,lgl1_0.longitude,lgl1_0.speed_kmh,lgl1_0.trip_id,lgl1_0.truck_id,lgl1_0.updated_at from live_gps_locations lgl1_0 where lgl1_0.truck_id in (?)
Hibernate: select lgl1_0.id,lgl1_0.driver_id,lgl1_0.heading,lgl1_0.latitude,lgl1_0.longitude,lgl1_0.speed_kmh,lgl1_0.trip_id,lgl1_0.truck_id,lgl1_0.updated_at from live_gps_locations lgl1_0 where lgl1_0.truck_id in (?)
2026-08-01T05:31:04.388+05:30  INFO 39496 --- [GPS-SERVICE] [rap-executor-%d] c.n.d.s.r.aws.ConfigClusterResolver      : Resolving eureka endpoints via configuration
Hibernate: select lgl1_0.id,lgl1_0.driver_id,lgl1_0.heading,lgl1_0.latitude,lgl1_0.longitude,lgl1_0.speed_kmh,lgl1_0.trip_id,lgl1_0.truck_id,lgl1_0.updated_at from live_gps_locations lgl1_0 where lgl1_0.truck_id in (?)
Hibernate: select lgl1_0.id,lgl1_0.driver_id,lgl1_0.heading,lgl1_0.latitude,lgl1_0.longitude,lgl1_0.speed_kmh,lgl1_0.trip_id,lgl1_0.truck_id,lgl1_0.updated_at from live_gps_locations lgl1_0 where lgl1_0.truck_id in (?)
Hibernate: select lgl1_0.id,lgl1_0.driver_id,lgl1_0.heading,lgl1_0.latitude,lgl1_0.longitude,lgl1_0.speed_kmh,lgl1_0.trip_id,lgl1_0.truck_id,lgl1_0.updated_at from live_gps_locations lgl1_0 where lgl1_0.truck_id in (?)
Hibernate: select lgl1_0.id,lgl1_0.driver_id,lgl1_0.heading,lgl1_0.latitude,lgl1_0.longitude,lgl1_0.speed_kmh,lgl1_0.trip_id,lgl1_0.truck_id,lgl1_0.updated_at from live_gps_locations lgl1_0 where lgl1_0.truck_id in (?)
Hibernate: select lgl1_0.id,lgl1_0.driver_id,lgl1_0.heading,lgl1_0.latitude,lgl1_0.longitude,lgl1_0.speed_kmh,lgl1_0.trip_id,lgl1_0.truck_id,lgl1_0.updated_at from live_gps_locations lgl1_0 where lgl1_0.truck_id in (?)
Hibernate: select lgl1_0.id,lgl1_0.driver_id,lgl1_0.heading,lgl1_0.latitude,lgl1_0.longitude,lgl1_0.speed_kmh,lgl1_0.trip_id,lgl1_0.truck_id,lgl1_0.updated_at from live_gps_locations lgl1_0 where lgl1_0.truck_id in (?)
Hibernate: select lgl1_0.id,lgl1_0.driver_id,lgl1_0.heading,lgl1_0.latitude,lgl1_0.longitude,lgl1_0.speed_kmh,lgl1_0.trip_id,lgl1_0.truck_id,lgl1_0.updated_at from live_gps_locations lgl1_0 where lgl1_0.truck_id in (?)
Hibernate: select lgl1_0.id,lgl1_0.driver_id,lgl1_0.heading,lgl1_0.latitude,lgl1_0.longitude,lgl1_0.speed_kmh,lgl1_0.trip_id,lgl1_0.truck_id,lgl1_0.updated_at from live_gps_locations lgl1_0 where lgl1_0.truck_id in (?)
Hibernate: select lgl1_0.id,lgl1_0.driver_id,lgl1_0.heading,lgl1_0.latitude,lgl1_0.longitude,lgl1_0.speed_kmh,lgl1_0.trip_id,lgl1_0.truck_id,lgl1_0.updated_at from live_gps_locations lgl1_0 where lgl1_0.truck_id in (?)
Hibernate: select lgl1_0.id,lgl1_0.driver_id,lgl1_0.heading,lgl1_0.latitude,lgl1_0.longitude,lgl1_0.speed_kmh,lgl1_0.trip_id,lgl1_0.truck_id,lgl1_0.updated_at from live_gps_locations lgl1_0 where lgl1_0.truck_id in (?)
Hibernate: select lgl1_0.id,lgl1_0.driver_id,lgl1_0.heading,lgl1_0.latitude,lgl1_0.longitude,lgl1_0.speed_kmh,lgl1_0.trip_id,lgl1_0.truck_id,lgl1_0.updated_at from live_gps_locations lgl1_0 where lgl1_0.truck_id in (?)
2026-08-01T05:36:04.390+05:30  INFO 39496 --- [GPS-SERVICE] [rap-executor-%d] c.n.d.s.r.aws.ConfigClusterResolver      : Resolving eureka endpoints via configuration
Hibernate: select lgl1_0.id,lgl1_0.driver_id,lgl1_0.heading,lgl1_0.latitude,lgl1_0.longitude,lgl1_0.speed_kmh,lgl1_0.trip_id,lgl1_0.truck_id,lgl1_0.updated_at from live_gps_locations lgl1_0 where lgl1_0.truck_id in (?)
Hibernate: select lgl1_0.id,lgl1_0.driver_id,lgl1_0.heading,lgl1_0.latitude,lgl1_0.longitude,lgl1_0.speed_kmh,lgl1_0.trip_id,lgl1_0.truck_id,lgl1_0.updated_at from live_gps_locations lgl1_0 where lgl1_0.truck_id in (?)
Hibernate: select lgl1_0.id,lgl1_0.driver_id,lgl1_0.heading,lgl1_0.latitude,lgl1_0.longitude,lgl1_0.speed_kmh,lgl1_0.trip_id,lgl1_0.truck_id,lgl1_0.updated_at from live_gps_locations lgl1_0 where lgl1_0.truck_id in (?)
2026-08-01T05:41:04.392+05:30  INFO 39496 --- [GPS-SERVICE] [rap-executor-%d] c.n.d.s.r.aws.ConfigClusterResolver      : Resolving eureka endpoints via configuration
2026-08-01T05:46:04.394+05:30  INFO 39496 --- [GPS-SERVICE] [rap-executor-%d] c.n.d.s.r.aws.ConfigClusterResolver      : Resolving eureka endpoints via configuration
2026-08-01T05:51:04.397+05:30  INFO 39496 --- [GPS-SERVICE] [rap-executor-%d] c.n.d.s.r.aws.ConfigClusterResolver      : Resolving eureka endpoints via configuration
2026-08-01T05:56:04.405+05:30  INFO 39496 --- [GPS-SERVICE] [rap-executor-%d] c.n.d.s.r.aws.ConfigClusterResolver      : Resolving eureka endpoints via configuration
Hibernate: select lgl1_0.id,lgl1_0.driver_id,lgl1_0.heading,lgl1_0.latitude,lgl1_0.longitude,lgl1_0.speed_kmh,lgl1_0.trip_id,lgl1_0.truck_id,lgl1_0.updated_at from live_gps_locations lgl1_0 where lgl1_0.truck_id=?
Hibernate: update live_gps_locations set driver_id=?,heading=?,latitude=?,longitude=?,speed_kmh=?,trip_id=?,truck_id=?,updated_at=? where id=?
Hibernate: insert into gps_tracking_history (latitude,longitude,recorded_at,speed_kmh,trip_id,truck_id) values (?,?,?,?,?,?)
Hibernate: select lgl1_0.id,lgl1_0.driver_id,lgl1_0.heading,lgl1_0.latitude,lgl1_0.longitude,lgl1_0.speed_kmh,lgl1_0.trip_id,lgl1_0.truck_id,lgl1_0.updated_at from live_gps_locations lgl1_0 where lgl1_0.truck_id=?
Hibernate: update live_gps_locations set driver_id=?,heading=?,latitude=?,longitude=?,speed_kmh=?,trip_id=?,truck_id=?,updated_at=? where id=?
Hibernate: insert into gps_tracking_history (latitude,longitude,recorded_at,speed_kmh,trip_id,truck_id) values (?,?,?,?,?,?)
Hibernate: select lgl1_0.id,lgl1_0.driver_id,lgl1_0.heading,lgl1_0.latitude,lgl1_0.longitude,lgl1_0.speed_kmh,lgl1_0.trip_id,lgl1_0.truck_id,lgl1_0.updated_at from live_gps_locations lgl1_0 where lgl1_0.truck_id=?
Hibernate: update live_gps_locations set driver_id=?,heading=?,latitude=?,longitude=?,speed_kmh=?,trip_id=?,truck_id=?,updated_at=? where id=?
Hibernate: insert into gps_tracking_history (latitude,longitude,recorded_at,speed_kmh,trip_id,truck_id) values (?,?,?,?,?,?)
Hibernate: select lgl1_0.id,lgl1_0.driver_id,lgl1_0.heading,lgl1_0.latitude,lgl1_0.longitude,lgl1_0.speed_kmh,lgl1_0.trip_id,lgl1_0.truck_id,lgl1_0.updated_at from live_gps_locations lgl1_0 where lgl1_0.truck_id=?
Hibernate: update live_gps_locations set driver_id=?,heading=?,latitude=?,longitude=?,speed_kmh=?,trip_id=?,truck_id=?,updated_at=? where id=?
Hibernate: insert into gps_tracking_history (latitude,longitude,recorded_at,speed_kmh,trip_id,truck_id) values (?,?,?,?,?,?)
Hibernate: select lgl1_0.id,lgl1_0.driver_id,lgl1_0.heading,lgl1_0.latitude,lgl1_0.longitude,lgl1_0.speed_kmh,lgl1_0.trip_id,lgl1_0.truck_id,lgl1_0.updated_at from live_gps_locations lgl1_0 where lgl1_0.truck_id=?
Hibernate: update live_gps_locations set driver_id=?,heading=?,latitude=?,longitude=?,speed_kmh=?,trip_id=?,truck_id=?,updated_at=? where id=?
Hibernate: insert into gps_tracking_history (latitude,longitude,recorded_at,speed_kmh,trip_id,truck_id) values (?,?,?,?,?,?)
Hibernate: select lgl1_0.id,lgl1_0.driver_id,lgl1_0.heading,lgl1_0.latitude,lgl1_0.longitude,lgl1_0.speed_kmh,lgl1_0.trip_id,lgl1_0.truck_id,lgl1_0.updated_at from live_gps_locations lgl1_0 where lgl1_0.truck_id=?
Hibernate: update live_gps_locations set driver_id=?,heading=?,latitude=?,longitude=?,speed_kmh=?,trip_id=?,truck_id=?,updated_at=? where id=?
Hibernate: insert into gps_tracking_history (latitude,longitude,recorded_at,speed_kmh,trip_id,truck_id) values (?,?,?,?,?,?)
Hibernate: select lgl1_0.id,lgl1_0.driver_id,lgl1_0.heading,lgl1_0.latitude,lgl1_0.longitude,lgl1_0.speed_kmh,lgl1_0.trip_id,lgl1_0.truck_id,lgl1_0.updated_at from live_gps_locations lgl1_0 where lgl1_0.truck_id in (?)
Hibernate: select lgl1_0.id,lgl1_0.driver_id,lgl1_0.heading,lgl1_0.latitude,lgl1_0.longitude,lgl1_0.speed_kmh,lgl1_0.trip_id,lgl1_0.truck_id,lgl1_0.updated_at from live_gps_locations lgl1_0 where lgl1_0.truck_id in (?)
Hibernate: select lgl1_0.id,lgl1_0.driver_id,lgl1_0.heading,lgl1_0.latitude,lgl1_0.longitude,lgl1_0.speed_kmh,lgl1_0.trip_id,lgl1_0.truck_id,lgl1_0.updated_at from live_gps_locations lgl1_0 where lgl1_0.truck_id=?
Hibernate: update live_gps_locations set driver_id=?,heading=?,latitude=?,longitude=?,speed_kmh=?,trip_id=?,truck_id=?,updated_at=? where id=?
Hibernate: insert into gps_tracking_history (latitude,longitude,recorded_at,speed_kmh,trip_id,truck_id) values (?,?,?,?,?,?)
Hibernate: select lgl1_0.id,lgl1_0.driver_id,lgl1_0.heading,lgl1_0.latitude,lgl1_0.longitude,lgl1_0.speed_kmh,lgl1_0.trip_id,lgl1_0.truck_id,lgl1_0.updated_at from live_gps_locations lgl1_0 where lgl1_0.truck_id=?
Hibernate: update live_gps_locations set driver_id=?,heading=?,latitude=?,longitude=?,speed_kmh=?,trip_id=?,truck_id=?,updated_at=? where id=?
Hibernate: insert into gps_tracking_history (latitude,longitude,recorded_at,speed_kmh,trip_id,truck_id) values (?,?,?,?,?,?)
Hibernate: select lgl1_0.id,lgl1_0.driver_id,lgl1_0.heading,lgl1_0.latitude,lgl1_0.longitude,lgl1_0.speed_kmh,lgl1_0.trip_id,lgl1_0.truck_id,lgl1_0.updated_at from live_gps_locations lgl1_0 where lgl1_0.truck_id=?
Hibernate: update live_gps_locations set driver_id=?,heading=?,latitude=?,longitude=?,speed_kmh=?,trip_id=?,truck_id=?,updated_at=? where id=?
Hibernate: insert into gps_tracking_history (latitude,longitude,recorded_at,speed_kmh,trip_id,truck_id) values (?,?,?,?,?,?)
Hibernate: select lgl1_0.id,lgl1_0.driver_id,lgl1_0.heading,lgl1_0.latitude,lgl1_0.longitude,lgl1_0.speed_kmh,lgl1_0.trip_id,lgl1_0.truck_id,lgl1_0.updated_at from live_gps_locations lgl1_0 where lgl1_0.truck_id=?
Hibernate: update live_gps_locations set driver_id=?,heading=?,latitude=?,longitude=?,speed_kmh=?,trip_id=?,truck_id=?,updated_at=? where id=?
Hibernate: insert into gps_tracking_history (latitude,longitude,recorded_at,speed_kmh,trip_id,truck_id) values (?,?,?,?,?,?)
Hibernate: select lgl1_0.id,lgl1_0.driver_id,lgl1_0.heading,lgl1_0.latitude,lgl1_0.longitude,lgl1_0.speed_kmh,lgl1_0.trip_id,lgl1_0.truck_id,lgl1_0.updated_at from live_gps_locations lgl1_0 where lgl1_0.truck_id in (?)
Hibernate: select lgl1_0.id,lgl1_0.driver_id,lgl1_0.heading,lgl1_0.latitude,lgl1_0.longitude,lgl1_0.speed_kmh,lgl1_0.trip_id,lgl1_0.truck_id,lgl1_0.updated_at from live_gps_locations lgl1_0 where lgl1_0.truck_id=?
Hibernate: update live_gps_locations set driver_id=?,heading=?,latitude=?,longitude=?,speed_kmh=?,trip_id=?,truck_id=?,updated_at=? where id=?
Hibernate: insert into gps_tracking_history (latitude,longitude,recorded_at,speed_kmh,trip_id,truck_id) values (?,?,?,?,?,?)
Hibernate: select lgl1_0.id,lgl1_0.driver_id,lgl1_0.heading,lgl1_0.latitude,lgl1_0.longitude,lgl1_0.speed_kmh,lgl1_0.trip_id,lgl1_0.truck_id,lgl1_0.updated_at from live_gps_locations lgl1_0 where lgl1_0.truck_id in (?)
Hibernate: select lgl1_0.id,lgl1_0.driver_id,lgl1_0.heading,lgl1_0.latitude,lgl1_0.longitude,lgl1_0.speed_kmh,lgl1_0.trip_id,lgl1_0.truck_id,lgl1_0.updated_at from live_gps_locations lgl1_0 where lgl1_0.truck_id in (?)
Hibernate: select lgl1_0.id,lgl1_0.driver_id,lgl1_0.heading,lgl1_0.latitude,lgl1_0.longitude,lgl1_0.speed_kmh,lgl1_0.trip_id,lgl1_0.truck_id,lgl1_0.updated_at from live_gps_locations lgl1_0 where lgl1_0.truck_id=?
Hibernate: update live_gps_locations set driver_id=?,heading=?,latitude=?,longitude=?,speed_kmh=?,trip_id=?,truck_id=?,updated_at=? where id=?
Hibernate: insert into gps_tracking_history (latitude,longitude,recorded_at,speed_kmh,trip_id,truck_id) values (?,?,?,?,?,?)
Hibernate: select lgl1_0.id,lgl1_0.driver_id,lgl1_0.heading,lgl1_0.latitude,lgl1_0.longitude,lgl1_0.speed_kmh,lgl1_0.trip_id,lgl1_0.truck_id,lgl1_0.updated_at from live_gps_locations lgl1_0 where lgl1_0.truck_id=?
Hibernate: update live_gps_locations set driver_id=?,heading=?,latitude=?,longitude=?,speed_kmh=?,trip_id=?,truck_id=?,updated_at=? where id=?
Hibernate: insert into gps_tracking_history (latitude,longitude,recorded_at,speed_kmh,trip_id,truck_id) values (?,?,?,?,?,?)
Hibernate: select lgl1_0.id,lgl1_0.driver_id,lgl1_0.heading,lgl1_0.latitude,lgl1_0.longitude,lgl1_0.speed_kmh,lgl1_0.trip_id,lgl1_0.truck_id,lgl1_0.updated_at from live_gps_locations lgl1_0 where lgl1_0.truck_id=?
Hibernate: update live_gps_locations set driver_id=?,heading=?,latitude=?,longitude=?,speed_kmh=?,trip_id=?,truck_id=?,updated_at=? where id=?
Hibernate: insert into gps_tracking_history (latitude,longitude,recorded_at,speed_kmh,trip_id,truck_id) values (?,?,?,?,?,?)
Hibernate: select lgl1_0.id,lgl1_0.driver_id,lgl1_0.heading,lgl1_0.latitude,lgl1_0.longitude,lgl1_0.speed_kmh,lgl1_0.trip_id,lgl1_0.truck_id,lgl1_0.updated_at from live_gps_locations lgl1_0 where lgl1_0.truck_id=?
Hibernate: update live_gps_locations set driver_id=?,heading=?,latitude=?,longitude=?,speed_kmh=?,trip_id=?,truck_id=?,updated_at=? where id=?
Hibernate: insert into gps_tracking_history (latitude,longitude,recorded_at,speed_kmh,trip_id,truck_id) values (?,?,?,?,?,?)
Hibernate: select lgl1_0.id,lgl1_0.driver_id,lgl1_0.heading,lgl1_0.latitude,lgl1_0.longitude,lgl1_0.speed_kmh,lgl1_0.trip_id,lgl1_0.truck_id,lgl1_0.updated_at from live_gps_locations lgl1_0 where lgl1_0.truck_id=?
Hibernate: update live_gps_locations set driver_id=?,heading=?,latitude=?,longitude=?,speed_kmh=?,trip_id=?,truck_id=?,updated_at=? where id=?
Hibernate: insert into gps_tracking_history (latitude,longitude,recorded_at,speed_kmh,trip_id,truck_id) values (?,?,?,?,?,?)
Hibernate: select lgl1_0.id,lgl1_0.driver_id,lgl1_0.heading,lgl1_0.latitude,lgl1_0.longitude,lgl1_0.speed_kmh,lgl1_0.trip_id,lgl1_0.truck_id,lgl1_0.updated_at from live_gps_locations lgl1_0 where lgl1_0.truck_id=?
Hibernate: update live_gps_locations set driver_id=?,heading=?,latitude=?,longitude=?,speed_kmh=?,trip_id=?,truck_id=?,updated_at=? where id=?
Hibernate: insert into gps_tracking_history (latitude,longitude,recorded_at,speed_kmh,trip_id,truck_id) values (?,?,?,?,?,?)
Hibernate: select lgl1_0.id,lgl1_0.driver_id,lgl1_0.heading,lgl1_0.latitude,lgl1_0.longitude,lgl1_0.speed_kmh,lgl1_0.trip_id,lgl1_0.truck_id,lgl1_0.updated_at from live_gps_locations lgl1_0 where lgl1_0.truck_id=?
Hibernate: update live_gps_locations set driver_id=?,heading=?,latitude=?,longitude=?,speed_kmh=?,trip_id=?,truck_id=?,updated_at=? where id=?
Hibernate: insert into gps_tracking_history (latitude,longitude,recorded_at,speed_kmh,trip_id,truck_id) values (?,?,?,?,?,?)
Hibernate: select lgl1_0.id,lgl1_0.driver_id,lgl1_0.heading,lgl1_0.latitude,lgl1_0.longitude,lgl1_0.speed_kmh,lgl1_0.trip_id,lgl1_0.truck_id,lgl1_0.updated_at from live_gps_locations lgl1_0 where lgl1_0.truck_id=?
Hibernate: update live_gps_locations set driver_id=?,heading=?,latitude=?,longitude=?,speed_kmh=?,trip_id=?,truck_id=?,updated_at=? where id=?
Hibernate: insert into gps_tracking_history (latitude,longitude,recorded_at,speed_kmh,trip_id,truck_id) values (?,?,?,?,?,?)
Hibernate: select lgl1_0.id,lgl1_0.driver_id,lgl1_0.heading,lgl1_0.latitude,lgl1_0.longitude,lgl1_0.speed_kmh,lgl1_0.trip_id,lgl1_0.truck_id,lgl1_0.updated_at from live_gps_locations lgl1_0 where lgl1_0.truck_id=?
Hibernate: update live_gps_locations set driver_id=?,heading=?,latitude=?,longitude=?,speed_kmh=?,trip_id=?,truck_id=?,updated_at=? where id=?
Hibernate: insert into gps_tracking_history (latitude,longitude,recorded_at,speed_kmh,trip_id,truck_id) values (?,?,?,?,?,?)
Hibernate: select lgl1_0.id,lgl1_0.driver_id,lgl1_0.heading,lgl1_0.latitude,lgl1_0.longitude,lgl1_0.speed_kmh,lgl1_0.trip_id,lgl1_0.truck_id,lgl1_0.updated_at from live_gps_locations lgl1_0 where lgl1_0.truck_id=?
Hibernate: update live_gps_locations set driver_id=?,heading=?,latitude=?,longitude=?,speed_kmh=?,trip_id=?,truck_id=?,updated_at=? where id=?
Hibernate: insert into gps_tracking_history (latitude,longitude,recorded_at,speed_kmh,trip_id,truck_id) values (?,?,?,?,?,?)
Hibernate: select lgl1_0.id,lgl1_0.driver_id,lgl1_0.heading,lgl1_0.latitude,lgl1_0.longitude,lgl1_0.speed_kmh,lgl1_0.trip_id,lgl1_0.truck_id,lgl1_0.updated_at from live_gps_locations lgl1_0 where lgl1_0.truck_id=?
Hibernate: update live_gps_locations set driver_id=?,heading=?,latitude=?,longitude=?,speed_kmh=?,trip_id=?,truck_id=?,updated_at=? where id=?
Hibernate: insert into gps_tracking_history (latitude,longitude,recorded_at,speed_kmh,trip_id,truck_id) values (?,?,?,?,?,?)
Hibernate: select lgl1_0.id,lgl1_0.driver_id,lgl1_0.heading,lgl1_0.latitude,lgl1_0.longitude,lgl1_0.speed_kmh,lgl1_0.trip_id,lgl1_0.truck_id,lgl1_0.updated_at from live_gps_locations lgl1_0 where lgl1_0.truck_id=?
Hibernate: update live_gps_locations set driver_id=?,heading=?,latitude=?,longitude=?,speed_kmh=?,trip_id=?,truck_id=?,updated_at=? where id=?
Hibernate: insert into gps_tracking_history (latitude,longitude,recorded_at,speed_kmh,trip_id,truck_id) values (?,?,?,?,?,?)
Hibernate: select lgl1_0.id,lgl1_0.driver_id,lgl1_0.heading,lgl1_0.latitude,lgl1_0.longitude,lgl1_0.speed_kmh,lgl1_0.trip_id,lgl1_0.truck_id,lgl1_0.updated_at from live_gps_locations lgl1_0 where lgl1_0.truck_id=?
Hibernate: update live_gps_locations set driver_id=?,heading=?,latitude=?,longitude=?,speed_kmh=?,trip_id=?,truck_id=?,updated_at=? where id=?
Hibernate: insert into gps_tracking_history (latitude,longitude,recorded_at,speed_kmh,trip_id,truck_id) values (?,?,?,?,?,?)
Hibernate: select lgl1_0.id,lgl1_0.driver_id,lgl1_0.heading,lgl1_0.latitude,lgl1_0.longitude,lgl1_0.speed_kmh,lgl1_0.trip_id,lgl1_0.truck_id,lgl1_0.updated_at from live_gps_locations lgl1_0 where lgl1_0.truck_id=?
Hibernate: update live_gps_locations set driver_id=?,heading=?,latitude=?,longitude=?,speed_kmh=?,trip_id=?,truck_id=?,updated_at=? where id=?
Hibernate: insert into gps_tracking_history (latitude,longitude,recorded_at,speed_kmh,trip_id,truck_id) values (?,?,?,?,?,?)
Hibernate: select lgl1_0.id,lgl1_0.driver_id,lgl1_0.heading,lgl1_0.latitude,lgl1_0.longitude,lgl1_0.speed_kmh,lgl1_0.trip_id,lgl1_0.truck_id,lgl1_0.updated_at from live_gps_locations lgl1_0 where lgl1_0.truck_id in (?)
Hibernate: select lgl1_0.id,lgl1_0.driver_id,lgl1_0.heading,lgl1_0.latitude,lgl1_0.longitude,lgl1_0.speed_kmh,lgl1_0.trip_id,lgl1_0.truck_id,lgl1_0.updated_at from live_gps_locations lgl1_0 where lgl1_0.truck_id in (?)
Hibernate: select lgl1_0.id,lgl1_0.driver_id,lgl1_0.heading,lgl1_0.latitude,lgl1_0.longitude,lgl1_0.speed_kmh,lgl1_0.trip_id,lgl1_0.truck_id,lgl1_0.updated_at from live_gps_locations lgl1_0 where lgl1_0.truck_id=?
Hibernate: update live_gps_locations set driver_id=?,heading=?,latitude=?,longitude=?,speed_kmh=?,trip_id=?,truck_id=?,updated_at=? where id=?
Hibernate: insert into gps_tracking_history (latitude,longitude,recorded_at,speed_kmh,trip_id,truck_id) values (?,?,?,?,?,?)
Hibernate: select lgl1_0.id,lgl1_0.driver_id,lgl1_0.heading,lgl1_0.latitude,lgl1_0.longitude,lgl1_0.speed_kmh,lgl1_0.trip_id,lgl1_0.truck_id,lgl1_0.updated_at from live_gps_locations lgl1_0 where lgl1_0.truck_id=?
Hibernate: update live_gps_locations set driver_id=?,heading=?,latitude=?,longitude=?,speed_kmh=?,trip_id=?,truck_id=?,updated_at=? where id=?
Hibernate: insert into gps_tracking_history (latitude,longitude,recorded_at,speed_kmh,trip_id,truck_id) values (?,?,?,?,?,?)
Hibernate: select lgl1_0.id,lgl1_0.driver_id,lgl1_0.heading,lgl1_0.latitude,lgl1_0.longitude,lgl1_0.speed_kmh,lgl1_0.trip_id,lgl1_0.truck_id,lgl1_0.updated_at from live_gps_locations lgl1_0 where lgl1_0.truck_id=?
Hibernate: update live_gps_locations set driver_id=?,heading=?,latitude=?,longitude=?,speed_kmh=?,trip_id=?,truck_id=?,updated_at=? where id=?
Hibernate: insert into gps_tracking_history (latitude,longitude,recorded_at,speed_kmh,trip_id,truck_id) values (?,?,?,?,?,?)
Hibernate: select lgl1_0.id,lgl1_0.driver_id,lgl1_0.heading,lgl1_0.latitude,lgl1_0.longitude,lgl1_0.speed_kmh,lgl1_0.trip_id,lgl1_0.truck_id,lgl1_0.updated_at from live_gps_locations lgl1_0 where lgl1_0.truck_id=?
Hibernate: update live_gps_locations set driver_id=?,heading=?,latitude=?,longitude=?,speed_kmh=?,trip_id=?,truck_id=?,updated_at=? where id=?
Hibernate: insert into gps_tracking_history (latitude,longitude,recorded_at,speed_kmh,trip_id,truck_id) values (?,?,?,?,?,?)
Hibernate: select lgl1_0.id,lgl1_0.driver_id,lgl1_0.heading,lgl1_0.latitude,lgl1_0.longitude,lgl1_0.speed_kmh,lgl1_0.trip_id,lgl1_0.truck_id,lgl1_0.updated_at from live_gps_locations lgl1_0 where lgl1_0.truck_id=?
Hibernate: update live_gps_locations set driver_id=?,heading=?,latitude=?,longitude=?,speed_kmh=?,trip_id=?,truck_id=?,updated_at=? where id=?
Hibernate: insert into gps_tracking_history (latitude,longitude,recorded_at,speed_kmh,trip_id,truck_id) values (?,?,?,?,?,?)
Hibernate: select lgl1_0.id,lgl1_0.driver_id,lgl1_0.heading,lgl1_0.latitude,lgl1_0.longitude,lgl1_0.speed_kmh,lgl1_0.trip_id,lgl1_0.truck_id,lgl1_0.updated_at from live_gps_locations lgl1_0 where lgl1_0.truck_id=?
Hibernate: update live_gps_locations set driver_id=?,heading=?,latitude=?,longitude=?,speed_kmh=?,trip_id=?,truck_id=?,updated_at=? where id=?
Hibernate: insert into gps_tracking_history (latitude,longitude,recorded_at,speed_kmh,trip_id,truck_id) values (?,?,?,?,?,?)
Hibernate: select lgl1_0.id,lgl1_0.driver_id,lgl1_0.heading,lgl1_0.latitude,lgl1_0.longitude,lgl1_0.speed_kmh,lgl1_0.trip_id,lgl1_0.truck_id,lgl1_0.updated_at from live_gps_locations lgl1_0 where lgl1_0.truck_id=?
Hibernate: update live_gps_locations set driver_id=?,heading=?,latitude=?,longitude=?,speed_kmh=?,trip_id=?,truck_id=?,updated_at=? where id=?
Hibernate: insert into gps_tracking_history (latitude,longitude,recorded_at,speed_kmh,trip_id,truck_id) values (?,?,?,?,?,?)
Hibernate: select lgl1_0.id,lgl1_0.driver_id,lgl1_0.heading,lgl1_0.latitude,lgl1_0.longitude,lgl1_0.speed_kmh,lgl1_0.trip_id,lgl1_0.truck_id,lgl1_0.updated_at from live_gps_locations lgl1_0 where lgl1_0.truck_id=?
Hibernate: update live_gps_locations set driver_id=?,heading=?,latitude=?,longitude=?,speed_kmh=?,trip_id=?,truck_id=?,updated_at=? where id=?
Hibernate: insert into gps_tracking_history (latitude,longitude,recorded_at,speed_kmh,trip_id,truck_id) values (?,?,?,?,?,?)
Hibernate: select lgl1_0.id,lgl1_0.driver_id,lgl1_0.heading,lgl1_0.latitude,lgl1_0.longitude,lgl1_0.speed_kmh,lgl1_0.trip_id,lgl1_0.truck_id,lgl1_0.updated_at from live_gps_locations lgl1_0 where lgl1_0.truck_id=?
Hibernate: update live_gps_locations set driver_id=?,heading=?,latitude=?,longitude=?,speed_kmh=?,trip_id=?,truck_id=?,updated_at=? where id=?
Hibernate: insert into gps_tracking_history (latitude,longitude,recorded_at,speed_kmh,trip_id,truck_id) values (?,?,?,?,?,?)
Hibernate: select lgl1_0.id,lgl1_0.driver_id,lgl1_0.heading,lgl1_0.latitude,lgl1_0.longitude,lgl1_0.speed_kmh,lgl1_0.trip_id,lgl1_0.truck_id,lgl1_0.updated_at from live_gps_locations lgl1_0 where lgl1_0.truck_id=?
Hibernate: update live_gps_locations set driver_id=?,heading=?,latitude=?,longitude=?,speed_kmh=?,trip_id=?,truck_id=?,updated_at=? where id=?
Hibernate: insert into gps_tracking_history (latitude,longitude,recorded_at,speed_kmh,trip_id,truck_id) values (?,?,?,?,?,?)
2026-08-01T06:01:04.406+05:30  INFO 39496 --- [GPS-SERVICE] [rap-executor-%d] c.n.d.s.r.aws.ConfigClusterResolver      : Resolving eureka endpoints via configuration
2026-08-01T06:06:04.409+05:30  INFO 39496 --- [GPS-SERVICE] [rap-executor-%d] c.n.d.s.r.aws.ConfigClusterResolver      : Resolving eureka endpoints via configuration
2026-08-01T06:11:04.410+05:30  INFO 39496 --- [GPS-SERVICE] [rap-executor-%d] c.n.d.s.r.aws.ConfigClusterResolver      : Resolving eureka endpoints via configuration
Hibernate: select lgl1_0.id,lgl1_0.driver_id,lgl1_0.heading,lgl1_0.latitude,lgl1_0.longitude,lgl1_0.speed_kmh,lgl1_0.trip_id,lgl1_0.truck_id,lgl1_0.updated_at from live_gps_locations lgl1_0 where lgl1_0.truck_id in (?)
Hibernate: select lgl1_0.id,lgl1_0.driver_id,lgl1_0.heading,lgl1_0.latitude,lgl1_0.longitude,lgl1_0.speed_kmh,lgl1_0.trip_id,lgl1_0.truck_id,lgl1_0.updated_at from live_gps_locations lgl1_0 where lgl1_0.truck_id in (?)
2026-08-01T06:16:04.412+05:30  INFO 39496 --- [GPS-SERVICE] [rap-executor-%d] c.n.d.s.r.aws.ConfigClusterResolver      : Resolving eureka endpoints via configuration
2026-08-01T06:21:06.758+05:30  INFO 39496 --- [GPS-SERVICE] [rap-executor-%d] c.n.d.s.r.aws.ConfigClusterResolver      : Resolving eureka endpoints via configuration
Hibernate: select lgl1_0.id,lgl1_0.driver_id,lgl1_0.heading,lgl1_0.latitude,lgl1_0.longitude,lgl1_0.speed_kmh,lgl1_0.trip_id,lgl1_0.truck_id,lgl1_0.updated_at from live_gps_locations lgl1_0 where lgl1_0.truck_id=?
Hibernate: update live_gps_locations set driver_id=?,heading=?,latitude=?,longitude=?,speed_kmh=?,trip_id=?,truck_id=?,updated_at=? where id=?
Hibernate: insert into gps_tracking_history (latitude,longitude,recorded_at,speed_kmh,trip_id,truck_id) values (?,?,?,?,?,?)
Hibernate: select lgl1_0.id,lgl1_0.driver_id,lgl1_0.heading,lgl1_0.latitude,lgl1_0.longitude,lgl1_0.speed_kmh,lgl1_0.trip_id,lgl1_0.truck_id,lgl1_0.updated_at from live_gps_locations lgl1_0 where lgl1_0.truck_id=?
Hibernate: update live_gps_locations set driver_id=?,heading=?,latitude=?,longitude=?,speed_kmh=?,trip_id=?,truck_id=?,updated_at=? where id=?
Hibernate: insert into gps_tracking_history (latitude,longitude,recorded_at,speed_kmh,trip_id,truck_id) values (?,?,?,?,?,?)
Hibernate: select lgl1_0.id,lgl1_0.driver_id,lgl1_0.heading,lgl1_0.latitude,lgl1_0.longitude,lgl1_0.speed_kmh,lgl1_0.trip_id,lgl1_0.truck_id,lgl1_0.updated_at from live_gps_locations lgl1_0 where lgl1_0.truck_id=?
Hibernate: update live_gps_locations set driver_id=?,heading=?,latitude=?,longitude=?,speed_kmh=?,trip_id=?,truck_id=?,updated_at=? where id=?
Hibernate: insert into gps_tracking_history (latitude,longitude,recorded_at,speed_kmh,trip_id,truck_id) values (?,?,?,?,?,?)
Hibernate: select lgl1_0.id,lgl1_0.driver_id,lgl1_0.heading,lgl1_0.latitude,lgl1_0.longitude,lgl1_0.speed_kmh,lgl1_0.trip_id,lgl1_0.truck_id,lgl1_0.updated_at from live_gps_locations lgl1_0 where lgl1_0.truck_id=?
Hibernate: update live_gps_locations set driver_id=?,heading=?,latitude=?,longitude=?,speed_kmh=?,trip_id=?,truck_id=?,updated_at=? where id=?
Hibernate: insert into gps_tracking_history (latitude,longitude,recorded_at,speed_kmh,trip_id,truck_id) values (?,?,?,?,?,?)
Hibernate: select lgl1_0.id,lgl1_0.driver_id,lgl1_0.heading,lgl1_0.latitude,lgl1_0.longitude,lgl1_0.speed_kmh,lgl1_0.trip_id,lgl1_0.truck_id,lgl1_0.updated_at from live_gps_locations lgl1_0 where lgl1_0.truck_id=?
Hibernate: update live_gps_locations set driver_id=?,heading=?,latitude=?,longitude=?,speed_kmh=?,trip_id=?,truck_id=?,updated_at=? where id=?
Hibernate: insert into gps_tracking_history (latitude,longitude,recorded_at,speed_kmh,trip_id,truck_id) values (?,?,?,?,?,?)
Hibernate: select lgl1_0.id,lgl1_0.driver_id,lgl1_0.heading,lgl1_0.latitude,lgl1_0.longitude,lgl1_0.speed_kmh,lgl1_0.trip_id,lgl1_0.truck_id,lgl1_0.updated_at from live_gps_locations lgl1_0 where lgl1_0.truck_id=?
Hibernate: update live_gps_locations set driver_id=?,heading=?,latitude=?,longitude=?,speed_kmh=?,trip_id=?,truck_id=?,updated_at=? where id=?
Hibernate: insert into gps_tracking_history (latitude,longitude,recorded_at,speed_kmh,trip_id,truck_id) values (?,?,?,?,?,?)
Hibernate: select lgl1_0.id,lgl1_0.driver_id,lgl1_0.heading,lgl1_0.latitude,lgl1_0.longitude,lgl1_0.speed_kmh,lgl1_0.trip_id,lgl1_0.truck_id,lgl1_0.updated_at from live_gps_locations lgl1_0 where lgl1_0.truck_id=?
Hibernate: update live_gps_locations set driver_id=?,heading=?,latitude=?,longitude=?,speed_kmh=?,trip_id=?,truck_id=?,updated_at=? where id=?
Hibernate: insert into gps_tracking_history (latitude,longitude,recorded_at,speed_kmh,trip_id,truck_id) values (?,?,?,?,?,?)
Hibernate: select lgl1_0.id,lgl1_0.driver_id,lgl1_0.heading,lgl1_0.latitude,lgl1_0.longitude,lgl1_0.speed_kmh,lgl1_0.trip_id,lgl1_0.truck_id,lgl1_0.updated_at from live_gps_locations lgl1_0 where lgl1_0.truck_id=?
Hibernate: update live_gps_locations set driver_id=?,heading=?,latitude=?,longitude=?,speed_kmh=?,trip_id=?,truck_id=?,updated_at=? where id=?
Hibernate: insert into gps_tracking_history (latitude,longitude,recorded_at,speed_kmh,trip_id,truck_id) values (?,?,?,?,?,?)
Hibernate: select lgl1_0.id,lgl1_0.driver_id,lgl1_0.heading,lgl1_0.latitude,lgl1_0.longitude,lgl1_0.speed_kmh,lgl1_0.trip_id,lgl1_0.truck_id,lgl1_0.updated_at from live_gps_locations lgl1_0 where lgl1_0.truck_id=?
Hibernate: update live_gps_locations set driver_id=?,heading=?,latitude=?,longitude=?,speed_kmh=?,trip_id=?,truck_id=?,updated_at=? where id=?
Hibernate: insert into gps_tracking_history (latitude,longitude,recorded_at,speed_kmh,trip_id,truck_id) values (?,?,?,?,?,?)
Hibernate: select lgl1_0.id,lgl1_0.driver_id,lgl1_0.heading,lgl1_0.latitude,lgl1_0.longitude,lgl1_0.speed_kmh,lgl1_0.trip_id,lgl1_0.truck_id,lgl1_0.updated_at from live_gps_locations lgl1_0 where lgl1_0.truck_id=?
Hibernate: update live_gps_locations set driver_id=?,heading=?,latitude=?,longitude=?,speed_kmh=?,trip_id=?,truck_id=?,updated_at=? where id=?
Hibernate: insert into gps_tracking_history (latitude,longitude,recorded_at,speed_kmh,trip_id,truck_id) values (?,?,?,?,?,?)
Hibernate: select lgl1_0.id,lgl1_0.driver_id,lgl1_0.heading,lgl1_0.latitude,lgl1_0.longitude,lgl1_0.speed_kmh,lgl1_0.trip_id,lgl1_0.truck_id,lgl1_0.updated_at from live_gps_locations lgl1_0 where lgl1_0.truck_id=?
Hibernate: update live_gps_locations set driver_id=?,heading=?,latitude=?,longitude=?,speed_kmh=?,trip_id=?,truck_id=?,updated_at=? where id=?
Hibernate: insert into gps_tracking_history (latitude,longitude,recorded_at,speed_kmh,trip_id,truck_id) values (?,?,?,?,?,?)
Hibernate: select lgl1_0.id,lgl1_0.driver_id,lgl1_0.heading,lgl1_0.latitude,lgl1_0.longitude,lgl1_0.speed_kmh,lgl1_0.trip_id,lgl1_0.truck_id,lgl1_0.updated_at from live_gps_locations lgl1_0 where lgl1_0.truck_id=?
Hibernate: update live_gps_locations set driver_id=?,heading=?,latitude=?,longitude=?,speed_kmh=?,trip_id=?,truck_id=?,updated_at=? where id=?
Hibernate: insert into gps_tracking_history (latitude,longitude,recorded_at,speed_kmh,trip_id,truck_id) values (?,?,?,?,?,?)
Hibernate: select lgl1_0.id,lgl1_0.driver_id,lgl1_0.heading,lgl1_0.latitude,lgl1_0.longitude,lgl1_0.speed_kmh,lgl1_0.trip_id,lgl1_0.truck_id,lgl1_0.updated_at from live_gps_locations lgl1_0 where lgl1_0.truck_id=?
Hibernate: update live_gps_locations set driver_id=?,heading=?,latitude=?,longitude=?,speed_kmh=?,trip_id=?,truck_id=?,updated_at=? where id=?
Hibernate: insert into gps_tracking_history (latitude,longitude,recorded_at,speed_kmh,trip_id,truck_id) values (?,?,?,?,?,?)
Hibernate: select lgl1_0.id,lgl1_0.driver_id,lgl1_0.heading,lgl1_0.latitude,lgl1_0.longitude,lgl1_0.speed_kmh,lgl1_0.trip_id,lgl1_0.truck_id,lgl1_0.updated_at from live_gps_locations lgl1_0 where lgl1_0.truck_id=?
Hibernate: update live_gps_locations set driver_id=?,heading=?,latitude=?,longitude=?,speed_kmh=?,trip_id=?,truck_id=?,updated_at=? where id=?
Hibernate: insert into gps_tracking_history (latitude,longitude,recorded_at,speed_kmh,trip_id,truck_id) values (?,?,?,?,?,?)
Hibernate: select lgl1_0.id,lgl1_0.driver_id,lgl1_0.heading,lgl1_0.latitude,lgl1_0.longitude,lgl1_0.speed_kmh,lgl1_0.trip_id,lgl1_0.truck_id,lgl1_0.updated_at from live_gps_locations lgl1_0 where lgl1_0.truck_id=?
Hibernate: update live_gps_locations set driver_id=?,heading=?,latitude=?,longitude=?,speed_kmh=?,trip_id=?,truck_id=?,updated_at=? where id=?
Hibernate: insert into gps_tracking_history (latitude,longitude,recorded_at,speed_kmh,trip_id,truck_id) values (?,?,?,?,?,?)
Hibernate: select lgl1_0.id,lgl1_0.driver_id,lgl1_0.heading,lgl1_0.latitude,lgl1_0.longitude,lgl1_0.speed_kmh,lgl1_0.trip_id,lgl1_0.truck_id,lgl1_0.updated_at from live_gps_locations lgl1_0 where lgl1_0.truck_id=?
Hibernate: update live_gps_locations set driver_id=?,heading=?,latitude=?,longitude=?,speed_kmh=?,trip_id=?,truck_id=?,updated_at=? where id=?
Hibernate: insert into gps_tracking_history (latitude,longitude,recorded_at,speed_kmh,trip_id,truck_id) values (?,?,?,?,?,?)
Hibernate: select lgl1_0.id,lgl1_0.driver_id,lgl1_0.heading,lgl1_0.latitude,lgl1_0.longitude,lgl1_0.speed_kmh,lgl1_0.trip_id,lgl1_0.truck_id,lgl1_0.updated_at from live_gps_locations lgl1_0 where lgl1_0.truck_id=?
Hibernate: update live_gps_locations set driver_id=?,heading=?,latitude=?,longitude=?,speed_kmh=?,trip_id=?,truck_id=?,updated_at=? where id=?
Hibernate: insert into gps_tracking_history (latitude,longitude,recorded_at,speed_kmh,trip_id,truck_id) values (?,?,?,?,?,?)
Hibernate: select lgl1_0.id,lgl1_0.driver_id,lgl1_0.heading,lgl1_0.latitude,lgl1_0.longitude,lgl1_0.speed_kmh,lgl1_0.trip_id,lgl1_0.truck_id,lgl1_0.updated_at from live_gps_locations lgl1_0 where lgl1_0.truck_id=?
Hibernate: update live_gps_locations set driver_id=?,heading=?,latitude=?,longitude=?,speed_kmh=?,trip_id=?,truck_id=?,updated_at=? where id=?
Hibernate: insert into gps_tracking_history (latitude,longitude,recorded_at,speed_kmh,trip_id,truck_id) values (?,?,?,?,?,?)
Hibernate: select lgl1_0.id,lgl1_0.driver_id,lgl1_0.heading,lgl1_0.latitude,lgl1_0.longitude,lgl1_0.speed_kmh,lgl1_0.trip_id,lgl1_0.truck_id,lgl1_0.updated_at from live_gps_locations lgl1_0 where lgl1_0.truck_id=?
Hibernate: update live_gps_locations set driver_id=?,heading=?,latitude=?,longitude=?,speed_kmh=?,trip_id=?,truck_id=?,updated_at=? where id=?
Hibernate: insert into gps_tracking_history (latitude,longitude,recorded_at,speed_kmh,trip_id,truck_id) values (?,?,?,?,?,?)
Hibernate: select lgl1_0.id,lgl1_0.driver_id,lgl1_0.heading,lgl1_0.latitude,lgl1_0.longitude,lgl1_0.speed_kmh,lgl1_0.trip_id,lgl1_0.truck_id,lgl1_0.updated_at from live_gps_locations lgl1_0 where lgl1_0.truck_id=?
Hibernate: update live_gps_locations set driver_id=?,heading=?,latitude=?,longitude=?,speed_kmh=?,trip_id=?,truck_id=?,updated_at=? where id=?
Hibernate: insert into gps_tracking_history (latitude,longitude,recorded_at,speed_kmh,trip_id,truck_id) values (?,?,?,?,?,?)
Hibernate: select lgl1_0.id,lgl1_0.driver_id,lgl1_0.heading,lgl1_0.latitude,lgl1_0.longitude,lgl1_0.speed_kmh,lgl1_0.trip_id,lgl1_0.truck_id,lgl1_0.updated_at from live_gps_locations lgl1_0 where lgl1_0.truck_id=?
Hibernate: update live_gps_locations set driver_id=?,heading=?,latitude=?,longitude=?,speed_kmh=?,trip_id=?,truck_id=?,updated_at=? where id=?
Hibernate: insert into gps_tracking_history (latitude,longitude,recorded_at,speed_kmh,trip_id,truck_id) values (?,?,?,?,?,?)
Hibernate: select lgl1_0.id,lgl1_0.driver_id,lgl1_0.heading,lgl1_0.latitude,lgl1_0.longitude,lgl1_0.speed_kmh,lgl1_0.trip_id,lgl1_0.truck_id,lgl1_0.updated_at from live_gps_locations lgl1_0 where lgl1_0.truck_id=?
Hibernate: update live_gps_locations set driver_id=?,heading=?,latitude=?,longitude=?,speed_kmh=?,trip_id=?,truck_id=?,updated_at=? where id=?
Hibernate: insert into gps_tracking_history (latitude,longitude,recorded_at,speed_kmh,trip_id,truck_id) values (?,?,?,?,?,?)
Hibernate: select lgl1_0.id,lgl1_0.driver_id,lgl1_0.heading,lgl1_0.latitude,lgl1_0.longitude,lgl1_0.speed_kmh,lgl1_0.trip_id,lgl1_0.truck_id,lgl1_0.updated_at from live_gps_locations lgl1_0 where lgl1_0.truck_id=?
Hibernate: update live_gps_locations set driver_id=?,heading=?,latitude=?,longitude=?,speed_kmh=?,trip_id=?,truck_id=?,updated_at=? where id=?
Hibernate: insert into gps_tracking_history (latitude,longitude,recorded_at,speed_kmh,trip_id,truck_id) values (?,?,?,?,?,?)
Hibernate: select lgl1_0.id,lgl1_0.driver_id,lgl1_0.heading,lgl1_0.latitude,lgl1_0.longitude,lgl1_0.speed_kmh,lgl1_0.trip_id,lgl1_0.truck_id,lgl1_0.updated_at from live_gps_locations lgl1_0 where lgl1_0.truck_id=?
Hibernate: update live_gps_locations set driver_id=?,heading=?,latitude=?,longitude=?,speed_kmh=?,trip_id=?,truck_id=?,updated_at=? where id=?
Hibernate: insert into gps_tracking_history (latitude,longitude,recorded_at,speed_kmh,trip_id,truck_id) values (?,?,?,?,?,?)
2026-08-01T06:26:06.759+05:30  INFO 39496 --- [GPS-SERVICE] [rap-executor-%d] c.n.d.s.r.aws.ConfigClusterResolver      : Resolving eureka endpoints via configuration
Hibernate: select lgl1_0.id,lgl1_0.driver_id,lgl1_0.heading,lgl1_0.latitude,lgl1_0.longitude,lgl1_0.speed_kmh,lgl1_0.trip_id,lgl1_0.truck_id,lgl1_0.updated_at from live_gps_locations lgl1_0 where lgl1_0.truck_id=?
Hibernate: update live_gps_locations set driver_id=?,heading=?,latitude=?,longitude=?,speed_kmh=?,trip_id=?,truck_id=?,updated_at=? where id=?
Hibernate: insert into gps_tracking_history (latitude,longitude,recorded_at,speed_kmh,trip_id,truck_id) values (?,?,?,?,?,?)
Hibernate: select lgl1_0.id,lgl1_0.driver_id,lgl1_0.heading,lgl1_0.latitude,lgl1_0.longitude,lgl1_0.speed_kmh,lgl1_0.trip_id,lgl1_0.truck_id,lgl1_0.updated_at from live_gps_locations lgl1_0 where lgl1_0.truck_id=?
Hibernate: update live_gps_locations set driver_id=?,heading=?,latitude=?,longitude=?,speed_kmh=?,trip_id=?,truck_id=?,updated_at=? where id=?
Hibernate: insert into gps_tracking_history (latitude,longitude,recorded_at,speed_kmh,trip_id,truck_id) values (?,?,?,?,?,?)
Hibernate: select lgl1_0.id,lgl1_0.driver_id,lgl1_0.heading,lgl1_0.latitude,lgl1_0.longitude,lgl1_0.speed_kmh,lgl1_0.trip_id,lgl1_0.truck_id,lgl1_0.updated_at from live_gps_locations lgl1_0 where lgl1_0.truck_id=?
Hibernate: update live_gps_locations set driver_id=?,heading=?,latitude=?,longitude=?,speed_kmh=?,trip_id=?,truck_id=?,updated_at=? where id=?
Hibernate: insert into gps_tracking_history (latitude,longitude,recorded_at,speed_kmh,trip_id,truck_id) values (?,?,?,?,?,?)
Hibernate: select lgl1_0.id,lgl1_0.driver_id,lgl1_0.heading,lgl1_0.latitude,lgl1_0.longitude,lgl1_0.speed_kmh,lgl1_0.trip_id,lgl1_0.truck_id,lgl1_0.updated_at from live_gps_locations lgl1_0 where lgl1_0.truck_id=?
Hibernate: update live_gps_locations set driver_id=?,heading=?,latitude=?,longitude=?,speed_kmh=?,trip_id=?,truck_id=?,updated_at=? where id=?
Hibernate: insert into gps_tracking_history (latitude,longitude,recorded_at,speed_kmh,trip_id,truck_id) values (?,?,?,?,?,?)
Hibernate: select lgl1_0.id,lgl1_0.driver_id,lgl1_0.heading,lgl1_0.latitude,lgl1_0.longitude,lgl1_0.speed_kmh,lgl1_0.trip_id,lgl1_0.truck_id,lgl1_0.updated_at from live_gps_locations lgl1_0 where lgl1_0.truck_id=?
Hibernate: update live_gps_locations set driver_id=?,heading=?,latitude=?,longitude=?,speed_kmh=?,trip_id=?,truck_id=?,updated_at=? where id=?
Hibernate: insert into gps_tracking_history (latitude,longitude,recorded_at,speed_kmh,trip_id,truck_id) values (?,?,?,?,?,?)
2026-08-01T06:31:06.762+05:30  INFO 39496 --- [GPS-SERVICE] [rap-executor-%d] c.n.d.s.r.aws.ConfigClusterResolver      : Resolving eureka endpoints via configuration
Hibernate: select lgl1_0.id,lgl1_0.driver_id,lgl1_0.heading,lgl1_0.latitude,lgl1_0.longitude,lgl1_0.speed_kmh,lgl1_0.trip_id,lgl1_0.truck_id,lgl1_0.updated_at from live_gps_locations lgl1_0 where lgl1_0.truck_id=?
Hibernate: update live_gps_locations set driver_id=?,heading=?,latitude=?,longitude=?,speed_kmh=?,trip_id=?,truck_id=?,updated_at=? where id=?
Hibernate: insert into gps_tracking_history (latitude,longitude,recorded_at,speed_kmh,trip_id,truck_id) values (?,?,?,?,?,?)
Hibernate: select lgl1_0.id,lgl1_0.driver_id,lgl1_0.heading,lgl1_0.latitude,lgl1_0.longitude,lgl1_0.speed_kmh,lgl1_0.trip_id,lgl1_0.truck_id,lgl1_0.updated_at from live_gps_locations lgl1_0 where lgl1_0.truck_id in (?)
Hibernate: select lgl1_0.id,lgl1_0.driver_id,lgl1_0.heading,lgl1_0.latitude,lgl1_0.longitude,lgl1_0.speed_kmh,lgl1_0.trip_id,lgl1_0.truck_id,lgl1_0.updated_at from live_gps_locations lgl1_0 where lgl1_0.truck_id in (?)
Hibernate: select lgl1_0.id,lgl1_0.driver_id,lgl1_0.heading,lgl1_0.latitude,lgl1_0.longitude,lgl1_0.speed_kmh,lgl1_0.trip_id,lgl1_0.truck_id,lgl1_0.updated_at from live_gps_locations lgl1_0 where lgl1_0.truck_id in (?)
Hibernate: select lgl1_0.id,lgl1_0.driver_id,lgl1_0.heading,lgl1_0.latitude,lgl1_0.longitude,lgl1_0.speed_kmh,lgl1_0.trip_id,lgl1_0.truck_id,lgl1_0.updated_at from live_gps_locations lgl1_0 where lgl1_0.truck_id=?
Hibernate: update live_gps_locations set driver_id=?,heading=?,latitude=?,longitude=?,speed_kmh=?,trip_id=?,truck_id=?,updated_at=? where id=?
Hibernate: insert into gps_tracking_history (latitude,longitude,recorded_at,speed_kmh,trip_id,truck_id) values (?,?,?,?,?,?)
Hibernate: select lgl1_0.id,lgl1_0.driver_id,lgl1_0.heading,lgl1_0.latitude,lgl1_0.longitude,lgl1_0.speed_kmh,lgl1_0.trip_id,lgl1_0.truck_id,lgl1_0.updated_at from live_gps_locations lgl1_0 where lgl1_0.truck_id in (?)
Hibernate: select lgl1_0.id,lgl1_0.driver_id,lgl1_0.heading,lgl1_0.latitude,lgl1_0.longitude,lgl1_0.speed_kmh,lgl1_0.trip_id,lgl1_0.truck_id,lgl1_0.updated_at from live_gps_locations lgl1_0 where lgl1_0.truck_id in (?)
Hibernate: select lgl1_0.id,lgl1_0.driver_id,lgl1_0.heading,lgl1_0.latitude,lgl1_0.longitude,lgl1_0.speed_kmh,lgl1_0.trip_id,lgl1_0.truck_id,lgl1_0.updated_at from live_gps_locations lgl1_0 where lgl1_0.truck_id=?
Hibernate: update live_gps_locations set driver_id=?,heading=?,latitude=?,longitude=?,speed_kmh=?,trip_id=?,truck_id=?,updated_at=? where id=?
Hibernate: insert into gps_tracking_history (latitude,longitude,recorded_at,speed_kmh,trip_id,truck_id) values (?,?,?,?,?,?)
Hibernate: select lgl1_0.id,lgl1_0.driver_id,lgl1_0.heading,lgl1_0.latitude,lgl1_0.longitude,lgl1_0.speed_kmh,lgl1_0.trip_id,lgl1_0.truck_id,lgl1_0.updated_at from live_gps_locations lgl1_0 where lgl1_0.truck_id=?
Hibernate: update live_gps_locations set driver_id=?,heading=?,latitude=?,longitude=?,speed_kmh=?,trip_id=?,truck_id=?,updated_at=? where id=?
Hibernate: insert into gps_tracking_history (latitude,longitude,recorded_at,speed_kmh,trip_id,truck_id) values (?,?,?,?,?,?)
Hibernate: select lgl1_0.id,lgl1_0.driver_id,lgl1_0.heading,lgl1_0.latitude,lgl1_0.longitude,lgl1_0.speed_kmh,lgl1_0.trip_id,lgl1_0.truck_id,lgl1_0.updated_at from live_gps_locations lgl1_0 where lgl1_0.truck_id=?
Hibernate: update live_gps_locations set driver_id=?,heading=?,latitude=?,longitude=?,speed_kmh=?,trip_id=?,truck_id=?,updated_at=? where id=?
Hibernate: insert into gps_tracking_history (latitude,longitude,recorded_at,speed_kmh,trip_id,truck_id) values (?,?,?,?,?,?)
2026-08-01T06:36:06.763+05:30  INFO 39496 --- [GPS-SERVICE] [rap-executor-%d] c.n.d.s.r.aws.ConfigClusterResolver      : Resolving eureka endpoints via configuration
Hibernate: select lgl1_0.id,lgl1_0.driver_id,lgl1_0.heading,lgl1_0.latitude,lgl1_0.longitude,lgl1_0.speed_kmh,lgl1_0.trip_id,lgl1_0.truck_id,lgl1_0.updated_at from live_gps_locations lgl1_0 where lgl1_0.truck_id=?
Hibernate: update live_gps_locations set driver_id=?,heading=?,latitude=?,longitude=?,speed_kmh=?,trip_id=?,truck_id=?,updated_at=? where id=?
Hibernate: insert into gps_tracking_history (latitude,longitude,recorded_at,speed_kmh,trip_id,truck_id) values (?,?,?,?,?,?)
Hibernate: select lgl1_0.id,lgl1_0.driver_id,lgl1_0.heading,lgl1_0.latitude,lgl1_0.longitude,lgl1_0.speed_kmh,lgl1_0.trip_id,lgl1_0.truck_id,lgl1_0.updated_at from live_gps_locations lgl1_0 where lgl1_0.truck_id=?
Hibernate: update live_gps_locations set driver_id=?,heading=?,latitude=?,longitude=?,speed_kmh=?,trip_id=?,truck_id=?,updated_at=? where id=?
Hibernate: insert into gps_tracking_history (latitude,longitude,recorded_at,speed_kmh,trip_id,truck_id) values (?,?,?,?,?,?)
Hibernate: select lgl1_0.id,lgl1_0.driver_id,lgl1_0.heading,lgl1_0.latitude,lgl1_0.longitude,lgl1_0.speed_kmh,lgl1_0.trip_id,lgl1_0.truck_id,lgl1_0.updated_at from live_gps_locations lgl1_0 where lgl1_0.truck_id=?
Hibernate: update live_gps_locations set driver_id=?,heading=?,latitude=?,longitude=?,speed_kmh=?,trip_id=?,truck_id=?,updated_at=? where id=?
Hibernate: insert into gps_tracking_history (latitude,longitude,recorded_at,speed_kmh,trip_id,truck_id) values (?,?,?,?,?,?)
Hibernate: select lgl1_0.id,lgl1_0.driver_id,lgl1_0.heading,lgl1_0.latitude,lgl1_0.longitude,lgl1_0.speed_kmh,lgl1_0.trip_id,lgl1_0.truck_id,lgl1_0.updated_at from live_gps_locations lgl1_0 where lgl1_0.truck_id=?
Hibernate: update live_gps_locations set driver_id=?,heading=?,latitude=?,longitude=?,speed_kmh=?,trip_id=?,truck_id=?,updated_at=? where id=?
Hibernate: insert into gps_tracking_history (latitude,longitude,recorded_at,speed_kmh,trip_id,truck_id) values (?,?,?,?,?,?)
Hibernate: select lgl1_0.id,lgl1_0.driver_id,lgl1_0.heading,lgl1_0.latitude,lgl1_0.longitude,lgl1_0.speed_kmh,lgl1_0.trip_id,lgl1_0.truck_id,lgl1_0.updated_at from live_gps_locations lgl1_0 where lgl1_0.truck_id=?
Hibernate: update live_gps_locations set driver_id=?,heading=?,latitude=?,longitude=?,speed_kmh=?,trip_id=?,truck_id=?,updated_at=? where id=?
Hibernate: insert into gps_tracking_history (latitude,longitude,recorded_at,speed_kmh,trip_id,truck_id) values (?,?,?,?,?,?)
2026-08-01T06:41:06.764+05:30  INFO 39496 --- [GPS-SERVICE] [rap-executor-%d] c.n.d.s.r.aws.ConfigClusterResolver      : Resolving eureka endpoints via configuration
Hibernate: select lgl1_0.id,lgl1_0.driver_id,lgl1_0.heading,lgl1_0.latitude,lgl1_0.longitude,lgl1_0.speed_kmh,lgl1_0.trip_id,lgl1_0.truck_id,lgl1_0.updated_at from live_gps_locations lgl1_0 where lgl1_0.truck_id=?
Hibernate: update live_gps_locations set driver_id=?,heading=?,latitude=?,longitude=?,speed_kmh=?,trip_id=?,truck_id=?,updated_at=? where id=?
Hibernate: insert into gps_tracking_history (latitude,longitude,recorded_at,speed_kmh,trip_id,truck_id) values (?,?,?,?,?,?)
Hibernate: select lgl1_0.id,lgl1_0.driver_id,lgl1_0.heading,lgl1_0.latitude,lgl1_0.longitude,lgl1_0.speed_kmh,lgl1_0.trip_id,lgl1_0.truck_id,lgl1_0.updated_at from live_gps_locations lgl1_0 where lgl1_0.truck_id=?
Hibernate: update live_gps_locations set driver_id=?,heading=?,latitude=?,longitude=?,speed_kmh=?,trip_id=?,truck_id=?,updated_at=? where id=?
Hibernate: insert into gps_tracking_history (latitude,longitude,recorded_at,speed_kmh,trip_id,truck_id) values (?,?,?,?,?,?)
Hibernate: select lgl1_0.id,lgl1_0.driver_id,lgl1_0.heading,lgl1_0.latitude,lgl1_0.longitude,lgl1_0.speed_kmh,lgl1_0.trip_id,lgl1_0.truck_id,lgl1_0.updated_at from live_gps_locations lgl1_0 where lgl1_0.truck_id=?
Hibernate: update live_gps_locations set driver_id=?,heading=?,latitude=?,longitude=?,speed_kmh=?,trip_id=?,truck_id=?,updated_at=? where id=?
Hibernate: insert into gps_tracking_history (latitude,longitude,recorded_at,speed_kmh,trip_id,truck_id) values (?,?,?,?,?,?)
Hibernate: select lgl1_0.id,lgl1_0.driver_id,lgl1_0.heading,lgl1_0.latitude,lgl1_0.longitude,lgl1_0.speed_kmh,lgl1_0.trip_id,lgl1_0.truck_id,lgl1_0.updated_at from live_gps_locations lgl1_0 where lgl1_0.truck_id=?
Hibernate: update live_gps_locations set driver_id=?,heading=?,latitude=?,longitude=?,speed_kmh=?,trip_id=?,truck_id=?,updated_at=? where id=?
Hibernate: insert into gps_tracking_history (latitude,longitude,recorded_at,speed_kmh,trip_id,truck_id) values (?,?,?,?,?,?)
Hibernate: select lgl1_0.id,lgl1_0.driver_id,lgl1_0.heading,lgl1_0.latitude,lgl1_0.longitude,lgl1_0.speed_kmh,lgl1_0.trip_id,lgl1_0.truck_id,lgl1_0.updated_at from live_gps_locations lgl1_0 where lgl1_0.truck_id=?
Hibernate: update live_gps_locations set driver_id=?,heading=?,latitude=?,longitude=?,speed_kmh=?,trip_id=?,truck_id=?,updated_at=? where id=?
Hibernate: insert into gps_tracking_history (latitude,longitude,recorded_at,speed_kmh,trip_id,truck_id) values (?,?,?,?,?,?)
Hibernate: select lgl1_0.id,lgl1_0.driver_id,lgl1_0.heading,lgl1_0.latitude,lgl1_0.longitude,lgl1_0.speed_kmh,lgl1_0.trip_id,lgl1_0.truck_id,lgl1_0.updated_at from live_gps_locations lgl1_0 where lgl1_0.truck_id=?
Hibernate: update live_gps_locations set driver_id=?,heading=?,latitude=?,longitude=?,speed_kmh=?,trip_id=?,truck_id=?,updated_at=? where id=?
Hibernate: insert into gps_tracking_history (latitude,longitude,recorded_at,speed_kmh,trip_id,truck_id) values (?,?,?,?,?,?)
2026-08-01T06:46:06.766+05:30  INFO 39496 --- [GPS-SERVICE] [rap-executor-%d] c.n.d.s.r.aws.ConfigClusterResolver      : Resolving eureka endpoints via configuration
2026-08-01T06:51:06.767+05:30  INFO 39496 --- [GPS-SERVICE] [rap-executor-%d] c.n.d.s.r.aws.ConfigClusterResolver      : Resolving eureka endpoints via configuration
2026-08-01T06:56:06.769+05:30  INFO 39496 --- [GPS-SERVICE] [rap-executor-%d] c.n.d.s.r.aws.ConfigClusterResolver      : Resolving eureka endpoints via configuration
2026-08-01T07:01:06.771+05:30  INFO 39496 --- [GPS-SERVICE] [rap-executor-%d] c.n.d.s.r.aws.ConfigClusterResolver      : Resolving eureka endpoints via configuration
2026-08-01T07:06:06.772+05:30  INFO 39496 --- [GPS-SERVICE] [rap-executor-%d] c.n.d.s.r.aws.ConfigClusterResolver      : Resolving eureka endpoints via configuration
2026-08-01T07:11:06.784+05:30  INFO 39496 --- [GPS-SERVICE] [rap-executor-%d] c.n.d.s.r.aws.ConfigClusterResolver      : Resolving eureka endpoints via configuration
2026-08-01T07:16:06.801+05:30  INFO 39496 --- [GPS-SERVICE] [rap-executor-%d] c.n.d.s.r.aws.ConfigClusterResolver      : Resolving eureka endpoints via configuration
2026-08-01T07:21:06.810+05:30  INFO 39496 --- [GPS-SERVICE] [rap-executor-%d] c.n.d.s.r.aws.ConfigClusterResolver      : Resolving eureka endpoints via configuration
